<?xml version="1.0"?>
<link_info>
   <banner>TMS320C2000 Linker PC v16.9.1.LTS</banner>
   <copyright>Copyright (c) 1996-2015 Texas Instruments Incorporated</copyright>
   <link_time>0x63dfa252</link_time>
   <link_errors>0x0</link_errors>
   <output_file>Charger4w.out</output_file>
   <entry_point>
      <name>_c_int00</name>
      <address>0x339327</address>
   </entry_point>
   <input_file_list>
      <input_file id="fl-4">
         <path>.\</path>
         <kind>object</kind>
         <file>ADC_Setup.obj</file>
         <name>ADC_Setup.obj</name>
      </input_file>
      <input_file id="fl-5">
         <path>.\</path>
         <kind>object</kind>
         <file>CNTL_2P2Z_F.obj</file>
         <name>CNTL_2P2Z_F.obj</name>
      </input_file>
      <input_file id="fl-6">
         <path>.\</path>
         <kind>object</kind>
         <file>CNTL_PI_F.obj</file>
         <name>CNTL_PI_F.obj</name>
      </input_file>
      <input_file id="fl-7">
         <path>.\</path>
         <kind>object</kind>
         <file>DLOG_4CH_F.obj</file>
         <name>DLOG_4CH_F.obj</name>
      </input_file>
      <input_file id="fl-8">
         <path>.\</path>
         <kind>object</kind>
         <file>DSP2833x_ADC_cal.obj</file>
         <name>DSP2833x_ADC_cal.obj</name>
      </input_file>
      <input_file id="fl-9">
         <path>.\</path>
         <kind>object</kind>
         <file>DSP2833x_CodeStartBranch.obj</file>
         <name>DSP2833x_CodeStartBranch.obj</name>
      </input_file>
      <input_file id="fl-a">
         <path>.\</path>
         <kind>object</kind>
         <file>DSP2833x_CpuTimers.obj</file>
         <name>DSP2833x_CpuTimers.obj</name>
      </input_file>
      <input_file id="fl-b">
         <path>.\</path>
         <kind>object</kind>
         <file>DSP2833x_DefaultIsr.obj</file>
         <name>DSP2833x_DefaultIsr.obj</name>
      </input_file>
      <input_file id="fl-c">
         <path>.\</path>
         <kind>object</kind>
         <file>DSP2833x_GlobalVariableDefs.obj</file>
         <name>DSP2833x_GlobalVariableDefs.obj</name>
      </input_file>
      <input_file id="fl-d">
         <path>.\</path>
         <kind>object</kind>
         <file>DSP2833x_PieCtrl.obj</file>
         <name>DSP2833x_PieCtrl.obj</name>
      </input_file>
      <input_file id="fl-e">
         <path>.\</path>
         <kind>object</kind>
         <file>DSP2833x_PieVect.obj</file>
         <name>DSP2833x_PieVect.obj</name>
      </input_file>
      <input_file id="fl-f">
         <path>.\</path>
         <kind>object</kind>
         <file>DSP2833x_usDelay.obj</file>
         <name>DSP2833x_usDelay.obj</name>
      </input_file>
      <input_file id="fl-10">
         <path>.\</path>
         <kind>object</kind>
         <file>IO_Setup.obj</file>
         <name>IO_Setup.obj</name>
      </input_file>
      <input_file id="fl-11">
         <path>.\</path>
         <kind>object</kind>
         <file>PWM_Setup.obj</file>
         <name>PWM_Setup.obj</name>
      </input_file>
      <input_file id="fl-12">
         <path>.\</path>
         <kind>object</kind>
         <file>Rectifier-DevInit.obj</file>
         <name>Rectifier-DevInit.obj</name>
      </input_file>
      <input_file id="fl-13">
         <path>.\</path>
         <kind>object</kind>
         <file>Rectifier-Main.obj</file>
         <name>Rectifier-Main.obj</name>
      </input_file>
      <input_file id="fl-14">
         <path>.\</path>
         <kind>object</kind>
         <file>SINEANALYZER_DIFF_wPWR_F.obj</file>
         <name>SINEANALYZER_DIFF_wPWR_F.obj</name>
      </input_file>
      <input_file id="fl-15">
         <path>.\</path>
         <kind>object</kind>
         <file>SPLL_1ph_SOGI_F.obj</file>
         <name>SPLL_1ph_SOGI_F.obj</name>
      </input_file>
      <input_file id="fl-16">
         <path>.\</path>
         <kind>object</kind>
         <file>UPS_Config.obj</file>
         <name>UPS_Config.obj</name>
      </input_file>
      <input_file id="fl-17">
         <path>.\</path>
         <kind>object</kind>
         <file>iCLARKE_F.obj</file>
         <name>iCLARKE_F.obj</name>
      </input_file>
      <input_file id="fl-18">
         <path>.\</path>
         <kind>object</kind>
         <file>iPARK_F.obj</file>
         <name>iPARK_F.obj</name>
      </input_file>
      <input_file id="fl-19">
         <path>.\</path>
         <kind>object</kind>
         <file>modbus-rtu.obj</file>
         <name>modbus-rtu.obj</name>
      </input_file>
      <input_file id="fl-21">
         <path>D:\AMirza\UPS30-120\WSP\Charger120KVA\</path>
         <kind>archive</kind>
         <file>rts2800_fpu32_fast_supplement.lib</file>
         <name>div_f32.obj</name>
      </input_file>
      <input_file id="fl-22">
         <path>D:\ti\ccsv7\tools\compiler\ti-cgt-c2000_16.9.1.LTS\lib\</path>
         <kind>archive</kind>
         <file>rts2800_fpu32.lib</file>
         <name>boot28.obj</name>
      </input_file>
      <input_file id="fl-23">
         <path>D:\ti\ccsv7\tools\compiler\ti-cgt-c2000_16.9.1.LTS\lib\</path>
         <kind>archive</kind>
         <file>rts2800_fpu32.lib</file>
         <name>args_main.obj</name>
      </input_file>
      <input_file id="fl-24">
         <path>D:\ti\ccsv7\tools\compiler\ti-cgt-c2000_16.9.1.LTS\lib\</path>
         <kind>archive</kind>
         <file>rts2800_fpu32.lib</file>
         <name>startup.obj</name>
      </input_file>
      <input_file id="fl-25">
         <path>D:\ti\ccsv7\tools\compiler\ti-cgt-c2000_16.9.1.LTS\lib\</path>
         <kind>archive</kind>
         <file>rts2800_fpu32.lib</file>
         <name>pre_init.obj</name>
      </input_file>
      <input_file id="fl-26">
         <path>D:\ti\ccsv7\tools\compiler\ti-cgt-c2000_16.9.1.LTS\lib\</path>
         <kind>archive</kind>
         <file>rts2800_fpu32.lib</file>
         <name>cpy_tbl.obj</name>
      </input_file>
      <input_file id="fl-27">
         <path>D:\AMirza\UPS30-120\WSP\Charger120KVA\</path>
         <kind>archive</kind>
         <file>rts2800_fpu32_fast_supplement.lib</file>
         <name>cos_f32.obj</name>
      </input_file>
      <input_file id="fl-28">
         <path>D:\AMirza\UPS30-120\WSP\Charger120KVA\</path>
         <kind>archive</kind>
         <file>rts2800_fpu32_fast_supplement.lib</file>
         <name>FPUmathTables.obj</name>
      </input_file>
      <input_file id="fl-29">
         <path>D:\ti\ccsv7\tools\compiler\ti-cgt-c2000_16.9.1.LTS\lib\</path>
         <kind>archive</kind>
         <file>rts2800_fpu32.lib</file>
         <name>exit.obj</name>
      </input_file>
      <input_file id="fl-2a">
         <path>D:\ti\ccsv7\tools\compiler\ti-cgt-c2000_16.9.1.LTS\lib\</path>
         <kind>archive</kind>
         <file>rts2800_fpu32.lib</file>
         <name>_lock.obj</name>
      </input_file>
      <input_file id="fl-2b">
         <path>D:\ti\ccsv7\tools\compiler\ti-cgt-c2000_16.9.1.LTS\lib\</path>
         <kind>archive</kind>
         <file>rts2800_fpu32.lib</file>
         <name>memcpy.obj</name>
      </input_file>
      <input_file id="fl-2c">
         <path>D:\AMirza\UPS30-120\WSP\Charger120KVA\</path>
         <kind>archive</kind>
         <file>rts2800_fpu32_fast_supplement.lib</file>
         <name>sin_f32.obj</name>
      </input_file>
      <input_file id="fl-2d">
         <path>D:\AMirza\UPS30-120\WSP\Charger120KVA\</path>
         <kind>archive</kind>
         <file>rts2800_fpu32_fast_supplement.lib</file>
         <name>sqrt_f32.obj</name>
      </input_file>
   </input_file_list>
   <object_component_list>
      <object_component id="oc-b5">
         <name>PieVectTableFile</name>
         <uninitialized>true</uninitialized>
         <run_address>0xd00</run_address>
         <size>0x100</size>
         <input_file_ref idref="fl-c"/>
      </object_component>
      <object_component id="oc-b1">
         <name>DevEmuRegsFile</name>
         <uninitialized>true</uninitialized>
         <run_address>0x880</run_address>
         <size>0xd0</size>
         <input_file_ref idref="fl-c"/>
      </object_component>
      <object_component id="oc-87">
         <name>FlashRegsFile</name>
         <uninitialized>true</uninitialized>
         <run_address>0xa80</run_address>
         <size>0x8</size>
         <input_file_ref idref="fl-c"/>
      </object_component>
      <object_component id="oc-8f">
         <name>CsmRegsFile</name>
         <uninitialized>true</uninitialized>
         <run_address>0xae0</run_address>
         <size>0x10</size>
         <input_file_ref idref="fl-c"/>
      </object_component>
      <object_component id="oc-90">
         <name>AdcMirrorFile</name>
         <uninitialized>true</uninitialized>
         <run_address>0xb00</run_address>
         <size>0x10</size>
         <input_file_ref idref="fl-c"/>
      </object_component>
      <object_component id="oc-94">
         <name>XintfRegsFile</name>
         <uninitialized>true</uninitialized>
         <run_address>0xb20</run_address>
         <size>0x1e</size>
         <input_file_ref idref="fl-c"/>
      </object_component>
      <object_component id="oc-88">
         <name>CpuTimer0RegsFile</name>
         <uninitialized>true</uninitialized>
         <run_address>0xc00</run_address>
         <size>0x8</size>
         <input_file_ref idref="fl-c"/>
      </object_component>
      <object_component id="oc-89">
         <name>CpuTimer1RegsFile</name>
         <uninitialized>true</uninitialized>
         <run_address>0xc08</run_address>
         <size>0x8</size>
         <input_file_ref idref="fl-c"/>
      </object_component>
      <object_component id="oc-85">
         <name>CpuTimer2RegsFile</name>
         <uninitialized>true</uninitialized>
         <run_address>0xc10</run_address>
         <size>0x8</size>
         <input_file_ref idref="fl-c"/>
      </object_component>
      <object_component id="oc-92">
         <name>PieCtrlRegsFile</name>
         <uninitialized>true</uninitialized>
         <run_address>0xce0</run_address>
         <size>0x1a</size>
         <input_file_ref idref="fl-c"/>
      </object_component>
      <object_component id="oc-b2">
         <name>DmaRegsFile</name>
         <uninitialized>true</uninitialized>
         <run_address>0x1000</run_address>
         <size>0xe0</size>
         <input_file_ref idref="fl-c"/>
      </object_component>
      <object_component id="oc-a5">
         <name>McbspaRegsFile</name>
         <uninitialized>true</uninitialized>
         <run_address>0x5000</run_address>
         <size>0x25</size>
         <input_file_ref idref="fl-c"/>
      </object_component>
      <object_component id="oc-a4">
         <name>McbspbRegsFile</name>
         <uninitialized>true</uninitialized>
         <run_address>0x5040</run_address>
         <size>0x25</size>
         <input_file_ref idref="fl-c"/>
      </object_component>
      <object_component id="oc-a7">
         <name>ECanaRegsFile</name>
         <uninitialized>true</uninitialized>
         <run_address>0x6000</run_address>
         <size>0x34</size>
         <input_file_ref idref="fl-c"/>
      </object_component>
      <object_component id="oc-ab">
         <name>ECanaLAMRegsFile</name>
         <uninitialized>true</uninitialized>
         <run_address>0x6040</run_address>
         <size>0x40</size>
         <input_file_ref idref="fl-c"/>
      </object_component>
      <object_component id="oc-b4">
         <name>ECanaMboxesFile</name>
         <uninitialized>true</uninitialized>
         <run_address>0x6100</run_address>
         <size>0x100</size>
         <input_file_ref idref="fl-c"/>
      </object_component>
      <object_component id="oc-ac">
         <name>ECanaMOTSRegsFile</name>
         <uninitialized>true</uninitialized>
         <run_address>0x6080</run_address>
         <size>0x40</size>
         <input_file_ref idref="fl-c"/>
      </object_component>
      <object_component id="oc-a9">
         <name>ECanaMOTORegsFile</name>
         <uninitialized>true</uninitialized>
         <run_address>0x60c0</run_address>
         <size>0x40</size>
         <input_file_ref idref="fl-c"/>
      </object_component>
      <object_component id="oc-a8">
         <name>ECanbRegsFile</name>
         <uninitialized>true</uninitialized>
         <run_address>0x6200</run_address>
         <size>0x34</size>
         <input_file_ref idref="fl-c"/>
      </object_component>
      <object_component id="oc-b0">
         <name>ECanbLAMRegsFile</name>
         <uninitialized>true</uninitialized>
         <run_address>0x6240</run_address>
         <size>0x40</size>
         <input_file_ref idref="fl-c"/>
      </object_component>
      <object_component id="oc-b3">
         <name>ECanbMboxesFile</name>
         <uninitialized>true</uninitialized>
         <run_address>0x6300</run_address>
         <size>0x100</size>
         <input_file_ref idref="fl-c"/>
      </object_component>
      <object_component id="oc-aa">
         <name>ECanbMOTSRegsFile</name>
         <uninitialized>true</uninitialized>
         <run_address>0x6280</run_address>
         <size>0x40</size>
         <input_file_ref idref="fl-c"/>
      </object_component>
      <object_component id="oc-ad">
         <name>ECanbMOTORegsFile</name>
         <uninitialized>true</uninitialized>
         <run_address>0x62c0</run_address>
         <size>0x40</size>
         <input_file_ref idref="fl-c"/>
      </object_component>
      <object_component id="oc-a2">
         <name>EPwm1RegsFile</name>
         <uninitialized>true</uninitialized>
         <run_address>0x6800</run_address>
         <size>0x22</size>
         <input_file_ref idref="fl-c"/>
      </object_component>
      <object_component id="oc-9d">
         <name>EPwm2RegsFile</name>
         <uninitialized>true</uninitialized>
         <run_address>0x6840</run_address>
         <size>0x22</size>
         <input_file_ref idref="fl-c"/>
      </object_component>
      <object_component id="oc-9e">
         <name>EPwm3RegsFile</name>
         <uninitialized>true</uninitialized>
         <run_address>0x6880</run_address>
         <size>0x22</size>
         <input_file_ref idref="fl-c"/>
      </object_component>
      <object_component id="oc-a3">
         <name>EPwm4RegsFile</name>
         <uninitialized>true</uninitialized>
         <run_address>0x68c0</run_address>
         <size>0x22</size>
         <input_file_ref idref="fl-c"/>
      </object_component>
      <object_component id="oc-a0">
         <name>EPwm5RegsFile</name>
         <uninitialized>true</uninitialized>
         <run_address>0x6900</run_address>
         <size>0x22</size>
         <input_file_ref idref="fl-c"/>
      </object_component>
      <object_component id="oc-a1">
         <name>EPwm6RegsFile</name>
         <uninitialized>true</uninitialized>
         <run_address>0x6940</run_address>
         <size>0x22</size>
         <input_file_ref idref="fl-c"/>
      </object_component>
      <object_component id="oc-97">
         <name>ECap1RegsFile</name>
         <uninitialized>true</uninitialized>
         <run_address>0x6a00</run_address>
         <size>0x20</size>
         <input_file_ref idref="fl-c"/>
      </object_component>
      <object_component id="oc-98">
         <name>ECap2RegsFile</name>
         <uninitialized>true</uninitialized>
         <run_address>0x6a20</run_address>
         <size>0x20</size>
         <input_file_ref idref="fl-c"/>
      </object_component>
      <object_component id="oc-95">
         <name>ECap3RegsFile</name>
         <uninitialized>true</uninitialized>
         <run_address>0x6a40</run_address>
         <size>0x20</size>
         <input_file_ref idref="fl-c"/>
      </object_component>
      <object_component id="oc-96">
         <name>ECap4RegsFile</name>
         <uninitialized>true</uninitialized>
         <run_address>0x6a60</run_address>
         <size>0x20</size>
         <input_file_ref idref="fl-c"/>
      </object_component>
      <object_component id="oc-9b">
         <name>ECap5RegsFile</name>
         <uninitialized>true</uninitialized>
         <run_address>0x6a80</run_address>
         <size>0x20</size>
         <input_file_ref idref="fl-c"/>
      </object_component>
      <object_component id="oc-9c">
         <name>ECap6RegsFile</name>
         <uninitialized>true</uninitialized>
         <run_address>0x6aa0</run_address>
         <size>0x20</size>
         <input_file_ref idref="fl-c"/>
      </object_component>
      <object_component id="oc-ae">
         <name>EQep1RegsFile</name>
         <uninitialized>true</uninitialized>
         <run_address>0x6b00</run_address>
         <size>0x40</size>
         <input_file_ref idref="fl-c"/>
      </object_component>
      <object_component id="oc-af">
         <name>EQep2RegsFile</name>
         <uninitialized>true</uninitialized>
         <run_address>0x6b40</run_address>
         <size>0x40</size>
         <input_file_ref idref="fl-c"/>
      </object_component>
      <object_component id="oc-a6">
         <name>GpioCtrlRegsFile</name>
         <uninitialized>true</uninitialized>
         <run_address>0x6f80</run_address>
         <size>0x2e</size>
         <input_file_ref idref="fl-c"/>
      </object_component>
      <object_component id="oc-99">
         <name>GpioDataRegsFile</name>
         <uninitialized>true</uninitialized>
         <run_address>0x6fc0</run_address>
         <size>0x20</size>
         <input_file_ref idref="fl-c"/>
      </object_component>
      <object_component id="oc-8a">
         <name>GpioIntRegsFile</name>
         <uninitialized>true</uninitialized>
         <run_address>0x6fe0</run_address>
         <size>0xa</size>
         <input_file_ref idref="fl-c"/>
      </object_component>
      <object_component id="oc-9a">
         <name>SysCtrlRegsFile</name>
         <uninitialized>true</uninitialized>
         <run_address>0x7010</run_address>
         <size>0x20</size>
         <input_file_ref idref="fl-c"/>
      </object_component>
      <object_component id="oc-8b">
         <name>SpiaRegsFile</name>
         <uninitialized>true</uninitialized>
         <run_address>0x7040</run_address>
         <size>0x10</size>
         <input_file_ref idref="fl-c"/>
      </object_component>
      <object_component id="oc-8e">
         <name>SciaRegsFile</name>
         <uninitialized>true</uninitialized>
         <run_address>0x7050</run_address>
         <size>0x10</size>
         <input_file_ref idref="fl-c"/>
      </object_component>
      <object_component id="oc-91">
         <name>XIntruptRegsFile</name>
         <uninitialized>true</uninitialized>
         <run_address>0x7070</run_address>
         <size>0x10</size>
         <input_file_ref idref="fl-c"/>
      </object_component>
      <object_component id="oc-93">
         <name>AdcRegsFile</name>
         <uninitialized>true</uninitialized>
         <run_address>0x7100</run_address>
         <size>0x1e</size>
         <input_file_ref idref="fl-c"/>
      </object_component>
      <object_component id="oc-8c">
         <name>ScibRegsFile</name>
         <uninitialized>true</uninitialized>
         <run_address>0x7750</run_address>
         <size>0x10</size>
         <input_file_ref idref="fl-c"/>
      </object_component>
      <object_component id="oc-8d">
         <name>ScicRegsFile</name>
         <uninitialized>true</uninitialized>
         <run_address>0x7770</run_address>
         <size>0x10</size>
         <input_file_ref idref="fl-c"/>
      </object_component>
      <object_component id="oc-9f">
         <name>I2caRegsFile</name>
         <uninitialized>true</uninitialized>
         <run_address>0x7900</run_address>
         <size>0x22</size>
         <input_file_ref idref="fl-c"/>
      </object_component>
      <object_component id="oc-86">
         <name>CsmPwlFile</name>
         <uninitialized>true</uninitialized>
         <run_address>0x33fff8</run_address>
         <size>0x8</size>
         <input_file_ref idref="fl-c"/>
      </object_component>
      <object_component id="oc-84">
         <name>PartIdRegsFile</name>
         <uninitialized>true</uninitialized>
         <run_address>0x380090</run_address>
         <size>0x1</size>
         <input_file_ref idref="fl-c"/>
      </object_component>
      <object_component id="oc-d6">
         <name>.cinit</name>
         <load_address>0x3395f4</load_address>
         <run_address>0x3395f4</run_address>
         <size>0x19c</size>
         <input_file_ref idref="fl-13"/>
      </object_component>
      <object_component id="oc-124">
         <name>.cinit</name>
         <load_address>0x339790</load_address>
         <run_address>0x339790</run_address>
         <size>0xe</size>
         <input_file_ref idref="fl-29"/>
      </object_component>
      <object_component id="oc-14c">
         <name>.cinit:__lock</name>
         <load_address>0x33979e</load_address>
         <run_address>0x33979e</run_address>
         <size>0x5</size>
         <input_file_ref idref="fl-2a"/>
      </object_component>
      <object_component id="oc-159">
         <name>.cinit:__unlock</name>
         <load_address>0x3397a3</load_address>
         <run_address>0x3397a3</run_address>
         <size>0x5</size>
         <input_file_ref idref="fl-2a"/>
      </object_component>
      <object_component id="oc-f8">
         <name>.cinit</name>
         <load_address>0x3397a8</load_address>
         <run_address>0x3397a8</run_address>
         <size>0x4</size>
         <input_file_ref idref="fl-19"/>
      </object_component>
      <object_component id="oc-141">
         <name>.text</name>
         <load_address>0x338000</load_address>
         <run_address>0x338000</run_address>
         <size>0x7bb</size>
         <input_file_ref idref="fl-13"/>
      </object_component>
      <object_component id="oc-7e">
         <name>.text:retain</name>
         <load_address>0x3387bb</load_address>
         <run_address>0x3387bb</run_address>
         <size>0x316</size>
         <input_file_ref idref="fl-b"/>
      </object_component>
      <object_component id="oc-149">
         <name>.text</name>
         <load_address>0x338ad1</load_address>
         <run_address>0x338ad1</run_address>
         <size>0x1af</size>
         <input_file_ref idref="fl-11"/>
      </object_component>
      <object_component id="oc-154">
         <name>.text</name>
         <load_address>0x338c80</load_address>
         <run_address>0x338c80</run_address>
         <size>0x1a1</size>
         <input_file_ref idref="fl-10"/>
      </object_component>
      <object_component id="oc-156">
         <name>.text</name>
         <load_address>0x338e21</load_address>
         <run_address>0x338e21</run_address>
         <size>0x166</size>
         <input_file_ref idref="fl-15"/>
      </object_component>
      <object_component id="oc-14f">
         <name>.text</name>
         <load_address>0x338f87</load_address>
         <run_address>0x338f87</run_address>
         <size>0x15d</size>
         <input_file_ref idref="fl-19"/>
      </object_component>
      <object_component id="oc-14d">
         <name>.text</name>
         <load_address>0x3390e4</load_address>
         <run_address>0x3390e4</run_address>
         <size>0xdf</size>
         <input_file_ref idref="fl-12"/>
      </object_component>
      <object_component id="oc-150">
         <name>.text</name>
         <load_address>0x3391c3</load_address>
         <run_address>0x3391c3</run_address>
         <size>0x8d</size>
         <input_file_ref idref="fl-4"/>
      </object_component>
      <object_component id="oc-155">
         <name>.text</name>
         <load_address>0x339250</load_address>
         <run_address>0x339250</run_address>
         <size>0x7e</size>
         <input_file_ref idref="fl-14"/>
      </object_component>
      <object_component id="oc-157">
         <name>.text</name>
         <load_address>0x3392ce</load_address>
         <run_address>0x3392ce</run_address>
         <size>0x59</size>
         <input_file_ref idref="fl-16"/>
      </object_component>
      <object_component id="oc-57">
         <name>.text</name>
         <load_address>0x339327</load_address>
         <run_address>0x339327</run_address>
         <size>0x56</size>
         <input_file_ref idref="fl-22"/>
      </object_component>
      <object_component id="oc-146">
         <name>.text</name>
         <load_address>0x33937d</load_address>
         <run_address>0x33937d</run_address>
         <size>0x50</size>
         <input_file_ref idref="fl-5"/>
      </object_component>
      <object_component id="oc-15c">
         <name>.text</name>
         <load_address>0x3393cd</load_address>
         <run_address>0x3393cd</run_address>
         <size>0x4f</size>
         <input_file_ref idref="fl-a"/>
      </object_component>
      <object_component id="oc-145">
         <name>.text</name>
         <load_address>0x33941c</load_address>
         <run_address>0x33941c</run_address>
         <size>0x3d</size>
         <input_file_ref idref="fl-6"/>
      </object_component>
      <object_component id="oc-11e">
         <name>.text</name>
         <load_address>0x339459</load_address>
         <run_address>0x339459</run_address>
         <size>0x34</size>
         <input_file_ref idref="fl-27"/>
      </object_component>
      <object_component id="oc-134">
         <name>.text</name>
         <load_address>0x33948d</load_address>
         <run_address>0x33948d</run_address>
         <size>0x34</size>
         <input_file_ref idref="fl-2c"/>
      </object_component>
      <object_component id="oc-140">
         <name>.text</name>
         <load_address>0x3394c1</load_address>
         <run_address>0x3394c1</run_address>
         <size>0x29</size>
         <input_file_ref idref="fl-29"/>
      </object_component>
      <object_component id="oc-15a">
         <name>.text</name>
         <load_address>0x3394ea</load_address>
         <run_address>0x3394ea</run_address>
         <size>0x28</size>
         <input_file_ref idref="fl-d"/>
      </object_component>
      <object_component id="oc-13d">
         <name>.text</name>
         <load_address>0x339512</load_address>
         <run_address>0x339512</run_address>
         <size>0x24</size>
         <input_file_ref idref="fl-26"/>
      </object_component>
      <object_component id="oc-138">
         <name>.text</name>
         <load_address>0x339536</load_address>
         <run_address>0x339536</run_address>
         <size>0x21</size>
         <input_file_ref idref="fl-2d"/>
      </object_component>
      <object_component id="oc-15b">
         <name>.text</name>
         <load_address>0x339557</load_address>
         <run_address>0x339557</run_address>
         <size>0x20</size>
         <input_file_ref idref="fl-e"/>
      </object_component>
      <object_component id="oc-14a">
         <name>.text</name>
         <load_address>0x339577</load_address>
         <run_address>0x339577</run_address>
         <size>0x1e</size>
         <input_file_ref idref="fl-2b"/>
      </object_component>
      <object_component id="oc-fa">
         <name>.text:retain</name>
         <load_address>0x339595</load_address>
         <run_address>0x339595</run_address>
         <size>0x19</size>
         <input_file_ref idref="fl-19"/>
      </object_component>
      <object_component id="oc-13f">
         <name>.text</name>
         <load_address>0x3395ae</load_address>
         <run_address>0x3395ae</run_address>
         <size>0x19</size>
         <input_file_ref idref="fl-23"/>
      </object_component>
      <object_component id="oc-100">
         <name>.text</name>
         <load_address>0x3395c7</load_address>
         <run_address>0x3395c7</run_address>
         <size>0x19</size>
         <input_file_ref idref="fl-21"/>
      </object_component>
      <object_component id="oc-158">
         <name>.text</name>
         <load_address>0x3395e0</load_address>
         <run_address>0x3395e0</run_address>
         <size>0x9</size>
         <input_file_ref idref="fl-2a"/>
      </object_component>
      <object_component id="oc-71">
         <name>.text</name>
         <load_address>0x3395e9</load_address>
         <run_address>0x3395e9</run_address>
         <size>0x8</size>
         <input_file_ref idref="fl-9"/>
      </object_component>
      <object_component id="oc-13c">
         <name>.text</name>
         <load_address>0x3395f1</load_address>
         <run_address>0x3395f1</run_address>
         <size>0x2</size>
         <input_file_ref idref="fl-25"/>
      </object_component>
      <object_component id="oc-13e">
         <name>.text</name>
         <load_address>0x3395f3</load_address>
         <run_address>0x3395f3</run_address>
         <size>0x1</size>
         <input_file_ref idref="fl-24"/>
      </object_component>
      <object_component id="oc-72">
         <name>codestart</name>
         <load_address>0x33fff6</load_address>
         <run_address>0x33fff6</run_address>
         <size>0x2</size>
         <input_file_ref idref="fl-9"/>
      </object_component>
      <object_component id="oc-d8">
         <name>ramfuncs:retain</name>
         <load_address>0x320e82</load_address>
         <run_address>0x8000</run_address>
         <size>0xc32</size>
         <input_file_ref idref="fl-13"/>
      </object_component>
      <object_component id="oc-14e">
         <name>ramfuncs</name>
         <load_address>0x321ab4</load_address>
         <run_address>0x8c32</run_address>
         <size>0x1b</size>
         <input_file_ref idref="fl-12"/>
      </object_component>
      <object_component id="oc-c1">
         <name>ramfuncs</name>
         <load_address>0x321acf</load_address>
         <run_address>0x8c4d</run_address>
         <size>0x4</size>
         <input_file_ref idref="fl-f"/>
      </object_component>
      <object_component id="oc-142">
         <name>ramfuncs2</name>
         <load_address>0x320000</load_address>
         <run_address>0x9000</run_address>
         <size>0x563</size>
         <input_file_ref idref="fl-13"/>
      </object_component>
      <object_component id="oc-151">
         <name>ramfuncs2</name>
         <load_address>0x320563</load_address>
         <run_address>0x9563</run_address>
         <size>0x375</size>
         <input_file_ref idref="fl-19"/>
      </object_component>
      <object_component id="oc-143">
         <name>ramfuncs2</name>
         <load_address>0x3208d8</load_address>
         <run_address>0x98d8</run_address>
         <size>0x239</size>
         <input_file_ref idref="fl-15"/>
      </object_component>
      <object_component id="oc-144">
         <name>ramfuncs2</name>
         <load_address>0x320b11</load_address>
         <run_address>0x9b11</run_address>
         <size>0x1aa</size>
         <input_file_ref idref="fl-14"/>
      </object_component>
      <object_component id="oc-148">
         <name>ramfuncs2</name>
         <load_address>0x320cbb</load_address>
         <run_address>0x9cbb</run_address>
         <size>0xb4</size>
         <input_file_ref idref="fl-5"/>
      </object_component>
      <object_component id="oc-fb">
         <name>ramfuncs2:retain</name>
         <load_address>0x320d6f</load_address>
         <run_address>0x9d6f</run_address>
         <size>0x8d</size>
         <input_file_ref idref="fl-19"/>
      </object_component>
      <object_component id="oc-147">
         <name>ramfuncs2</name>
         <load_address>0x320dfc</load_address>
         <run_address>0x9dfc</run_address>
         <size>0x86</size>
         <input_file_ref idref="fl-6"/>
      </object_component>
      <object_component id="oc-104">
         <name>.stack</name>
         <uninitialized>true</uninitialized>
         <run_address>0x400</run_address>
         <size>0x0</size>
         <input_file_ref idref="fl-22"/>
      </object_component>
      <object_component id="oc-1bf">
         <name>.stack</name>
         <uninitialized>true</uninitialized>
         <run_address>0x400</run_address>
         <size>0x0</size>
      </object_component>
      <object_component id="oc-78">
         <name>.ebss</name>
         <uninitialized>true</uninitialized>
         <run_address>0xc4da</run_address>
         <size>0x18</size>
         <input_file_ref idref="fl-a"/>
      </object_component>
      <object_component id="oc-d7">
         <name>.ebss</name>
         <uninitialized>true</uninitialized>
         <run_address>0xc000</run_address>
         <size>0x4da</size>
         <input_file_ref idref="fl-13"/>
      </object_component>
      <object_component id="oc-e8">
         <name>.ebss</name>
         <uninitialized>true</uninitialized>
         <run_address>0xc4f2</run_address>
         <size>0xa</size>
         <input_file_ref idref="fl-16"/>
      </object_component>
      <object_component id="oc-f9">
         <name>.ebss</name>
         <uninitialized>true</uninitialized>
         <run_address>0xc500</run_address>
         <size>0x240</size>
         <input_file_ref idref="fl-19"/>
      </object_component>
      <object_component id="oc-125">
         <name>.ebss</name>
         <uninitialized>true</uninitialized>
         <run_address>0xc740</run_address>
         <size>0x6</size>
         <input_file_ref idref="fl-29"/>
      </object_component>
      <object_component id="oc-15d">
         <name>.ebss:__unlock</name>
         <uninitialized>true</uninitialized>
         <run_address>0xc4fe</run_address>
         <size>0x2</size>
         <input_file_ref idref="fl-2a"/>
      </object_component>
      <object_component id="oc-14b">
         <name>.ebss:__lock</name>
         <uninitialized>true</uninitialized>
         <run_address>0xc4fc</run_address>
         <size>0x2</size>
         <input_file_ref idref="fl-2a"/>
      </object_component>
      <object_component id="oc-15e">
         <name>.econst:_PieVectTableInit</name>
         <load_address>0x3397ae</load_address>
         <run_address>0x3397ae</run_address>
         <size>0x100</size>
         <input_file_ref idref="fl-e"/>
      </object_component>
      <object_component id="oc-152">
         <name>.switch:_CheckSettings</name>
         <load_address>0x3398ae</load_address>
         <run_address>0x3398ae</run_address>
         <size>0x1a</size>
         <input_file_ref idref="fl-13"/>
      </object_component>
      <object_component id="oc-153">
         <name>.switch:_ModbusHoldingRegUpdate</name>
         <load_address>0x3398c8</load_address>
         <run_address>0x3398c8</run_address>
         <size>0x1a</size>
         <input_file_ref idref="fl-13"/>
      </object_component>
      <object_component id="oc-122">
         <name>FPUmathTables</name>
         <load_address>0x3febdc</load_address>
         <run_address>0x3febdc</run_address>
         <size>0x6a0</size>
         <input_file_ref idref="fl-28"/>
      </object_component>
      <object_component id="oc-105">
         <name>.reset</name>
         <load_address>0x3fffc0</load_address>
         <run_address>0x3fffc0</run_address>
         <size>0x2</size>
         <input_file_ref idref="fl-22"/>
      </object_component>
      <object_component id="oc-6c">
         <name>.adc_cal</name>
         <load_address>0x380080</load_address>
         <run_address>0x380080</run_address>
         <size>0x7</size>
         <input_file_ref idref="fl-8"/>
      </object_component>
      <object_component id="oc-58">
         <name>.debug_info</name>
         <load_address>0x0</load_address>
         <run_address>0x0</run_address>
         <size>0x3353</size>
         <input_file_ref idref="fl-4"/>
      </object_component>
      <object_component id="oc-5d">
         <name>.debug_info</name>
         <load_address>0x3353</load_address>
         <run_address>0x3353</run_address>
         <size>0x6a7</size>
         <input_file_ref idref="fl-5"/>
      </object_component>
      <object_component id="oc-62">
         <name>.debug_info</name>
         <load_address>0x39fa</load_address>
         <run_address>0x39fa</run_address>
         <size>0x529</size>
         <input_file_ref idref="fl-6"/>
      </object_component>
      <object_component id="oc-67">
         <name>.debug_info</name>
         <load_address>0x3f23</load_address>
         <run_address>0x3f23</run_address>
         <size>0x559</size>
         <input_file_ref idref="fl-7"/>
      </object_component>
      <object_component id="oc-6d">
         <name>.debug_info</name>
         <load_address>0x447c</load_address>
         <run_address>0x447c</run_address>
         <size>0xe6</size>
         <input_file_ref idref="fl-8"/>
      </object_component>
      <object_component id="oc-73">
         <name>.debug_info</name>
         <load_address>0x4562</load_address>
         <run_address>0x4562</run_address>
         <size>0x11d</size>
         <input_file_ref idref="fl-9"/>
      </object_component>
      <object_component id="oc-77">
         <name>.debug_info</name>
         <load_address>0x467f</load_address>
         <run_address>0x467f</run_address>
         <size>0x953</size>
         <input_file_ref idref="fl-a"/>
      </object_component>
      <object_component id="oc-7d">
         <name>.debug_info</name>
         <load_address>0x4fd2</load_address>
         <run_address>0x4fd2</run_address>
         <size>0x2006</size>
         <input_file_ref idref="fl-b"/>
      </object_component>
      <object_component id="oc-83">
         <name>.debug_info</name>
         <load_address>0x6fd8</load_address>
         <run_address>0x6fd8</run_address>
         <size>0x1338f</size>
         <input_file_ref idref="fl-c"/>
      </object_component>
      <object_component id="oc-b7">
         <name>.debug_info</name>
         <load_address>0x1a367</load_address>
         <run_address>0x1a367</run_address>
         <size>0xb43</size>
         <input_file_ref idref="fl-d"/>
      </object_component>
      <object_component id="oc-bc">
         <name>.debug_info</name>
         <load_address>0x1aeaa</load_address>
         <run_address>0x1aeaa</run_address>
         <size>0x22b5</size>
         <input_file_ref idref="fl-e"/>
      </object_component>
      <object_component id="oc-c2">
         <name>.debug_info</name>
         <load_address>0x1d15f</load_address>
         <run_address>0x1d15f</run_address>
         <size>0xe6</size>
         <input_file_ref idref="fl-f"/>
      </object_component>
      <object_component id="oc-c6">
         <name>.debug_info</name>
         <load_address>0x1d245</load_address>
         <run_address>0x1d245</run_address>
         <size>0x1d7a</size>
         <input_file_ref idref="fl-10"/>
      </object_component>
      <object_component id="oc-cb">
         <name>.debug_info</name>
         <load_address>0x1efbf</load_address>
         <run_address>0x1efbf</run_address>
         <size>0x2697</size>
         <input_file_ref idref="fl-11"/>
      </object_component>
      <object_component id="oc-d0">
         <name>.debug_info</name>
         <load_address>0x21656</load_address>
         <run_address>0x21656</run_address>
         <size>0x1eb9</size>
         <input_file_ref idref="fl-12"/>
      </object_component>
      <object_component id="oc-d5">
         <name>.debug_info</name>
         <load_address>0x2350f</load_address>
         <run_address>0x2350f</run_address>
         <size>0x84e4</size>
         <input_file_ref idref="fl-13"/>
      </object_component>
      <object_component id="oc-dd">
         <name>.debug_info</name>
         <load_address>0x2b9f3</load_address>
         <run_address>0x2b9f3</run_address>
         <size>0x8af</size>
         <input_file_ref idref="fl-14"/>
      </object_component>
      <object_component id="oc-e2">
         <name>.debug_info</name>
         <load_address>0x2c2a2</load_address>
         <run_address>0x2c2a2</run_address>
         <size>0xa69</size>
         <input_file_ref idref="fl-15"/>
      </object_component>
      <object_component id="oc-e7">
         <name>.debug_info</name>
         <load_address>0x2cd0b</load_address>
         <run_address>0x2cd0b</run_address>
         <size>0x880</size>
         <input_file_ref idref="fl-16"/>
      </object_component>
      <object_component id="oc-ed">
         <name>.debug_info</name>
         <load_address>0x2d58b</load_address>
         <run_address>0x2d58b</run_address>
         <size>0x3e3</size>
         <input_file_ref idref="fl-17"/>
      </object_component>
      <object_component id="oc-f2">
         <name>.debug_info</name>
         <load_address>0x2d96e</load_address>
         <run_address>0x2d96e</run_address>
         <size>0x403</size>
         <input_file_ref idref="fl-18"/>
      </object_component>
      <object_component id="oc-f7">
         <name>.debug_info</name>
         <load_address>0x2dd71</load_address>
         <run_address>0x2dd71</run_address>
         <size>0x54ab</size>
         <input_file_ref idref="fl-19"/>
      </object_component>
      <object_component id="oc-101">
         <name>.debug_info</name>
         <load_address>0x3321c</load_address>
         <run_address>0x3321c</run_address>
         <size>0x142</size>
         <input_file_ref idref="fl-21"/>
      </object_component>
      <object_component id="oc-106">
         <name>.debug_info</name>
         <load_address>0x3335e</load_address>
         <run_address>0x3335e</run_address>
         <size>0x16b</size>
         <input_file_ref idref="fl-22"/>
      </object_component>
      <object_component id="oc-10a">
         <name>.debug_info</name>
         <load_address>0x334c9</load_address>
         <run_address>0x334c9</run_address>
         <size>0x4ce</size>
         <input_file_ref idref="fl-23"/>
      </object_component>
      <object_component id="oc-10f">
         <name>.debug_info</name>
         <load_address>0x33997</load_address>
         <run_address>0x33997</run_address>
         <size>0x3df</size>
         <input_file_ref idref="fl-24"/>
      </object_component>
      <object_component id="oc-114">
         <name>.debug_info</name>
         <load_address>0x33d76</load_address>
         <run_address>0x33d76</run_address>
         <size>0x3e2</size>
         <input_file_ref idref="fl-25"/>
      </object_component>
      <object_component id="oc-119">
         <name>.debug_info</name>
         <load_address>0x34158</load_address>
         <run_address>0x34158</run_address>
         <size>0x5c1</size>
         <input_file_ref idref="fl-26"/>
      </object_component>
      <object_component id="oc-11f">
         <name>.debug_info</name>
         <load_address>0x34719</load_address>
         <run_address>0x34719</run_address>
         <size>0x142</size>
         <input_file_ref idref="fl-27"/>
      </object_component>
      <object_component id="oc-123">
         <name>.debug_info</name>
         <load_address>0x3485b</load_address>
         <run_address>0x3485b</run_address>
         <size>0x5ab</size>
         <input_file_ref idref="fl-29"/>
      </object_component>
      <object_component id="oc-12a">
         <name>.debug_info</name>
         <load_address>0x34e06</load_address>
         <run_address>0x34e06</run_address>
         <size>0x501</size>
         <input_file_ref idref="fl-2a"/>
      </object_component>
      <object_component id="oc-12f">
         <name>.debug_info</name>
         <load_address>0x35307</load_address>
         <run_address>0x35307</run_address>
         <size>0x46f</size>
         <input_file_ref idref="fl-2b"/>
      </object_component>
      <object_component id="oc-135">
         <name>.debug_info</name>
         <load_address>0x35776</load_address>
         <run_address>0x35776</run_address>
         <size>0x142</size>
         <input_file_ref idref="fl-2c"/>
      </object_component>
      <object_component id="oc-139">
         <name>.debug_info</name>
         <load_address>0x358b8</load_address>
         <run_address>0x358b8</run_address>
         <size>0x144</size>
         <input_file_ref idref="fl-2d"/>
      </object_component>
      <object_component id="oc-1c0">
         <name>.debug_info</name>
         <load_address>0x359fc</load_address>
         <run_address>0x359fc</run_address>
         <size>0x9f</size>
      </object_component>
      <object_component id="oc-59">
         <name>.debug_frame</name>
         <load_address>0x0</load_address>
         <run_address>0x0</run_address>
         <size>0x44</size>
         <input_file_ref idref="fl-4"/>
      </object_component>
      <object_component id="oc-5e">
         <name>.debug_frame</name>
         <load_address>0x44</load_address>
         <run_address>0x44</run_address>
         <size>0x89</size>
         <input_file_ref idref="fl-5"/>
      </object_component>
      <object_component id="oc-63">
         <name>.debug_frame</name>
         <load_address>0xcd</load_address>
         <run_address>0xcd</run_address>
         <size>0x65</size>
         <input_file_ref idref="fl-6"/>
      </object_component>
      <object_component id="oc-68">
         <name>.debug_frame</name>
         <load_address>0x132</load_address>
         <run_address>0x132</run_address>
         <size>0x2e</size>
         <input_file_ref idref="fl-7"/>
      </object_component>
      <object_component id="oc-79">
         <name>.debug_frame</name>
         <load_address>0x160</load_address>
         <run_address>0x160</run_address>
         <size>0x5e</size>
         <input_file_ref idref="fl-a"/>
      </object_component>
      <object_component id="oc-7f">
         <name>.debug_frame</name>
         <load_address>0x1be</load_address>
         <run_address>0x1be</run_address>
         <size>0xb99</size>
         <input_file_ref idref="fl-b"/>
      </object_component>
      <object_component id="oc-b8">
         <name>.debug_frame</name>
         <load_address>0xd57</load_address>
         <run_address>0xd57</run_address>
         <size>0x58</size>
         <input_file_ref idref="fl-d"/>
      </object_component>
      <object_component id="oc-bd">
         <name>.debug_frame</name>
         <load_address>0xdaf</load_address>
         <run_address>0xdaf</run_address>
         <size>0x49</size>
         <input_file_ref idref="fl-e"/>
      </object_component>
      <object_component id="oc-c7">
         <name>.debug_frame</name>
         <load_address>0xdf8</load_address>
         <run_address>0xdf8</run_address>
         <size>0x44</size>
         <input_file_ref idref="fl-10"/>
      </object_component>
      <object_component id="oc-cc">
         <name>.debug_frame</name>
         <load_address>0xe3c</load_address>
         <run_address>0xe3c</run_address>
         <size>0x67</size>
         <input_file_ref idref="fl-11"/>
      </object_component>
      <object_component id="oc-d1">
         <name>.debug_frame</name>
         <load_address>0xea3</load_address>
         <run_address>0xea3</run_address>
         <size>0xcf</size>
         <input_file_ref idref="fl-12"/>
      </object_component>
      <object_component id="oc-d9">
         <name>.debug_frame</name>
         <load_address>0xf72</load_address>
         <run_address>0xf72</run_address>
         <size>0x285</size>
         <input_file_ref idref="fl-13"/>
      </object_component>
      <object_component id="oc-de">
         <name>.debug_frame</name>
         <load_address>0x11f7</load_address>
         <run_address>0x11f7</run_address>
         <size>0x67</size>
         <input_file_ref idref="fl-14"/>
      </object_component>
      <object_component id="oc-e3">
         <name>.debug_frame</name>
         <load_address>0x125e</load_address>
         <run_address>0x125e</run_address>
         <size>0x83</size>
         <input_file_ref idref="fl-15"/>
      </object_component>
      <object_component id="oc-e9">
         <name>.debug_frame</name>
         <load_address>0x12e1</load_address>
         <run_address>0x12e1</run_address>
         <size>0x43</size>
         <input_file_ref idref="fl-16"/>
      </object_component>
      <object_component id="oc-ee">
         <name>.debug_frame</name>
         <load_address>0x1324</load_address>
         <run_address>0x1324</run_address>
         <size>0x2e</size>
         <input_file_ref idref="fl-17"/>
      </object_component>
      <object_component id="oc-f3">
         <name>.debug_frame</name>
         <load_address>0x1352</load_address>
         <run_address>0x1352</run_address>
         <size>0x2e</size>
         <input_file_ref idref="fl-18"/>
      </object_component>
      <object_component id="oc-fc">
         <name>.debug_frame</name>
         <load_address>0x1380</load_address>
         <run_address>0x1380</run_address>
         <size>0x282</size>
         <input_file_ref idref="fl-19"/>
      </object_component>
      <object_component id="oc-10b">
         <name>.debug_frame</name>
         <load_address>0x1602</load_address>
         <run_address>0x1602</run_address>
         <size>0x43</size>
         <input_file_ref idref="fl-23"/>
      </object_component>
      <object_component id="oc-110">
         <name>.debug_frame</name>
         <load_address>0x1645</load_address>
         <run_address>0x1645</run_address>
         <size>0x43</size>
         <input_file_ref idref="fl-24"/>
      </object_component>
      <object_component id="oc-115">
         <name>.debug_frame</name>
         <load_address>0x1688</load_address>
         <run_address>0x1688</run_address>
         <size>0x43</size>
         <input_file_ref idref="fl-25"/>
      </object_component>
      <object_component id="oc-11a">
         <name>.debug_frame</name>
         <load_address>0x16cb</load_address>
         <run_address>0x16cb</run_address>
         <size>0x64</size>
         <input_file_ref idref="fl-26"/>
      </object_component>
      <object_component id="oc-126">
         <name>.debug_frame</name>
         <load_address>0x172f</load_address>
         <run_address>0x172f</run_address>
         <size>0x61</size>
         <input_file_ref idref="fl-29"/>
      </object_component>
      <object_component id="oc-12b">
         <name>.debug_frame</name>
         <load_address>0x1790</load_address>
         <run_address>0x1790</run_address>
         <size>0x6d</size>
         <input_file_ref idref="fl-2a"/>
      </object_component>
      <object_component id="oc-130">
         <name>.debug_frame</name>
         <load_address>0x17fd</load_address>
         <run_address>0x17fd</run_address>
         <size>0x43</size>
         <input_file_ref idref="fl-2b"/>
      </object_component>
      <object_component id="oc-5a">
         <name>.debug_line</name>
         <load_address>0x0</load_address>
         <run_address>0x0</run_address>
         <size>0x70</size>
         <input_file_ref idref="fl-4"/>
      </object_component>
      <object_component id="oc-5f">
         <name>.debug_line</name>
         <load_address>0x70</load_address>
         <run_address>0x70</run_address>
         <size>0x8d</size>
         <input_file_ref idref="fl-5"/>
      </object_component>
      <object_component id="oc-64">
         <name>.debug_line</name>
         <load_address>0xfd</load_address>
         <run_address>0xfd</run_address>
         <size>0x6d</size>
         <input_file_ref idref="fl-6"/>
      </object_component>
      <object_component id="oc-69">
         <name>.debug_line</name>
         <load_address>0x16a</load_address>
         <run_address>0x16a</run_address>
         <size>0x30</size>
         <input_file_ref idref="fl-7"/>
      </object_component>
      <object_component id="oc-6e">
         <name>.debug_line</name>
         <load_address>0x19a</load_address>
         <run_address>0x19a</run_address>
         <size>0x49</size>
         <input_file_ref idref="fl-8"/>
      </object_component>
      <object_component id="oc-74">
         <name>.debug_line</name>
         <load_address>0x1e3</load_address>
         <run_address>0x1e3</run_address>
         <size>0x61</size>
         <input_file_ref idref="fl-9"/>
      </object_component>
      <object_component id="oc-7a">
         <name>.debug_line</name>
         <load_address>0x244</load_address>
         <run_address>0x244</run_address>
         <size>0x7e</size>
         <input_file_ref idref="fl-a"/>
      </object_component>
      <object_component id="oc-80">
         <name>.debug_line</name>
         <load_address>0x2c2</load_address>
         <run_address>0x2c2</run_address>
         <size>0x74e</size>
         <input_file_ref idref="fl-b"/>
      </object_component>
      <object_component id="oc-b9">
         <name>.debug_line</name>
         <load_address>0xa10</load_address>
         <run_address>0xa10</run_address>
         <size>0x86</size>
         <input_file_ref idref="fl-d"/>
      </object_component>
      <object_component id="oc-be">
         <name>.debug_line</name>
         <load_address>0xa96</load_address>
         <run_address>0xa96</run_address>
         <size>0x68</size>
         <input_file_ref idref="fl-e"/>
      </object_component>
      <object_component id="oc-c3">
         <name>.debug_line</name>
         <load_address>0xafe</load_address>
         <run_address>0xafe</run_address>
         <size>0x48</size>
         <input_file_ref idref="fl-f"/>
      </object_component>
      <object_component id="oc-c8">
         <name>.debug_line</name>
         <load_address>0xb46</load_address>
         <run_address>0xb46</run_address>
         <size>0x102</size>
         <input_file_ref idref="fl-10"/>
      </object_component>
      <object_component id="oc-cd">
         <name>.debug_line</name>
         <load_address>0xc48</load_address>
         <run_address>0xc48</run_address>
         <size>0xe6</size>
         <input_file_ref idref="fl-11"/>
      </object_component>
      <object_component id="oc-d2">
         <name>.debug_line</name>
         <load_address>0xd2e</load_address>
         <run_address>0xd2e</run_address>
         <size>0x164</size>
         <input_file_ref idref="fl-12"/>
      </object_component>
      <object_component id="oc-da">
         <name>.debug_line</name>
         <load_address>0xe92</load_address>
         <run_address>0xe92</run_address>
         <size>0xc75</size>
         <input_file_ref idref="fl-13"/>
      </object_component>
      <object_component id="oc-df">
         <name>.debug_line</name>
         <load_address>0x1b07</load_address>
         <run_address>0x1b07</run_address>
         <size>0xd4</size>
         <input_file_ref idref="fl-14"/>
      </object_component>
      <object_component id="oc-e4">
         <name>.debug_line</name>
         <load_address>0x1bdb</load_address>
         <run_address>0x1bdb</run_address>
         <size>0xe1</size>
         <input_file_ref idref="fl-15"/>
      </object_component>
      <object_component id="oc-ea">
         <name>.debug_line</name>
         <load_address>0x1cbc</load_address>
         <run_address>0x1cbc</run_address>
         <size>0x70</size>
         <input_file_ref idref="fl-16"/>
      </object_component>
      <object_component id="oc-ef">
         <name>.debug_line</name>
         <load_address>0x1d2c</load_address>
         <run_address>0x1d2c</run_address>
         <size>0x2f</size>
         <input_file_ref idref="fl-17"/>
      </object_component>
      <object_component id="oc-f4">
         <name>.debug_line</name>
         <load_address>0x1d5b</load_address>
         <run_address>0x1d5b</run_address>
         <size>0x2d</size>
         <input_file_ref idref="fl-18"/>
      </object_component>
      <object_component id="oc-fd">
         <name>.debug_line</name>
         <load_address>0x1d88</load_address>
         <run_address>0x1d88</run_address>
         <size>0x459</size>
         <input_file_ref idref="fl-19"/>
      </object_component>
      <object_component id="oc-102">
         <name>.debug_line</name>
         <load_address>0x21e1</load_address>
         <run_address>0x21e1</run_address>
         <size>0x7a</size>
         <input_file_ref idref="fl-21"/>
      </object_component>
      <object_component id="oc-107">
         <name>.debug_line</name>
         <load_address>0x225b</load_address>
         <run_address>0x225b</run_address>
         <size>0x7e</size>
         <input_file_ref idref="fl-22"/>
      </object_component>
      <object_component id="oc-10c">
         <name>.debug_line</name>
         <load_address>0x22d9</load_address>
         <run_address>0x22d9</run_address>
         <size>0x55</size>
         <input_file_ref idref="fl-23"/>
      </object_component>
      <object_component id="oc-111">
         <name>.debug_line</name>
         <load_address>0x232e</load_address>
         <run_address>0x232e</run_address>
         <size>0x3a</size>
         <input_file_ref idref="fl-24"/>
      </object_component>
      <object_component id="oc-116">
         <name>.debug_line</name>
         <load_address>0x2368</load_address>
         <run_address>0x2368</run_address>
         <size>0x3e</size>
         <input_file_ref idref="fl-25"/>
      </object_component>
      <object_component id="oc-11b">
         <name>.debug_line</name>
         <load_address>0x23a6</load_address>
         <run_address>0x23a6</run_address>
         <size>0x50</size>
         <input_file_ref idref="fl-26"/>
      </object_component>
      <object_component id="oc-120">
         <name>.debug_line</name>
         <load_address>0x23f6</load_address>
         <run_address>0x23f6</run_address>
         <size>0x88</size>
         <input_file_ref idref="fl-27"/>
      </object_component>
      <object_component id="oc-127">
         <name>.debug_line</name>
         <load_address>0x247e</load_address>
         <run_address>0x247e</run_address>
         <size>0x65</size>
         <input_file_ref idref="fl-29"/>
      </object_component>
      <object_component id="oc-12c">
         <name>.debug_line</name>
         <load_address>0x24e3</load_address>
         <run_address>0x24e3</run_address>
         <size>0x5e</size>
         <input_file_ref idref="fl-2a"/>
      </object_component>
      <object_component id="oc-131">
         <name>.debug_line</name>
         <load_address>0x2541</load_address>
         <run_address>0x2541</run_address>
         <size>0x62</size>
         <input_file_ref idref="fl-2b"/>
      </object_component>
      <object_component id="oc-136">
         <name>.debug_line</name>
         <load_address>0x25a3</load_address>
         <run_address>0x25a3</run_address>
         <size>0x88</size>
         <input_file_ref idref="fl-2c"/>
      </object_component>
      <object_component id="oc-13a">
         <name>.debug_line</name>
         <load_address>0x262b</load_address>
         <run_address>0x262b</run_address>
         <size>0x80</size>
         <input_file_ref idref="fl-2d"/>
      </object_component>
      <object_component id="oc-5b">
         <name>.debug_abbrev</name>
         <load_address>0x0</load_address>
         <run_address>0x0</run_address>
         <size>0x10f</size>
         <input_file_ref idref="fl-4"/>
      </object_component>
      <object_component id="oc-60">
         <name>.debug_abbrev</name>
         <load_address>0x10f</load_address>
         <run_address>0x10f</run_address>
         <size>0xac</size>
         <input_file_ref idref="fl-5"/>
      </object_component>
      <object_component id="oc-65">
         <name>.debug_abbrev</name>
         <load_address>0x1bb</load_address>
         <run_address>0x1bb</run_address>
         <size>0xac</size>
         <input_file_ref idref="fl-6"/>
      </object_component>
      <object_component id="oc-6a">
         <name>.debug_abbrev</name>
         <load_address>0x267</load_address>
         <run_address>0x267</run_address>
         <size>0xac</size>
         <input_file_ref idref="fl-7"/>
      </object_component>
      <object_component id="oc-6f">
         <name>.debug_abbrev</name>
         <load_address>0x313</load_address>
         <run_address>0x313</run_address>
         <size>0x2f</size>
         <input_file_ref idref="fl-8"/>
      </object_component>
      <object_component id="oc-75">
         <name>.debug_abbrev</name>
         <load_address>0x342</load_address>
         <run_address>0x342</run_address>
         <size>0x21</size>
         <input_file_ref idref="fl-9"/>
      </object_component>
      <object_component id="oc-7b">
         <name>.debug_abbrev</name>
         <load_address>0x363</load_address>
         <run_address>0x363</run_address>
         <size>0xfd</size>
         <input_file_ref idref="fl-a"/>
      </object_component>
      <object_component id="oc-81">
         <name>.debug_abbrev</name>
         <load_address>0x460</load_address>
         <run_address>0x460</run_address>
         <size>0xa8</size>
         <input_file_ref idref="fl-b"/>
      </object_component>
      <object_component id="oc-b6">
         <name>.debug_abbrev</name>
         <load_address>0x508</load_address>
         <run_address>0x508</run_address>
         <size>0xb7</size>
         <input_file_ref idref="fl-c"/>
      </object_component>
      <object_component id="oc-ba">
         <name>.debug_abbrev</name>
         <load_address>0x5bf</load_address>
         <run_address>0x5bf</run_address>
         <size>0xc8</size>
         <input_file_ref idref="fl-d"/>
      </object_component>
      <object_component id="oc-bf">
         <name>.debug_abbrev</name>
         <load_address>0x687</load_address>
         <run_address>0x687</run_address>
         <size>0x116</size>
         <input_file_ref idref="fl-e"/>
      </object_component>
      <object_component id="oc-c4">
         <name>.debug_abbrev</name>
         <load_address>0x79d</load_address>
         <run_address>0x79d</run_address>
         <size>0x2f</size>
         <input_file_ref idref="fl-f"/>
      </object_component>
      <object_component id="oc-c9">
         <name>.debug_abbrev</name>
         <load_address>0x7cc</load_address>
         <run_address>0x7cc</run_address>
         <size>0xdc</size>
         <input_file_ref idref="fl-10"/>
      </object_component>
      <object_component id="oc-ce">
         <name>.debug_abbrev</name>
         <load_address>0x8a8</load_address>
         <run_address>0x8a8</run_address>
         <size>0x10a</size>
         <input_file_ref idref="fl-11"/>
      </object_component>
      <object_component id="oc-d3">
         <name>.debug_abbrev</name>
         <load_address>0x9b2</load_address>
         <run_address>0x9b2</run_address>
         <size>0x182</size>
         <input_file_ref idref="fl-12"/>
      </object_component>
      <object_component id="oc-db">
         <name>.debug_abbrev</name>
         <load_address>0xb34</load_address>
         <run_address>0xb34</run_address>
         <size>0x1ec</size>
         <input_file_ref idref="fl-13"/>
      </object_component>
      <object_component id="oc-e0">
         <name>.debug_abbrev</name>
         <load_address>0xd20</load_address>
         <run_address>0xd20</run_address>
         <size>0xd3</size>
         <input_file_ref idref="fl-14"/>
      </object_component>
      <object_component id="oc-e5">
         <name>.debug_abbrev</name>
         <load_address>0xdf3</load_address>
         <run_address>0xdf3</run_address>
         <size>0xe7</size>
         <input_file_ref idref="fl-15"/>
      </object_component>
      <object_component id="oc-eb">
         <name>.debug_abbrev</name>
         <load_address>0xeda</load_address>
         <run_address>0xeda</run_address>
         <size>0xa2</size>
         <input_file_ref idref="fl-16"/>
      </object_component>
      <object_component id="oc-f0">
         <name>.debug_abbrev</name>
         <load_address>0xf7c</load_address>
         <run_address>0xf7c</run_address>
         <size>0xac</size>
         <input_file_ref idref="fl-17"/>
      </object_component>
      <object_component id="oc-f5">
         <name>.debug_abbrev</name>
         <load_address>0x1028</load_address>
         <run_address>0x1028</run_address>
         <size>0xac</size>
         <input_file_ref idref="fl-18"/>
      </object_component>
      <object_component id="oc-fe">
         <name>.debug_abbrev</name>
         <load_address>0x10d4</load_address>
         <run_address>0x10d4</run_address>
         <size>0x2af</size>
         <input_file_ref idref="fl-19"/>
      </object_component>
      <object_component id="oc-103">
         <name>.debug_abbrev</name>
         <load_address>0x1383</load_address>
         <run_address>0x1383</run_address>
         <size>0x2c</size>
         <input_file_ref idref="fl-21"/>
      </object_component>
      <object_component id="oc-108">
         <name>.debug_abbrev</name>
         <load_address>0x13af</load_address>
         <run_address>0x13af</run_address>
         <size>0x46</size>
         <input_file_ref idref="fl-22"/>
      </object_component>
      <object_component id="oc-10d">
         <name>.debug_abbrev</name>
         <load_address>0x13f5</load_address>
         <run_address>0x13f5</run_address>
         <size>0xfe</size>
         <input_file_ref idref="fl-23"/>
      </object_component>
      <object_component id="oc-112">
         <name>.debug_abbrev</name>
         <load_address>0x14f3</load_address>
         <run_address>0x14f3</run_address>
         <size>0x66</size>
         <input_file_ref idref="fl-24"/>
      </object_component>
      <object_component id="oc-117">
         <name>.debug_abbrev</name>
         <load_address>0x1559</load_address>
         <run_address>0x1559</run_address>
         <size>0x68</size>
         <input_file_ref idref="fl-25"/>
      </object_component>
      <object_component id="oc-11c">
         <name>.debug_abbrev</name>
         <load_address>0x15c1</load_address>
         <run_address>0x15c1</run_address>
         <size>0xfc</size>
         <input_file_ref idref="fl-26"/>
      </object_component>
      <object_component id="oc-121">
         <name>.debug_abbrev</name>
         <load_address>0x16bd</load_address>
         <run_address>0x16bd</run_address>
         <size>0x2c</size>
         <input_file_ref idref="fl-27"/>
      </object_component>
      <object_component id="oc-128">
         <name>.debug_abbrev</name>
         <load_address>0x16e9</load_address>
         <run_address>0x16e9</run_address>
         <size>0x142</size>
         <input_file_ref idref="fl-29"/>
      </object_component>
      <object_component id="oc-12d">
         <name>.debug_abbrev</name>
         <load_address>0x182b</load_address>
         <run_address>0x182b</run_address>
         <size>0xb2</size>
         <input_file_ref idref="fl-2a"/>
      </object_component>
      <object_component id="oc-132">
         <name>.debug_abbrev</name>
         <load_address>0x18dd</load_address>
         <run_address>0x18dd</run_address>
         <size>0xa8</size>
         <input_file_ref idref="fl-2b"/>
      </object_component>
      <object_component id="oc-137">
         <name>.debug_abbrev</name>
         <load_address>0x1985</load_address>
         <run_address>0x1985</run_address>
         <size>0x2c</size>
         <input_file_ref idref="fl-2c"/>
      </object_component>
      <object_component id="oc-13b">
         <name>.debug_abbrev</name>
         <load_address>0x19b1</load_address>
         <run_address>0x19b1</run_address>
         <size>0x2c</size>
         <input_file_ref idref="fl-2d"/>
      </object_component>
      <object_component id="oc-1c1">
         <name>.debug_abbrev</name>
         <load_address>0x19dd</load_address>
         <run_address>0x19dd</run_address>
         <size>0xf</size>
      </object_component>
      <object_component id="oc-5c">
         <name>.debug_aranges</name>
         <load_address>0x0</load_address>
         <run_address>0x0</run_address>
         <size>0x20</size>
         <input_file_ref idref="fl-4"/>
      </object_component>
      <object_component id="oc-61">
         <name>.debug_aranges</name>
         <load_address>0x20</load_address>
         <run_address>0x20</run_address>
         <size>0x30</size>
         <input_file_ref idref="fl-5"/>
      </object_component>
      <object_component id="oc-66">
         <name>.debug_aranges</name>
         <load_address>0x50</load_address>
         <run_address>0x50</run_address>
         <size>0x28</size>
         <input_file_ref idref="fl-6"/>
      </object_component>
      <object_component id="oc-6b">
         <name>.debug_aranges</name>
         <load_address>0x78</load_address>
         <run_address>0x78</run_address>
         <size>0x18</size>
         <input_file_ref idref="fl-7"/>
      </object_component>
      <object_component id="oc-70">
         <name>.debug_aranges</name>
         <load_address>0x90</load_address>
         <run_address>0x90</run_address>
         <size>0x20</size>
         <input_file_ref idref="fl-8"/>
      </object_component>
      <object_component id="oc-76">
         <name>.debug_aranges</name>
         <load_address>0xb0</load_address>
         <run_address>0xb0</run_address>
         <size>0x28</size>
         <input_file_ref idref="fl-9"/>
      </object_component>
      <object_component id="oc-7c">
         <name>.debug_aranges</name>
         <load_address>0xd8</load_address>
         <run_address>0xd8</run_address>
         <size>0x28</size>
         <input_file_ref idref="fl-a"/>
      </object_component>
      <object_component id="oc-82">
         <name>.debug_aranges</name>
         <load_address>0x100</load_address>
         <run_address>0x100</run_address>
         <size>0x290</size>
         <input_file_ref idref="fl-b"/>
      </object_component>
      <object_component id="oc-bb">
         <name>.debug_aranges</name>
         <load_address>0x390</load_address>
         <run_address>0x390</run_address>
         <size>0x28</size>
         <input_file_ref idref="fl-d"/>
      </object_component>
      <object_component id="oc-c0">
         <name>.debug_aranges</name>
         <load_address>0x3b8</load_address>
         <run_address>0x3b8</run_address>
         <size>0x20</size>
         <input_file_ref idref="fl-e"/>
      </object_component>
      <object_component id="oc-c5">
         <name>.debug_aranges</name>
         <load_address>0x3d8</load_address>
         <run_address>0x3d8</run_address>
         <size>0x20</size>
         <input_file_ref idref="fl-f"/>
      </object_component>
      <object_component id="oc-ca">
         <name>.debug_aranges</name>
         <load_address>0x3f8</load_address>
         <run_address>0x3f8</run_address>
         <size>0x20</size>
         <input_file_ref idref="fl-10"/>
      </object_component>
      <object_component id="oc-cf">
         <name>.debug_aranges</name>
         <load_address>0x418</load_address>
         <run_address>0x418</run_address>
         <size>0x28</size>
         <input_file_ref idref="fl-11"/>
      </object_component>
      <object_component id="oc-d4">
         <name>.debug_aranges</name>
         <load_address>0x440</load_address>
         <run_address>0x440</run_address>
         <size>0x50</size>
         <input_file_ref idref="fl-12"/>
      </object_component>
      <object_component id="oc-dc">
         <name>.debug_aranges</name>
         <load_address>0x490</load_address>
         <run_address>0x490</run_address>
         <size>0xc8</size>
         <input_file_ref idref="fl-13"/>
      </object_component>
      <object_component id="oc-e1">
         <name>.debug_aranges</name>
         <load_address>0x558</load_address>
         <run_address>0x558</run_address>
         <size>0x28</size>
         <input_file_ref idref="fl-14"/>
      </object_component>
      <object_component id="oc-e6">
         <name>.debug_aranges</name>
         <load_address>0x580</load_address>
         <run_address>0x580</run_address>
         <size>0x30</size>
         <input_file_ref idref="fl-15"/>
      </object_component>
      <object_component id="oc-ec">
         <name>.debug_aranges</name>
         <load_address>0x5b0</load_address>
         <run_address>0x5b0</run_address>
         <size>0x20</size>
         <input_file_ref idref="fl-16"/>
      </object_component>
      <object_component id="oc-f1">
         <name>.debug_aranges</name>
         <load_address>0x5d0</load_address>
         <run_address>0x5d0</run_address>
         <size>0x18</size>
         <input_file_ref idref="fl-17"/>
      </object_component>
      <object_component id="oc-f6">
         <name>.debug_aranges</name>
         <load_address>0x5e8</load_address>
         <run_address>0x5e8</run_address>
         <size>0x18</size>
         <input_file_ref idref="fl-18"/>
      </object_component>
      <object_component id="oc-ff">
         <name>.debug_aranges</name>
         <load_address>0x600</load_address>
         <run_address>0x600</run_address>
         <size>0xb0</size>
         <input_file_ref idref="fl-19"/>
      </object_component>
      <object_component id="oc-109">
         <name>.debug_aranges</name>
         <load_address>0x6b0</load_address>
         <run_address>0x6b0</run_address>
         <size>0x20</size>
         <input_file_ref idref="fl-22"/>
      </object_component>
      <object_component id="oc-10e">
         <name>.debug_aranges</name>
         <load_address>0x6d0</load_address>
         <run_address>0x6d0</run_address>
         <size>0x20</size>
         <input_file_ref idref="fl-23"/>
      </object_component>
      <object_component id="oc-113">
         <name>.debug_aranges</name>
         <load_address>0x6f0</load_address>
         <run_address>0x6f0</run_address>
         <size>0x20</size>
         <input_file_ref idref="fl-24"/>
      </object_component>
      <object_component id="oc-118">
         <name>.debug_aranges</name>
         <load_address>0x710</load_address>
         <run_address>0x710</run_address>
         <size>0x20</size>
         <input_file_ref idref="fl-25"/>
      </object_component>
      <object_component id="oc-11d">
         <name>.debug_aranges</name>
         <load_address>0x730</load_address>
         <run_address>0x730</run_address>
         <size>0x20</size>
         <input_file_ref idref="fl-26"/>
      </object_component>
      <object_component id="oc-129">
         <name>.debug_aranges</name>
         <load_address>0x750</load_address>
         <run_address>0x750</run_address>
         <size>0x28</size>
         <input_file_ref idref="fl-29"/>
      </object_component>
      <object_component id="oc-12e">
         <name>.debug_aranges</name>
         <load_address>0x778</load_address>
         <run_address>0x778</run_address>
         <size>0x30</size>
         <input_file_ref idref="fl-2a"/>
      </object_component>
      <object_component id="oc-133">
         <name>.debug_aranges</name>
         <load_address>0x7a8</load_address>
         <run_address>0x7a8</run_address>
         <size>0x20</size>
         <input_file_ref idref="fl-2b"/>
      </object_component>
   </object_component_list>
   <logical_group_list>
      <logical_group id="lg-2" display="no" color="cyan">
         <name>PieVectTableFile</name>
         <run_address>0xd00</run_address>
         <size>0x100</size>
         <contents>
            <object_component_ref idref="oc-b5"/>
         </contents>
      </logical_group>
      <logical_group id="lg-3" display="no" color="cyan">
         <name>DevEmuRegsFile</name>
         <run_address>0x880</run_address>
         <size>0xd0</size>
         <contents>
            <object_component_ref idref="oc-b1"/>
         </contents>
      </logical_group>
      <logical_group id="lg-4" display="no" color="cyan">
         <name>FlashRegsFile</name>
         <run_address>0xa80</run_address>
         <size>0x8</size>
         <contents>
            <object_component_ref idref="oc-87"/>
         </contents>
      </logical_group>
      <logical_group id="lg-5" display="no" color="cyan">
         <name>CsmRegsFile</name>
         <run_address>0xae0</run_address>
         <size>0x10</size>
         <contents>
            <object_component_ref idref="oc-8f"/>
         </contents>
      </logical_group>
      <logical_group id="lg-6" display="no" color="cyan">
         <name>AdcMirrorFile</name>
         <run_address>0xb00</run_address>
         <size>0x10</size>
         <contents>
            <object_component_ref idref="oc-90"/>
         </contents>
      </logical_group>
      <logical_group id="lg-7" display="no" color="cyan">
         <name>XintfRegsFile</name>
         <run_address>0xb20</run_address>
         <size>0x1e</size>
         <contents>
            <object_component_ref idref="oc-94"/>
         </contents>
      </logical_group>
      <logical_group id="lg-8" display="no" color="cyan">
         <name>CpuTimer0RegsFile</name>
         <run_address>0xc00</run_address>
         <size>0x8</size>
         <contents>
            <object_component_ref idref="oc-88"/>
         </contents>
      </logical_group>
      <logical_group id="lg-9" display="no" color="cyan">
         <name>CpuTimer1RegsFile</name>
         <run_address>0xc08</run_address>
         <size>0x8</size>
         <contents>
            <object_component_ref idref="oc-89"/>
         </contents>
      </logical_group>
      <logical_group id="lg-a" display="no" color="cyan">
         <name>CpuTimer2RegsFile</name>
         <run_address>0xc10</run_address>
         <size>0x8</size>
         <contents>
            <object_component_ref idref="oc-85"/>
         </contents>
      </logical_group>
      <logical_group id="lg-b" display="no" color="cyan">
         <name>PieCtrlRegsFile</name>
         <run_address>0xce0</run_address>
         <size>0x1a</size>
         <contents>
            <object_component_ref idref="oc-92"/>
         </contents>
      </logical_group>
      <logical_group id="lg-c" display="no" color="cyan">
         <name>DmaRegsFile</name>
         <run_address>0x1000</run_address>
         <size>0xe0</size>
         <contents>
            <object_component_ref idref="oc-b2"/>
         </contents>
      </logical_group>
      <logical_group id="lg-d" display="no" color="cyan">
         <name>McbspaRegsFile</name>
         <run_address>0x5000</run_address>
         <size>0x25</size>
         <contents>
            <object_component_ref idref="oc-a5"/>
         </contents>
      </logical_group>
      <logical_group id="lg-e" display="no" color="cyan">
         <name>McbspbRegsFile</name>
         <run_address>0x5040</run_address>
         <size>0x25</size>
         <contents>
            <object_component_ref idref="oc-a4"/>
         </contents>
      </logical_group>
      <logical_group id="lg-f" display="no" color="cyan">
         <name>ECanaRegsFile</name>
         <run_address>0x6000</run_address>
         <size>0x34</size>
         <contents>
            <object_component_ref idref="oc-a7"/>
         </contents>
      </logical_group>
      <logical_group id="lg-10" display="no" color="cyan">
         <name>ECanaLAMRegsFile</name>
         <run_address>0x6040</run_address>
         <size>0x40</size>
         <contents>
            <object_component_ref idref="oc-ab"/>
         </contents>
      </logical_group>
      <logical_group id="lg-11" display="no" color="cyan">
         <name>ECanaMboxesFile</name>
         <run_address>0x6100</run_address>
         <size>0x100</size>
         <contents>
            <object_component_ref idref="oc-b4"/>
         </contents>
      </logical_group>
      <logical_group id="lg-12" display="no" color="cyan">
         <name>ECanaMOTSRegsFile</name>
         <run_address>0x6080</run_address>
         <size>0x40</size>
         <contents>
            <object_component_ref idref="oc-ac"/>
         </contents>
      </logical_group>
      <logical_group id="lg-13" display="no" color="cyan">
         <name>ECanaMOTORegsFile</name>
         <run_address>0x60c0</run_address>
         <size>0x40</size>
         <contents>
            <object_component_ref idref="oc-a9"/>
         </contents>
[...]
         <value>0xc05c</value>
         <object_component_ref idref="oc-d7"/>
      </symbol>
      <symbol id="sm-46a">
         <name>_offset</name>
         <value>0xc03b</value>
         <object_component_ref idref="oc-d7"/>
      </symbol>
      <symbol id="sm-46b">
         <name>_Counter_State2_AutoReset</name>
         <value>0xc039</value>
         <object_component_ref idref="oc-d7"/>
      </symbol>
      <symbol id="sm-46c">
         <name>_Counter_State3_AutoReset</name>
         <value>0xc03d</value>
         <object_component_ref idref="oc-d7"/>
      </symbol>
      <symbol id="sm-46d">
         <name>_Counter_Boost_Off</name>
         <value>0xc006</value>
         <object_component_ref idref="oc-d7"/>
      </symbol>
      <symbol id="sm-46e">
         <name>_Coeff2_h5</name>
         <value>0xc140</value>
         <object_component_ref idref="oc-d7"/>
      </symbol>
      <symbol id="sm-46f">
         <name>_Coeff2_h3</name>
         <value>0xc110</value>
         <object_component_ref idref="oc-d7"/>
      </symbol>
      <symbol id="sm-470">
         <name>_Coeff2_h1</name>
         <value>0xc160</value>
         <object_component_ref idref="oc-d7"/>
      </symbol>
      <symbol id="sm-471">
         <name>_Ki_test</name>
         <value>0xc054</value>
         <object_component_ref idref="oc-d7"/>
      </symbol>
      <symbol id="sm-472">
         <name>_V_DC</name>
         <value>0xc09a</value>
         <object_component_ref idref="oc-d7"/>
      </symbol>
      <symbol id="sm-473">
         <name>_SoftStart_Boost</name>
         <value>0xc072</value>
         <object_component_ref idref="oc-d7"/>
      </symbol>
      <symbol id="sm-474">
         <name>_Kp_test</name>
         <value>0xc056</value>
         <object_component_ref idref="oc-d7"/>
      </symbol>
      <symbol id="sm-475">
         <name>_Counter_State1_AutoReset</name>
         <value>0xc038</value>
         <object_component_ref idref="oc-d7"/>
      </symbol>
      <symbol id="sm-476">
         <name>_Turn_on_system</name>
         <value>0x33829b</value>
         <object_component_ref idref="oc-141"/>
      </symbol>
      <symbol id="sm-477">
         <name>_Flag_ZCD</name>
         <value>0xc01e</value>
         <object_component_ref idref="oc-d7"/>
      </symbol>
      <symbol id="sm-478">
         <name>_Turn_on_power</name>
         <value>0x338201</value>
         <object_component_ref idref="oc-141"/>
      </symbol>
      <symbol id="sm-479">
         <name>_Flag_Balancer_ClearTrip</name>
         <value>0xc044</value>
         <object_component_ref idref="oc-d7"/>
      </symbol>
      <symbol id="sm-47a">
         <name>_Flag_Start</name>
         <value>0xc0a4</value>
         <object_component_ref idref="oc-d7"/>
      </symbol>
      <symbol id="sm-47b">
         <name>_mains_voltage_tolerance1</name>
         <value>0xc003</value>
         <object_component_ref idref="oc-d7"/>
      </symbol>
      <symbol id="sm-47c">
         <name>_battery_type1</name>
         <value>0xc011</value>
         <object_component_ref idref="oc-d7"/>
      </symbol>
      <symbol id="sm-47d">
         <name>_Flag_StratUp</name>
         <value>0xc02e</value>
         <object_component_ref idref="oc-d7"/>
      </symbol>
      <symbol id="sm-47e">
         <name>_Coil</name>
         <value>0xc0b4</value>
         <object_component_ref idref="oc-d7"/>
      </symbol>
      <symbol id="sm-47f">
         <name>_modbusFn</name>
         <value>0xc02f</value>
         <object_component_ref idref="oc-d7"/>
      </symbol>
      <symbol id="sm-480">
         <name>_quick_voltage1</name>
         <value>0xc00d</value>
         <object_component_ref idref="oc-d7"/>
      </symbol>
      <symbol id="sm-481">
         <name>_Flag_ContactorFault</name>
         <value>0xc01a</value>
         <object_component_ref idref="oc-d7"/>
      </symbol>
      <symbol id="sm-482">
         <name>_Irms_R</name>
         <value>0xc084</value>
         <object_component_ref idref="oc-d7"/>
      </symbol>
      <symbol id="sm-483">
         <name>_Irms_S</name>
         <value>0xc082</value>
         <object_component_ref idref="oc-d7"/>
      </symbol>
      <symbol id="sm-484">
         <name>_Irms_T</name>
         <value>0xc078</value>
         <object_component_ref idref="oc-d7"/>
      </symbol>
      <symbol id="sm-485">
         <name>_SystemIsHot</name>
         <value>0xc03e</value>
         <object_component_ref idref="oc-d7"/>
      </symbol>
      <symbol id="sm-486">
         <name>_mains_nominal_voltage1</name>
         <value>0xc012</value>
         <object_component_ref idref="oc-d7"/>
      </symbol>
      <symbol id="sm-487">
         <name>_Vrms_R</name>
         <value>0xc062</value>
         <object_component_ref idref="oc-d7"/>
      </symbol>
      <symbol id="sm-488">
         <name>_Vrms_S</name>
         <value>0xc06c</value>
         <object_component_ref idref="oc-d7"/>
      </symbol>
      <symbol id="sm-489">
         <name>_Vrms_T</name>
         <value>0xc07e</value>
         <object_component_ref idref="oc-d7"/>
      </symbol>
      <symbol id="sm-48a">
         <name>_Counter_Delay_Contactor</name>
         <value>0xc03f</value>
         <object_component_ref idref="oc-d7"/>
      </symbol>
      <symbol id="sm-48b">
         <name>_ModbusHoldingRegUpdate</name>
         <value>0x338354</value>
         <object_component_ref idref="oc-141"/>
      </symbol>
      <symbol id="sm-48c">
         <name>_Flag_RecFault</name>
         <value>0xc024</value>
         <object_component_ref idref="oc-d7"/>
      </symbol>
      <symbol id="sm-48d">
         <name>_PowerGood</name>
         <value>0xc029</value>
         <object_component_ref idref="oc-d7"/>
      </symbol>
      <symbol id="sm-48e">
         <name>_DutyS</name>
         <value>0xc09e</value>
         <object_component_ref idref="oc-d7"/>
      </symbol>
      <symbol id="sm-48f">
         <name>_DutyR</name>
         <value>0xc08c</value>
         <object_component_ref idref="oc-d7"/>
      </symbol>
      <symbol id="sm-490">
         <name>_DutyT</name>
         <value>0xc09c</value>
         <object_component_ref idref="oc-d7"/>
      </symbol>
      <symbol id="sm-491">
         <name>_deep_dischage_voltage</name>
         <value>0xc04c</value>
         <object_component_ref idref="oc-d7"/>
      </symbol>
      <symbol id="sm-492">
         <name>_Delay_Null_Contactor</name>
         <value>0xc04b</value>
         <object_component_ref idref="oc-d7"/>
      </symbol>
      <symbol id="sm-493">
         <name>_Counter_AfterReset</name>
         <value>0xc045</value>
         <object_component_ref idref="oc-d7"/>
      </symbol>
      <symbol id="sm-494">
         <name>_Initial_Settings</name>
         <value>0x3387a6</value>
         <object_component_ref idref="oc-141"/>
      </symbol>
      <symbol id="sm-495">
         <name>_vrms_mains_min</name>
         <value>0xc080</value>
         <object_component_ref idref="oc-d7"/>
      </symbol>
      <symbol id="sm-496">
         <name>_Flag_BatConnected</name>
         <value>0xc021</value>
         <object_component_ref idref="oc-d7"/>
      </symbol>
      <symbol id="sm-497">
         <name>_Flag_UnbalanceVoltageFault</name>
         <value>0xc031</value>
         <object_component_ref idref="oc-d7"/>
      </symbol>
      <symbol id="sm-498">
         <name>_I_T</name>
         <value>0xc096</value>
         <object_component_ref idref="oc-d7"/>
      </symbol>
      <symbol id="sm-499">
         <name>_I_S</name>
         <value>0xc098</value>
         <object_component_ref idref="oc-d7"/>
      </symbol>
      <symbol id="sm-49a">
         <name>_I_R</name>
         <value>0xc094</value>
         <object_component_ref idref="oc-d7"/>
      </symbol>
      <symbol id="sm-49b">
         <name>_Vars1_h1</name>
         <value>0xc190</value>
         <object_component_ref idref="oc-d7"/>
      </symbol>
      <symbol id="sm-49c">
         <name>_Vars1_h3</name>
         <value>0xc1a0</value>
         <object_component_ref idref="oc-d7"/>
      </symbol>
      <symbol id="sm-49d">
         <name>_Vars1_h5</name>
         <value>0xc1b0</value>
         <object_component_ref idref="oc-d7"/>
      </symbol>
      <symbol id="sm-49e">
         <name>_UpsStatus3</name>
         <value>0xc02b</value>
         <object_component_ref idref="oc-d7"/>
      </symbol>
      <symbol id="sm-49f">
         <name>_UpsStatus2</name>
         <value>0xc034</value>
         <object_component_ref idref="oc-d7"/>
      </symbol>
      <symbol id="sm-4a0">
         <name>_UpsStatus1</name>
         <value>0xc02d</value>
         <object_component_ref idref="oc-d7"/>
      </symbol>
      <symbol id="sm-4a1">
         <name>_UpsStatus4</name>
         <value>0xc02a</value>
         <object_component_ref idref="oc-d7"/>
      </symbol>
      <symbol id="sm-4a2">
         <name>_K</name>
         <value>0xc07a</value>
         <object_component_ref idref="oc-d7"/>
      </symbol>
      <symbol id="sm-4a3">
         <name>_deep_dischage_voltage1</name>
         <value>0xc00c</value>
         <object_component_ref idref="oc-d7"/>
      </symbol>
      <symbol id="sm-4a4">
         <name>_Counter_Start</name>
         <value>0xc001</value>
         <object_component_ref idref="oc-d7"/>
      </symbol>
      <symbol id="sm-4a5">
         <name>_cntl_pi10</name>
         <value>0xc2c0</value>
         <object_component_ref idref="oc-d7"/>
      </symbol>
      <symbol id="sm-4a6">
         <name>_VBuck_Start</name>
         <value>0xc06e</value>
         <object_component_ref idref="oc-d7"/>
      </symbol>
      <symbol id="sm-4a7">
         <name>_Counter_TurnOn</name>
         <value>0xc047</value>
         <object_component_ref idref="oc-d7"/>
      </symbol>
      <symbol id="sm-4a8">
         <name>_sine_mainsV_S</name>
         <value>0xc3c0</value>
         <object_component_ref idref="oc-d7"/>
      </symbol>
      <symbol id="sm-4a9">
         <name>_sine_mainsV_R</name>
         <value>0xc400</value>
         <object_component_ref idref="oc-d7"/>
      </symbol>
      <symbol id="sm-4aa">
         <name>_sine_mainsV_T</name>
         <value>0xc440</value>
         <object_component_ref idref="oc-d7"/>
      </symbol>
      <symbol id="sm-4ab">
         <name>_I_DC</name>
         <value>0xc066</value>
         <object_component_ref idref="oc-d7"/>
      </symbol>
      <symbol id="sm-4ac">
         <name>_Flag_MainsOff1</name>
         <value>0xc01f</value>
         <object_component_ref idref="oc-d7"/>
      </symbol>
      <symbol id="sm-4ad">
         <name>_Flag_MainsOff3</name>
         <value>0xc027</value>
         <object_component_ref idref="oc-d7"/>
      </symbol>
      <symbol id="sm-4ae">
         <name>_Flag_MainsOff2</name>
         <value>0xc020</value>
         <object_component_ref idref="oc-d7"/>
      </symbol>
      <symbol id="sm-4c5">
         <name>_SINEANALYZER_DIFF_wPWR_F_init</name>
         <value>0x339250</value>
         <object_component_ref idref="oc-155"/>
      </symbol>
      <symbol id="sm-4c6">
         <name>_SINEANALYZER_DIFF_wPWR_F_FUNC</name>
         <value>0x9b11</value>
         <object_component_ref idref="oc-144"/>
      </symbol>
      <symbol id="sm-4df">
         <name>_SPLL_1ph_SOGI_F_FUNC</name>
         <value>0x98d8</value>
         <object_component_ref idref="oc-143"/>
      </symbol>
      <symbol id="sm-4e0">
         <name>_SPLL_1ph_SOGI_F_init</name>
         <value>0x338e21</value>
         <object_component_ref idref="oc-156"/>
      </symbol>
      <symbol id="sm-4e1">
         <name>_SPLL_1ph_SOGI_F_coeff_update</name>
         <value>0x338edf</value>
         <object_component_ref idref="oc-156"/>
      </symbol>
      <symbol id="sm-4ef">
         <name>_UPS_init</name>
         <value>0x3392ce</value>
         <object_component_ref idref="oc-157"/>
      </symbol>
      <symbol id="sm-4f0">
         <name>_UPS</name>
         <value>0xc4f2</value>
         <object_component_ref idref="oc-e8"/>
      </symbol>
      <symbol id="sm-56b">
         <name>_InputRegPtr</name>
         <value>0xc514</value>
         <object_component_ref idref="oc-f9"/>
      </symbol>
      <symbol id="sm-56c">
         <name>_SdataEndIndex</name>
         <value>0xc501</value>
         <object_component_ref idref="oc-f9"/>
      </symbol>
      <symbol id="sm-56d">
         <name>_ModbusEntryHoldingRegistrAddress</name>
         <value>0x3390d4</value>
         <object_component_ref idref="oc-14f"/>
      </symbol>
      <symbol id="sm-56e">
         <name>_sciaRxFifoIsr</name>
         <value>0x9daa</value>
         <object_component_ref idref="oc-fb"/>
      </symbol>
      <symbol id="sm-56f">
         <name>_cpu_timer0_isr</name>
         <value>0x339595</value>
         <object_component_ref idref="oc-fa"/>
      </symbol>
      <symbol id="sm-570">
         <name>_modbus_rtu_init</name>
         <value>0x338f87</value>
         <object_component_ref idref="oc-14f"/>
      </symbol>
      <symbol id="sm-571">
         <name>_time_out_reached</name>
         <value>0xc500</value>
         <object_component_ref idref="oc-f9"/>
      </symbol>
      <symbol id="sm-572">
         <name>_scia_Tx_fifo_init</name>
         <value>0x9882</value>
         <object_component_ref idref="oc-151"/>
      </symbol>
      <symbol id="sm-573">
         <name>_HoldingRegPtr</name>
         <value>0xc512</value>
         <object_component_ref idref="oc-f9"/>
      </symbol>
      <symbol id="sm-574">
         <name>_rdata_pointA</name>
         <value>0xc504</value>
         <object_component_ref idref="oc-f9"/>
      </symbol>
      <symbol id="sm-575">
         <name>_sdataA</name>
         <value>0xc540</value>
         <object_component_ref idref="oc-f9"/>
      </symbol>
      <symbol id="sm-576">
         <name>_rdataA</name>
         <value>0xc640</value>
         <object_component_ref idref="oc-f9"/>
      </symbol>
      <symbol id="sm-577">
         <name>_sciaTxFifoIsr</name>
         <value>0x9d6f</value>
         <object_component_ref idref="oc-fb"/>
      </symbol>
      <symbol id="sm-578">
         <name>_CoilPtr</name>
         <value>0xc516</value>
         <object_component_ref idref="oc-f9"/>
      </symbol>
      <symbol id="sm-579">
         <name>_scia_fifo_init</name>
         <value>0x3390c1</value>
         <object_component_ref idref="oc-14f"/>
      </symbol>
      <symbol id="sm-57a">
         <name>_ModbusEntryHoldingRegistrQty</name>
         <value>0x3390d8</value>
         <object_component_ref idref="oc-14f"/>
      </symbol>
      <symbol id="sm-57b">
         <name>_ModbusHandler</name>
         <value>0x988e</value>
         <object_component_ref idref="oc-151"/>
      </symbol>
      <symbol id="sm-57c">
         <name>_sdata_pointA</name>
         <value>0xc506</value>
         <object_component_ref idref="oc-f9"/>
      </symbol>
      <symbol id="sm-57d">
         <name>_ModbusEntryCoilQty</name>
         <value>0x3390e0</value>
         <object_component_ref idref="oc-14f"/>
      </symbol>
      <symbol id="sm-57e">
         <name>_ModbusEntryCoilAddress</name>
         <value>0x3390dc</value>
         <object_component_ref idref="oc-14f"/>
      </symbol>
      <symbol id="sm-586">
         <name>FS$$DIV</name>
         <value>0x3395c7</value>
         <object_component_ref idref="oc-100"/>
      </symbol>
      <symbol id="sm-5a1">
         <name>_c_int00</name>
         <value>0x339327</value>
         <object_component_ref idref="oc-57"/>
      </symbol>
      <symbol id="sm-5a2">
         <name>__stack</name>
         <value>0x400</value>
         <object_component_ref idref="oc-104"/>
      </symbol>
      <symbol id="sm-5b1">
         <name>__args_main</name>
         <value>0x3395ae</value>
         <object_component_ref idref="oc-13f"/>
      </symbol>
      <symbol id="sm-5bd">
         <name>__system_post_cinit</name>
         <value>0x3395f3</value>
         <object_component_ref idref="oc-13e"/>
      </symbol>
      <symbol id="sm-5c9">
         <name>__system_pre_init</name>
         <value>0x3395f1</value>
         <object_component_ref idref="oc-13c"/>
      </symbol>
      <symbol id="sm-5d8">
         <name>_copy_in</name>
         <value>0x339512</value>
         <object_component_ref idref="oc-13d"/>
      </symbol>
      <symbol id="sm-5e0">
         <name>_cos</name>
         <value>0x339459</value>
         <object_component_ref idref="oc-11e"/>
      </symbol>
      <symbol id="sm-5e8">
         <name>_FPUcosTableEnd</name>
         <value>0x3ff0de</value>
         <object_component_ref idref="oc-122"/>
      </symbol>
      <symbol id="sm-5e9">
         <name>_FPUatan2TableEnd</name>
         <value>0x3ff268</value>
         <object_component_ref idref="oc-122"/>
      </symbol>
      <symbol id="sm-5ea">
         <name>_FPUatan2Table</name>
         <value>0x3ff0e2</value>
         <object_component_ref idref="oc-122"/>
      </symbol>
      <symbol id="sm-5eb">
         <name>_FPUsinTable</name>
         <value>0x3febdc</value>
         <object_component_ref idref="oc-122"/>
      </symbol>
      <symbol id="sm-5ec">
         <name>_FPUcosTable</name>
         <value>0x3fecdc</value>
         <object_component_ref idref="oc-122"/>
      </symbol>
      <symbol id="sm-5ed">
         <name>_FPUatan2HalfPITable</name>
         <value>0x3ff0de</value>
         <object_component_ref idref="oc-122"/>
      </symbol>
      <symbol id="sm-5ee">
         <name>_FPUsinTableEnd</name>
         <value>0x3fefdc</value>
         <object_component_ref idref="oc-122"/>
      </symbol>
      <symbol id="sm-602">
         <name>C$$EXIT</name>
         <value>0x3394c1</value>
         <object_component_ref idref="oc-140"/>
      </symbol>
      <symbol id="sm-603">
         <name>_exit</name>
         <value>0x3394c3</value>
         <object_component_ref idref="oc-140"/>
      </symbol>
      <symbol id="sm-604">
         <name>___TI_cleanup_ptr</name>
         <value>0xc742</value>
         <object_component_ref idref="oc-125"/>
      </symbol>
      <symbol id="sm-605">
         <name>___TI_enable_exit_profile_output</name>
         <value>0xc740</value>
         <object_component_ref idref="oc-125"/>
      </symbol>
      <symbol id="sm-606">
         <name>_abort</name>
         <value>0x3394c1</value>
         <object_component_ref idref="oc-140"/>
      </symbol>
      <symbol id="sm-607">
         <name>___TI_dtors_ptr</name>
         <value>0xc744</value>
         <object_component_ref idref="oc-125"/>
      </symbol>
      <symbol id="sm-61b">
         <name>__unlock</name>
         <value>0xc4fe</value>
         <object_component_ref idref="oc-15d"/>
      </symbol>
      <symbol id="sm-61c">
         <name>__lock</name>
         <value>0xc4fc</value>
         <object_component_ref idref="oc-14b"/>
      </symbol>
      <symbol id="sm-61d">
         <name>__register_lock</name>
         <value>0x3395e4</value>
         <object_component_ref idref="oc-158"/>
      </symbol>
      <symbol id="sm-61e">
         <name>__nop</name>
         <value>0x3395e8</value>
         <object_component_ref idref="oc-158"/>
      </symbol>
      <symbol id="sm-61f">
         <name>__register_unlock</name>
         <value>0x3395e0</value>
         <object_component_ref idref="oc-158"/>
      </symbol>
      <symbol id="sm-630">
         <name>_memcpy</name>
         <value>0x339577</value>
         <object_component_ref idref="oc-14a"/>
      </symbol>
      <symbol id="sm-638">
         <name>_sin</name>
         <value>0x33948d</value>
         <object_component_ref idref="oc-134"/>
      </symbol>
      <symbol id="sm-640">
         <name>_sqrt</name>
         <value>0x339536</value>
         <object_component_ref idref="oc-138"/>
      </symbol>
   </symbol_table>
   <title>Link successful</title>
</link_info>
