EN pwm_check NULL D:/New/LastTries/CPLD/ISE_CPLD_3_09_98/pwm_check.vhd sub00/vhpl00 1575545199
EN test1 NULL D:/CPLD/ISE_CPLD_09_10_98/test1.vhd sub00/vhpl02 1642506816
AR pwm_check behavioral D:/New/LastTries/CPLD/ISE_CPLD_3_09_98/pwm_check.vhd sub00/vhpl01 1575545200
AR test1 behavioral D:/CPLD/ISE_CPLD_09_10_98/test1.vhd sub00/vhpl03 1642506817
