******************************************************************************
             TMS320C2000 Linker PC v16.9.1                     
******************************************************************************
>> Linked Mon Feb 21 08:57:13 2022

OUTPUT FILE NAME:   <Charger4w.out>
ENTRY POINT SYMBOL: "_c_int00"  address: 00338a65


MEMORY CONFIGURATION

         name            origin    length      used     unused   attr    fill
----------------------  --------  ---------  --------  --------  ----  --------
PAGE 0:
  ZONE0                 00004000   00001000  00000000  00001000  RWIX
  RAML0                 00008000   00001000  00000311  00000cef  RWIX
  RAML1                 00009000   00001000  00000237  00000dc9  RWIX
  RAML2                 0000a000   00001000  00000000  00001000  RWIX
  RAML3                 0000b000   00001000  00000000  00001000  RWIX
  ZONE6                 00100000   00100000  00000000  00100000  RWIX
  ZONE7A                00200000   0000fc00  00000000  0000fc00  RWIX
  FLASHH                00300000   00008000  00000000  00008000  RWIX
  FLASHG                00308000   00008000  00000000  00008000  RWIX
  FLASHF                00310000   00008000  00000000  00008000  RWIX
  FLASHE                00318000   00008000  00000000  00008000  RWIX
  FLASHD                00320000   00008000  00000548  00007ab8  RWIX
  FLASHC                00328000   00008000  00000000  00008000  RWIX
  FLASHA                00338000   00007f80  00000d9e  000071e2  RWIX
  CSM_RSVD              0033ff80   00000076  00000000  00000076  RWIX
  BEGIN                 0033fff6   00000002  00000002  00000000  RWIX
  CSM_PWL               0033fff8   00000008  00000000  00000008  RWIX
  ADC_CAL               00380080   00000009  00000007  00000002  RWIX
  OTP                   00380400   00000400  00000000  00000400  RWIX
  IQTABLES              003fe000   00000b50  00000000  00000b50  RWIX
  IQTABLES2             003feb50   0000008c  00000000  0000008c  RWIX
  FPUTABLES             003febdc   000006a0  000006a0  00000000  RWIX
  ROM                   003ff27c   00000d44  00000000  00000d44  RWIX
  RESET                 003fffc0   00000002  00000000  00000002  RWIX
  VECTORS               003fffc2   0000003e  00000000  0000003e  RWIX

PAGE 1:
  BOOT_RSVD             00000000   00000050  00000000  00000050  RWIX
  RAMM0                 00000050   000003b0  00000000  000003b0  RWIX
  RAMM1                 00000400   00000400  00000400  00000000  RWIX
  DEV_EMU               00000880   00000180  000000d0  000000b0  RWIX
  FLASH_REGS            00000a80   00000060  00000008  00000058  RWIX
  CSM                   00000ae0   00000010  00000010  00000000  RWIX
  ADC_MIRROR            00000b00   00000010  00000010  00000000  RWIX
  XINTF                 00000b20   00000020  0000001e  00000002  RWIX
  CPU_TIMER0            00000c00   00000008  00000008  00000000  RWIX
  CPU_TIMER1            00000c08   00000008  00000008  00000000  RWIX
  CPU_TIMER2            00000c10   00000008  00000008  00000000  RWIX
  PIE_CTRL              00000ce0   00000020  0000001a  00000006  RWIX
  PIE_VECT              00000d00   00000100  00000100  00000000  RWIX
  DMA                   00001000   00000200  000000e0  00000120  RWIX
  MCBSPA                00005000   00000040  00000025  0000001b  RWIX
  MCBSPB                00005040   00000040  00000025  0000001b  RWIX
  ECANA                 00006000   00000040  00000034  0000000c  RWIX
  ECANA_LAM             00006040   00000040  00000040  00000000  RWIX
  ECANA_MOTS            00006080   00000040  00000040  00000000  RWIX
  ECANA_MOTO            000060c0   00000040  00000040  00000000  RWIX
  ECANA_MBOX            00006100   00000100  00000100  00000000  RWIX
  ECANB                 00006200   00000040  00000034  0000000c  RWIX
  ECANB_LAM             00006240   00000040  00000040  00000000  RWIX
  ECANB_MOTS            00006280   00000040  00000040  00000000  RWIX
  ECANB_MOTO            000062c0   00000040  00000040  00000000  RWIX
  ECANB_MBOX            00006300   00000100  00000100  00000000  RWIX
  EPWM1                 00006800   00000022  00000022  00000000  RWIX
  EPWM2                 00006840   00000022  00000022  00000000  RWIX
  EPWM3                 00006880   00000022  00000022  00000000  RWIX
  EPWM4                 000068c0   00000022  00000022  00000000  RWIX
  EPWM5                 00006900   00000022  00000022  00000000  RWIX
  EPWM6                 00006940   00000022  00000022  00000000  RWIX
  ECAP1                 00006a00   00000020  00000020  00000000  RWIX
  ECAP2                 00006a20   00000020  00000020  00000000  RWIX
  ECAP3                 00006a40   00000020  00000020  00000000  RWIX
  ECAP4                 00006a60   00000020  00000020  00000000  RWIX
  ECAP5                 00006a80   00000020  00000020  00000000  RWIX
  ECAP6                 00006aa0   00000020  00000020  00000000  RWIX
  EQEP1                 00006b00   00000040  00000040  00000000  RWIX
  EQEP2                 00006b40   00000040  00000040  00000000  RWIX
  GPIOCTRL              00006f80   00000040  0000002e  00000012  RWIX
  GPIODAT               00006fc0   00000020  00000020  00000000  RWIX
  GPIOINT               00006fe0   00000020  0000000a  00000016  RWIX
  SYSTEM                00007010   00000020  00000020  00000000  RWIX
  SPIA                  00007040   00000010  00000010  00000000  RWIX
  SCIA                  00007050   00000010  00000010  00000000  RWIX
  XINTRUPT              00007070   00000010  00000010  00000000  RWIX
  ADC                   00007100   00000020  0000001e  00000002  RWIX
  SCIB                  00007750   00000010  00000010  00000000  RWIX
  SCIC                  00007770   00000010  00000010  00000000  RWIX
  I2CA                  00007900   00000040  00000022  0000001e  RWIX
  RAML4                 0000c000   00001000  00000660  000009a0  RWIX
  RAML5                 0000d000   00001000  00000000  00001000  RWIX
  RAML6                 0000e000   00001000  00000000  00001000  RWIX
  RAML7                 0000f000   00001000  00000000  00001000  RWIX
  ZONE7B                0020fc00   00000400  00000000  00000400  RWIX
  FLASHB                00330000   00008000  00000000  00008000  RWIX
  CSM_PWL               0033fff8   00000008  00000008  00000000  RWIX
  PARTID                00380090   00000001  00000001  00000000  RWIX


SECTION ALLOCATION MAP

 output                                  attributes/
section   page    origin      length       input sections
--------  ----  ----------  ----------   ----------------
ramfuncs   0    00320000    00000311     RUN ADDR = 00008000
                  00320000    000002f2     Rectifier-Main.obj (ramfuncs:retain)
                  003202f2    0000001b     Rectifier-DevInit.obj (ramfuncs)
                  0032030d    00000004     DSP2833x_usDelay.obj (ramfuncs)

ramfuncs2 
*          0    00320311    00000237     RUN ADDR = 00009000
                  00320311    000001aa     SINEANALYZER_DIFF_wPWR_F.obj (ramfuncs2)
                  003204bb    0000008d     modbus-rtu.obj (ramfuncs2:retain)

.text      0    00338000    00000c56     
                  00338000    00000316     DSP2833x_DefaultIsr.obj (.text:retain)
                  00338316    00000223     Rectifier-Main.obj (.text)
                  00338539    000001ad     PWM_Setup.obj (.text)
                  003386e6    00000195     IO_Setup.obj (.text)
                  0033887b    000000df     Rectifier-DevInit.obj (.text)
                  0033895a    0000008d     ADC_Setup.obj (.text)
                  003389e7    0000007e     SINEANALYZER_DIFF_wPWR_F.obj (.text)
                  00338a65    00000056     rts2800_fpu32.lib : boot28.obj (.text)
                  00338abb    00000034     rts2800_fpu32_fast_supplement.lib : cos_f32.obj (.text)
                  00338aef    00000034                                       : sin_f32.obj (.text)
                  00338b23    00000029     rts2800_fpu32.lib : exit.obj (.text)
                  00338b4c    00000028     DSP2833x_PieCtrl.obj (.text)
                  00338b74    00000024     rts2800_fpu32.lib : cpy_tbl.obj (.text)
                  00338b98    00000021     rts2800_fpu32_fast_supplement.lib : sqrt_f32.obj (.text)
                  00338bb9    00000020     DSP2833x_PieVect.obj (.text)
                  00338bd9    0000001e     rts2800_fpu32.lib : memcpy.obj (.text)
                  00338bf7    00000019     modbus-rtu.obj (.text:retain)
                  00338c10    00000019     rts2800_fpu32.lib : args_main.obj (.text)
                  00338c29    00000019     rts2800_fpu32_fast_supplement.lib : div_f32.obj (.text)
                  00338c42    00000009     rts2800_fpu32.lib : _lock.obj (.text)
                  00338c4b    00000008     DSP2833x_CodeStartBranch.obj (.text)
                  00338c53    00000002     rts2800_fpu32.lib : pre_init.obj (.text)
                  00338c55    00000001                       : startup.obj (.text)

.econst    0    00338c56    00000100     
                  00338c56    00000100     DSP2833x_PieVect.obj (.econst:_PieVectTableInit)

.cinit     0    00338d56    00000048     
                  00338d56    0000002a     Rectifier-Main.obj (.cinit)
                  00338d80    0000000e     rts2800_fpu32.lib : exit.obj (.cinit)
                  00338d8e    00000005                       : _lock.obj (.cinit:__lock)
                  00338d93    00000005                       : _lock.obj (.cinit:__unlock)
                  00338d98    00000004     modbus-rtu.obj (.cinit)
                  00338d9c    00000002     --HOLE-- [fill = 0]

codestart 
*          0    0033fff6    00000002     
                  0033fff6    00000002     DSP2833x_CodeStartBranch.obj (codestart)

.adc_cal   0    00380080    00000007     NOLOAD SECTION
                  00380080    00000007     DSP2833x_ADC_cal.obj (.adc_cal)

FPUmathTables 
*          0    003febdc    000006a0     NOLOAD SECTION
                  003febdc    000006a0     rts2800_fpu32_fast_supplement.lib : FPUmathTables.obj (FPUmathTables)

.stack     1    00000400    00000400     UNINITIALIZED
                  00000400    00000400     --HOLE--

DevEmuRegsFile 
*          1    00000880    000000d0     UNINITIALIZED
                  00000880    000000d0     DSP2833x_GlobalVariableDefs.obj (DevEmuRegsFile)

FlashRegsFile 
*          1    00000a80    00000008     UNINITIALIZED
                  00000a80    00000008     DSP2833x_GlobalVariableDefs.obj (FlashRegsFile)

CsmRegsFile 
*          1    00000ae0    00000010     UNINITIALIZED
                  00000ae0    00000010     DSP2833x_GlobalVariableDefs.obj (CsmRegsFile)

AdcMirrorFile 
*          1    00000b00    00000010     UNINITIALIZED
                  00000b00    00000010     DSP2833x_GlobalVariableDefs.obj (AdcMirrorFile)

XintfRegsFile 
*          1    00000b20    0000001e     UNINITIALIZED
                  00000b20    0000001e     DSP2833x_GlobalVariableDefs.obj (XintfRegsFile)

CpuTimer0RegsFile 
*          1    00000c00    00000008     UNINITIALIZED
                  00000c00    00000008     DSP2833x_GlobalVariableDefs.obj (CpuTimer0RegsFile)

CpuTimer1RegsFile 
*          1    00000c08    00000008     UNINITIALIZED
                  00000c08    00000008     DSP2833x_GlobalVariableDefs.obj (CpuTimer1RegsFile)

CpuTimer2RegsFile 
*          1    00000c10    00000008     UNINITIALIZED
                  00000c10    00000008     DSP2833x_GlobalVariableDefs.obj (CpuTimer2RegsFile)

PieCtrlRegsFile 
*          1    00000ce0    0000001a     UNINITIALIZED
                  00000ce0    0000001a     DSP2833x_GlobalVariableDefs.obj (PieCtrlRegsFile)

PieVectTableFile 
*          1    00000d00    00000100     UNINITIALIZED
                  00000d00    00000100     DSP2833x_GlobalVariableDefs.obj (PieVectTableFile)

DmaRegsFile 
*          1    00001000    000000e0     UNINITIALIZED
                  00001000    000000e0     DSP2833x_GlobalVariableDefs.obj (DmaRegsFile)

McbspaRegsFile 
*          1    00005000    00000025     UNINITIALIZED
                  00005000    00000025     DSP2833x_GlobalVariableDefs.obj (McbspaRegsFile)

McbspbRegsFile 
*          1    00005040    00000025     UNINITIALIZED
                  00005040    00000025     DSP2833x_GlobalVariableDefs.obj (McbspbRegsFile)

ECanaRegsFile 
*          1    00006000    00000034     UNINITIALIZED
                  00006000    00000034     DSP2833x_GlobalVariableDefs.obj (ECanaRegsFile)

ECanaLAMRegsFile 
*          1    00006040    00000040     UNINITIALIZED
                  00006040    00000040     DSP2833x_GlobalVariableDefs.obj (ECanaLAMRegsFile)

ECanaMOTSRegsFile 
*          1    00006080    00000040     UNINITIALIZED
                  00006080    00000040     DSP2833x_GlobalVariableDefs.obj (ECanaMOTSRegsFile)

ECanaMOTORegsFile 
*          1    000060c0    00000040     UNINITIALIZED
                  000060c0    00000040     DSP2833x_GlobalVariableDefs.obj (ECanaMOTORegsFile)

ECanaMboxesFile 
*          1    00006100    00000100     UNINITIALIZED
                  00006100    00000100     DSP2833x_GlobalVariableDefs.obj (ECanaMboxesFile)

ECanbRegsFile 
*          1    00006200    00000034     UNINITIALIZED
                  00006200    00000034     DSP2833x_GlobalVariableDefs.obj (ECanbRegsFile)

ECanbLAMRegsFile 
*          1    00006240    00000040     UNINITIALIZED
                  00006240    00000040     DSP2833x_GlobalVariableDefs.obj (ECanbLAMRegsFile)

ECanbMOTSRegsFile 
*          1    00006280    00000040     UNINITIALIZED
                  00006280    00000040     DSP2833x_GlobalVariableDefs.obj (ECanbMOTSRegsFile)

ECanbMOTORegsFile 
*          1    000062c0    00000040     UNINITIALIZED
                  000062c0    00000040     DSP2833x_GlobalVariableDefs.obj (ECanbMOTORegsFile)

ECanbMboxesFile 
*          1    00006300    00000100     UNINITIALIZED
                  00006300    00000100     DSP2833x_GlobalVariableDefs.obj (ECanbMboxesFile)

EPwm1RegsFile 
*          1    00006800    00000022     UNINITIALIZED
                  00006800    00000022     DSP2833x_GlobalVariableDefs.obj (EPwm1RegsFile)

EPwm2RegsFile 
*          1    00006840    00000022     UNINITIALIZED
                  00006840    00000022     DSP2833x_GlobalVariableDefs.obj (EPwm2RegsFile)

EPwm3RegsFile 
*          1    00006880    00000022     UNINITIALIZED
                  00006880    00000022     DSP2833x_GlobalVariableDefs.obj (EPwm3RegsFile)

EPwm4RegsFile 
*          1    000068c0    00000022     UNINITIALIZED
                  000068c0    00000022     DSP2833x_GlobalVariableDefs.obj (EPwm4RegsFile)

EPwm5RegsFile 
*          1    00006900    00000022     UNINITIALIZED
                  00006900    00000022     DSP2833x_GlobalVariableDefs.obj (EPwm5RegsFile)

EPwm6RegsFile 
*          1    00006940    00000022     UNINITIALIZED
                  00006940    00000022     DSP2833x_GlobalVariableDefs.obj (EPwm6RegsFile)

ECap1RegsFile 
*          1    00006a00    00000020     UNINITIALIZED
                  00006a00    00000020     DSP2833x_GlobalVariableDefs.obj (ECap1RegsFile)

ECap2RegsFile 
*          1    00006a20    00000020     UNINITIALIZED
                  00006a20    00000020     DSP2833x_GlobalVariableDefs.obj (ECap2RegsFile)

ECap3RegsFile 
*          1    00006a40    00000020     UNINITIALIZED
                  00006a40    00000020     DSP2833x_GlobalVariableDefs.obj (ECap3RegsFile)

ECap4RegsFile 
*          1    00006a60    00000020     UNINITIALIZED
                  00006a60    00000020     DSP2833x_GlobalVariableDefs.obj (ECap4RegsFile)

ECap5RegsFile 
*          1    00006a80    00000020     UNINITIALIZED
                  00006a80    00000020     DSP2833x_GlobalVariableDefs.obj (ECap5RegsFile)

ECap6RegsFile 
*          1    00006aa0    00000020     UNINITIALIZED
                  00006aa0    00000020     DSP2833x_GlobalVariableDefs.obj (ECap6RegsFile)

EQep1RegsFile 
*          1    00006b00    00000040     UNINITIALIZED
                  00006b00    00000040     DSP2833x_GlobalVariableDefs.obj (EQep1RegsFile)

EQep2RegsFile 
*          1    00006b40    00000040     UNINITIALIZED
                  00006b40    00000040     DSP2833x_GlobalVariableDefs.obj (EQep2RegsFile)

GpioCtrlRegsFile 
*          1    00006f80    0000002e     UNINITIALIZED
                  00006f80    0000002e     DSP2833x_GlobalVariableDefs.obj (GpioCtrlRegsFile)

GpioDataRegsFile 
*          1    00006fc0    00000020     UNINITIALIZED
                  00006fc0    00000020     DSP2833x_GlobalVariableDefs.obj (GpioDataRegsFile)

GpioIntRegsFile 
*          1    00006fe0    0000000a     UNINITIALIZED
                  00006fe0    0000000a     DSP2833x_GlobalVariableDefs.obj (GpioIntRegsFile)

SysCtrlRegsFile 
*          1    00007010    00000020     UNINITIALIZED
                  00007010    00000020     DSP2833x_GlobalVariableDefs.obj (SysCtrlRegsFile)

SpiaRegsFile 
*          1    00007040    00000010     UNINITIALIZED
                  00007040    00000010     DSP2833x_GlobalVariableDefs.obj (SpiaRegsFile)

SciaRegsFile 
*          1    00007050    00000010     UNINITIALIZED
                  00007050    00000010     DSP2833x_GlobalVariableDefs.obj (SciaRegsFile)

XIntruptRegsFile 
*          1    00007070    00000010     UNINITIALIZED
                  00007070    00000010     DSP2833x_GlobalVariableDefs.obj (XIntruptRegsFile)

AdcRegsFile 
*          1    00007100    0000001e     UNINITIALIZED
                  00007100    0000001e     DSP2833x_GlobalVariableDefs.obj (AdcRegsFile)

ScibRegsFile 
*          1    00007750    00000010     UNINITIALIZED
                  00007750    00000010     DSP2833x_GlobalVariableDefs.obj (ScibRegsFile)

ScicRegsFile 
*          1    00007770    00000010     UNINITIALIZED
                  00007770    00000010     DSP2833x_GlobalVariableDefs.obj (ScicRegsFile)

I2caRegsFile 
*          1    00007900    00000022     UNINITIALIZED
                  00007900    00000022     DSP2833x_GlobalVariableDefs.obj (I2caRegsFile)

.ebss      1    0000c000    00000660     UNINITIALIZED
                  0000c000    000003f4     Rectifier-Main.obj (.ebss)
                  0000c3f4    0000000a     UPS_Config.obj (.ebss)
                  0000c3fe    00000002     rts2800_fpu32.lib : _lock.obj (.ebss:__lock)
                  0000c400    00000240     modbus-rtu.obj (.ebss)
                  0000c640    00000018     DSP2833x_CpuTimers.obj (.ebss)
                  0000c658    00000006     rts2800_fpu32.lib : exit.obj (.ebss)
                  0000c65e    00000002                       : _lock.obj (.ebss:__unlock)

CsmPwlFile 
*          1    0033fff8    00000008     UNINITIALIZED
                  0033fff8    00000008     DSP2833x_GlobalVariableDefs.obj (CsmPwlFile)

PartIdRegsFile 
*          1    00380090    00000001     UNINITIALIZED
                  00380090    00000001     DSP2833x_GlobalVariableDefs.obj (PartIdRegsFile)

.pinit     0    00338000    00000000     UNINITIALIZED

.reset     0    003fffc0    00000002     DSECT
                  003fffc0    00000002     rts2800_fpu32.lib : boot28.obj (.reset)

vectors    0    003fffc2    00000000     DSECT

MODULE SUMMARY

       Module                            code   initialized data   uninitialized data
       ------                            ----   ----------------   ------------------
    .\
       Rectifier-Main.obj                2055   42                 1012              
       DSP2833x_GlobalVariableDefs.obj   0      0                  2679              
       SINEANALYZER_DIFF_wPWR_F.obj      978    0                  0                 
       modbus-rtu.obj                    307    4                  576               
       DSP2833x_DefaultIsr.obj           790    0                  0                 
       PWM_Setup.obj                     429    0                  0                 
       IO_Setup.obj                      405    0                  0                 
       DSP2833x_PieVect.obj              32     256                0                 
       Rectifier-DevInit.obj             277    0                  0                 
       ADC_Setup.obj                     141    0                  0                 
       DSP2833x_PieCtrl.obj              40     0                  0                 
       DSP2833x_CpuTimers.obj            0      0                  24                
       DSP2833x_CodeStartBranch.obj      10     0                  0                 
       UPS_Config.obj                    0      0                  10                
       DSP2833x_usDelay.obj              8      0                  0                 
       DSP2833x_ADC_cal.obj              7      0                  0                 
    +--+---------------------------------+------+------------------+--------------------+
       Total:                            5479   302                4301              
                                                                                     
    D:/ti/ccsv7/tools/compiler/ti-cgt-c2000_16.9.1.LTS/lib/rts2800_fpu32.lib
       boot28.obj                        86     0                  0                 
       exit.obj                          41     14                 6                 
       cpy_tbl.obj                       36     0                  0                 
       memcpy.obj                        30     0                  0                 
       args_main.obj                     25     0                  0                 
       _lock.obj                         9      10                 4                 
       pre_init.obj                      2      0                  0                 
       startup.obj                       1      0                  0                 
    +--+---------------------------------+------+------------------+--------------------+
       Total:                            230    24                 10                
                                                                                     
    J:/OFFIC TEST BORD DSP/BoardTest/ChargerBoardTest/rts2800_fpu32_fast_supplement.lib
       FPUmathTables.obj                 0      1696               0                 
       cos_f32.obj                       52     0                  0                 
       sin_f32.obj                       52     0                  0                 
       sqrt_f32.obj                      33     0                  0                 
       div_f32.obj                       25     0                  0                 
    +--+---------------------------------+------+------------------+--------------------+
       Total:                            162    1696               0                 
                                                                                     
       Stack:                            0      0                  1024              
    +--+---------------------------------+------+------------------+--------------------+
       Grand Total:                      5871   2022               5335              


GLOBAL DATA SYMBOLS: SORTED BY DATA PAGE

address     data page           name
--------    ----------------    ----
00000400      10 (00000400)     __stack

00000880      22 (00000880)     _DevEmuRegs

00000a80      2a (00000a80)     _FlashRegs

00000ae0      2b (00000ac0)     _CsmRegs

00000b00      2c (00000b00)     _AdcMirror
00000b20      2c (00000b00)     _XintfRegs

00000c00      30 (00000c00)     _CpuTimer0Regs
00000c08      30 (00000c00)     _CpuTimer1Regs
00000c10      30 (00000c00)     _CpuTimer2Regs

00000ce0      33 (00000cc0)     _PieCtrlRegs

00000d00      34 (00000d00)     _PieVectTable

00001000      40 (00001000)     _DmaRegs

00005000     140 (00005000)     _McbspaRegs

00005040     141 (00005040)     _McbspbRegs

00006000     180 (00006000)     _ECanaRegs

00006040     181 (00006040)     _ECanaLAMRegs

00006080     182 (00006080)     _ECanaMOTSRegs

000060c0     183 (000060c0)     _ECanaMOTORegs

00006100     184 (00006100)     _ECanaMboxes

00006200     188 (00006200)     _ECanbRegs

00006240     189 (00006240)     _ECanbLAMRegs

00006280     18a (00006280)     _ECanbMOTSRegs

000062c0     18b (000062c0)     _ECanbMOTORegs

00006300     18c (00006300)     _ECanbMboxes

00006800     1a0 (00006800)     _EPwm1Regs

00006840     1a1 (00006840)     _EPwm2Regs

00006880     1a2 (00006880)     _EPwm3Regs

000068c0     1a3 (000068c0)     _EPwm4Regs

00006900     1a4 (00006900)     _EPwm5Regs

00006940     1a5 (00006940)     _EPwm6Regs

00006a00     1a8 (00006a00)     _ECap1Regs
00006a20     1a8 (00006a00)     _ECap2Regs

00006a40     1a9 (00006a40)     _ECap3Regs
00006a60     1a9 (00006a40)     _ECap4Regs

00006a80     1aa (00006a80)     _ECap5Regs
00006aa0     1aa (00006a80)     _ECap6Regs

00006b00     1ac (00006b00)     _EQep1Regs

00006b40     1ad (00006b40)     _EQep2Regs

00006f80     1be (00006f80)     _GpioCtrlRegs

00006fc0     1bf (00006fc0)     _GpioDataRegs
00006fe0     1bf (00006fc0)     _GpioIntRegs

00007010     1c0 (00007000)     _SysCtrlRegs

00007040     1c1 (00007040)     _SpiaRegs
00007050     1c1 (00007040)     _SciaRegs
00007070     1c1 (00007040)     _XIntruptRegs

00007100     1c4 (00007100)     _AdcRegs

00007750     1dd (00007740)     _ScibRegs
00007770     1dd (00007740)     _ScicRegs

00007900     1e4 (00007900)     _I2caRegs

0000c000     300 (0000c000)     _Vrms_J44
0000c002     300 (0000c000)     _J11
0000c004     300 (0000c000)     _Vrms_J48
0000c006     300 (0000c000)     _DutyS
0000c008     300 (0000c000)     _DutyT
0000c00a     300 (0000c000)     _Vrms_J46
0000c00c     300 (0000c000)     _DutyR
0000c00e     300 (0000c000)     _Vrms_J57
0000c010     300 (0000c000)     _Vrms_J56
0000c012     300 (0000c000)     _Irms_J19
0000c014     300 (0000c000)     _Vrms_J53
0000c016     300 (0000c000)     _Vrms_J50
0000c018     300 (0000c000)     _Irms_J21
0000c01a     300 (0000c000)     _Vrms_J55
0000c01c     300 (0000c000)     _J21
0000c01e     300 (0000c000)     _J19
0000c020     300 (0000c000)     _J56
0000c022     300 (0000c000)     _J15
0000c024     300 (0000c000)     _J13
0000c026     300 (0000c000)     _J57
0000c028     300 (0000c000)     _J17
0000c02a     300 (0000c000)     _J46
0000c02c     300 (0000c000)     _J48
0000c02e     300 (0000c000)     _Duty_Leg4
0000c030     300 (0000c000)     _J53
0000c032     300 (0000c000)     _J55
0000c034     300 (0000c000)     _J44
0000c036     300 (0000c000)     _Alpha_State_Ptr
0000c038     300 (0000c000)     _Irms_J11
0000c03a     300 (0000c000)     _C_Task_Ptr
0000c03c     300 (0000c000)     _B_Task_Ptr
0000c03e     300 (0000c000)     _Irms_J13

0000c040     301 (0000c040)     _pwm1
0000c042     301 (0000c040)     _Irms_J17
0000c044     301 (0000c040)     _Irms_J15
0000c046     301 (0000c040)     _J50
0000c048     301 (0000c040)     _VTimer1
0000c04c     301 (0000c040)     _VTimer2
0000c050     301 (0000c040)     _VTimer0
0000c054     301 (0000c040)     _PWM

0000c080     302 (0000c080)     _sine_mainsJ53

0000c0c0     303 (0000c0c0)     _sine_mainsJ50

0000c100     304 (0000c100)     _sine_mainsJ56

0000c140     305 (0000c140)     _sine_mainsJ46

0000c180     306 (0000c180)     _sine_mainsJ44

0000c1c0     307 (0000c1c0)     _sine_mainsJ55

0000c200     308 (0000c200)     _sine_mainsJ48

0000c240     309 (0000c240)     _sine_mainsJ15

0000c280     30a (0000c280)     _sine_mainsJ17

0000c2c0     30b (0000c2c0)     _sine_mainsJ11

0000c300     30c (0000c300)     _sine_mainsJ21

0000c340     30d (0000c340)     _sine_mainsJ57

0000c380     30e (0000c380)     _sine_mainsJ13

0000c3c0     30f (0000c3c0)     _sine_mainsJ19
0000c3f4     30f (0000c3c0)     _UPS
0000c3fe     30f (0000c3c0)     __lock

0000c400     310 (0000c400)     _time_out_reached
0000c401     310 (0000c400)     _SdataEndIndex
0000c404     310 (0000c400)     _rdata_pointA
0000c406     310 (0000c400)     _sdata_pointA
0000c412     310 (0000c400)     _HoldingRegPtr
0000c414     310 (0000c400)     _InputRegPtr
0000c416     310 (0000c400)     _CoilPtr

0000c440     311 (0000c440)     _sdataA

0000c540     315 (0000c540)     _rdataA

0000c640     319 (0000c640)     _CpuTimer1
0000c648     319 (0000c640)     _CpuTimer2
0000c650     319 (0000c640)     _CpuTimer0
0000c658     319 (0000c640)     ___TI_enable_exit_profile_output
0000c65a     319 (0000c640)     ___TI_cleanup_ptr
0000c65c     319 (0000c640)     ___TI_dtors_ptr
0000c65e     319 (0000c640)     __unlock

00338c56    ce31 (00338c40)     _PieVectTableInit

0033fff8    cfff (0033ffc0)     _CsmPwl

00380090    e002 (00380080)     _PartIdRegs

003febdc    ffaf (003febc0)     _FPUsinTable

003fecdc    ffb3 (003fecc0)     _FPUcosTable

003fefdc    ffbf (003fefc0)     _FPUsinTableEnd

003ff0de    ffc3 (003ff0c0)     _FPUatan2HalfPITable
003ff0de    ffc3 (003ff0c0)     _FPUcosTableEnd
003ff0e2    ffc3 (003ff0c0)     _FPUatan2Table

003ff268    ffc9 (003ff240)     _FPUatan2TableEnd


GLOBAL SYMBOLS: SORTED ALPHABETICALLY BY Name 

page  address   name                            
----  -------   ----                            
0     00338000  .text                           
0     00338b23  C$$EXIT                         
0     00338c29  FS$$DIV                         
0     003380e6  _ADCINT_ISR                     
0     0033895a  _ADC_Setup                      
0     00380080  _ADC_cal                        
1     00000b00  _AdcMirror                      
1     00007100  _AdcRegs                        
1     0000c036  _Alpha_State_Ptr                
0     003384cb  _B0                             
0     003384f7  _B1                             
0     003384fd  _B2                             
0     00338503  _B3                             
1     0000c03c  _B_Task_Ptr                     
0     003384e1  _C0                             
0     00338509  _C1                             
0     0033850f  _C2                             
0     00338515  _C3                             
1     0000c03a  _C_Task_Ptr                     
1     0000c416  _CoilPtr                        
1     0000c650  _CpuTimer0                      
1     00000c00  _CpuTimer0Regs                  
1     0000c640  _CpuTimer1                      
1     00000c08  _CpuTimer1Regs                  
1     0000c648  _CpuTimer2                      
1     00000c10  _CpuTimer2Regs                  
1     0033fff8  _CsmPwl                         
1     00000ae0  _CsmRegs                        
0     00338014  _DATALOG_ISR                    
0     00338208  _DINTCH1_ISR                    
0     00338212  _DINTCH2_ISR                    
0     0033821c  _DINTCH3_ISR                    
0     00338226  _DINTCH4_ISR                    
0     00338230  _DINTCH5_ISR                    
0     0033823a  _DINTCH6_ISR                    
0     0000830d  _DSP28x_usDelay                 
1     00000880  _DevEmuRegs                     
0     0033889a  _DisableDog                     
1     00001000  _DmaRegs                        
1     0000c00c  _DutyR                          
1     0000c006  _DutyS                          
1     0000c008  _DutyT                          
1     0000c02e  _Duty_Leg4                      
0     00338294  _ECAN0INTA_ISR                  
0     003382a8  _ECAN0INTB_ISR                  
0     0033829e  _ECAN1INTA_ISR                  
0     003382b2  _ECAN1INTB_ISR                  
0     0033817c  _ECAP1_INT_ISR                  
0     00338186  _ECAP2_INT_ISR                  
0     00338190  _ECAP3_INT_ISR                  
0     0033819a  _ECAP4_INT_ISR                  
0     003381a4  _ECAP5_INT_ISR                  
0     003381ae  _ECAP6_INT_ISR                  
1     00006040  _ECanaLAMRegs                   
1     000060c0  _ECanaMOTORegs                  
1     00006080  _ECanaMOTSRegs                  
1     00006100  _ECanaMboxes                    
1     00006000  _ECanaRegs                      
1     00006240  _ECanbLAMRegs                   
1     000062c0  _ECanbMOTORegs                  
1     00006280  _ECanbMOTSRegs                  
1     00006300  _ECanbMboxes                    
1     00006200  _ECanbRegs                      
1     00006a00  _ECap1Regs                      
1     00006a20  _ECap2Regs                      
1     00006a40  _ECap3Regs                      
1     00006a60  _ECap4Regs                      
1     00006a80  _ECap5Regs                      
1     00006aa0  _ECap6Regs                      
0     00338028  _EMUINT_ISR                     
0     00338140  _EPWM1_INT_ISR                  
0     00338104  _EPWM1_TZINT_ISR                
0     0033814a  _EPWM2_INT_ISR                  
0     0033810e  _EPWM2_TZINT_ISR                
0     00338154  _EPWM3_INT_ISR                  
0     00338118  _EPWM3_TZINT_ISR                
0     0033815e  _EPWM4_INT_ISR                  
0     00338122  _EPWM4_TZINT_ISR                
0     00338168  _EPWM5_INT_ISR                  
0     0033812c  _EPWM5_TZINT_ISR                
0     00338172  _EPWM6_INT_ISR                  
0     00338136  _EPWM6_TZINT_ISR                
1     00006800  _EPwm1Regs                      
1     00006840  _EPwm2Regs                      
1     00006880  _EPwm3Regs                      
1     000068c0  _EPwm4Regs                      
1     00006900  _EPwm5Regs                      
1     00006940  _EPwm6Regs                      
0     003381b8  _EQEP1_INT_ISR                  
0     003381c2  _EQEP2_INT_ISR                  
1     00006b00  _EQep1Regs                      
1     00006b40  _EQep2Regs                      
0     00338b6b  _EnableInterrupts               
0     003ff0de  _FPUatan2HalfPITable            
0     003ff0e2  _FPUatan2Table                  
0     003ff268  _FPUatan2TableEnd               
0     003fecdc  _FPUcosTable                    
0     003ff0de  _FPUcosTableEnd                 
0     003febdc  _FPUsinTable                    
0     003fefdc  _FPUsinTableEnd                 
1     00000a80  _FlashRegs                      
1     00006f80  _GpioCtrlRegs                   
1     00006fc0  _GpioDataRegs                   
1     00006fe0  _GpioIntRegs                    
1     0000c412  _HoldingRegPtr                  
0     00338244  _I2CINT1A_ISR                   
0     0033824e  _I2CINT2A_ISR                   
1     00007900  _I2caRegs                       
0     0033803c  _ILLEGAL_ISR                    
0     00338000  _INT13_ISR                      
0     0033800a  _INT14_ISR                      
0     003386e6  _IO_Setup                       
0     000082f2  _InitFlash                      
0     003388f3  _InitPeripheralClocks           
0     00338b4c  _InitPieCtrl                    
0     00338bb9  _InitPieVectTable               
0     003388a2  _InitPll                        
0     0033887b  _InitSysCtrl                    
1     0000c414  _InputRegPtr                    
1     0000c038  _Irms_J11                       
1     0000c03e  _Irms_J13                       
1     0000c044  _Irms_J15                       
1     0000c042  _Irms_J17                       
1     0000c012  _Irms_J19                       
1     0000c018  _Irms_J21                       
1     0000c002  _J11                            
1     0000c024  _J13                            
1     0000c022  _J15                            
1     0000c028  _J17                            
1     0000c01e  _J19                            
1     0000c01c  _J21                            
1     0000c034  _J44                            
1     0000c02a  _J46                            
1     0000c02c  _J48                            
1     0000c046  _J50                            
1     0000c030  _J53                            
1     0000c032  _J55                            
1     0000c020  _J56                            
1     0000c026  _J57                            
0     003382f8  _LUF_ISR                        
0     003382ee  _LVF_ISR                        
0     003381f4  _MRINTA_ISR                     
0     003381e0  _MRINTB_ISR                     
0     003381fe  _MXINTA_ISR                     
0     003381ea  _MXINTB_ISR                     
0     00008000  _MainISR                        
1     00005000  _McbspaRegs                     
1     00005040  _McbspbRegs                     
0     00338947  _MemCopy                        
0     00338032  _NMI_ISR                        
0     00338302  _PIE_RESERVED                   
1     0000c054  _PWM                            
0     0033863a  _PWM_Drive                      
0     00338539  _PWM_INIT                       
1     00380090  _PartIdRegs                     
1     00000ce0  _PieCtrlRegs                    
1     00000d00  _PieVectTable                   
0     00338c56  _PieVectTableInit               
0     0033801e  _RTOSINT_ISR                    
0     00320548  _Ramfuncs2LoadEnd               
0     00320311  _Ramfuncs2LoadStart             
0     00009000  _Ramfuncs2RunStart              
0     00320311  _RamfuncsLoadEnd                
0     00320000  _RamfuncsLoadStart              
0     00008000  _RamfuncsRunStart               
0     0033826c  _SCIRXINTA_ISR                  
0     00338280  _SCIRXINTB_ISR                  
0     00338258  _SCIRXINTC_ISR                  
0     00338276  _SCITXINTA_ISR                  
0     0033828a  _SCITXINTB_ISR                  
0     00338262  _SCITXINTC_ISR                  
0     003380be  _SEQ1INT_ISR                    
0     003380c8  _SEQ2INT_ISR                    
0     00009000  _SINEANALYZER_DIFF_wPWR_F_FUNC  
0     003389e7  _SINEANALYZER_DIFF_wPWR_F_init  
0     003381cc  _SPIRXINTA_ISR                  
0     003381d6  _SPITXINTA_ISR                  
1     00007050  _SciaRegs                       
1     00007750  _ScibRegs                       
1     00007770  _ScicRegs                       
1     0000c401  _SdataEndIndex                  
0     00338890  _ServiceDog                     
1     00007040  _SpiaRegs                       
1     00007010  _SysCtrlRegs                    
0     003380f0  _TINT0_ISR                      
0     0033851b  _Turn_on_system                 
1     0000c3f4  _UPS                            
0     003380a0  _USER10_ISR                     
0     003380aa  _USER11_ISR                     
0     003380b4  _USER12_ISR                     
0     00338046  _USER1_ISR                      
0     00338050  _USER2_ISR                      
0     0033805a  _USER3_ISR                      
0     00338064  _USER4_ISR                      
0     0033806e  _USER5_ISR                      
0     00338078  _USER6_ISR                      
0     00338082  _USER7_ISR                      
0     0033808c  _USER8_ISR                      
0     00338096  _USER9_ISR                      
1     0000c050  _VTimer0                        
1     0000c048  _VTimer1                        
1     0000c04c  _VTimer2                        
1     0000c000  _Vrms_J44                       
1     0000c00a  _Vrms_J46                       
1     0000c004  _Vrms_J48                       
1     0000c016  _Vrms_J50                       
1     0000c014  _Vrms_J53                       
1     0000c01a  _Vrms_J55                       
1     0000c010  _Vrms_J56                       
1     0000c00e  _Vrms_J57                       
0     003380fa  _WAKEINT_ISR                    
0     003380d2  _XINT1_ISR                      
0     003380dc  _XINT2_ISR                      
0     003382bc  _XINT3_ISR                      
0     003382c6  _XINT4_ISR                      
0     003382d0  _XINT5_ISR                      
0     003382da  _XINT6_ISR                      
0     003382e4  _XINT7_ISR                      
1     00007070  _XIntruptRegs                   
1     00000b20  _XintfRegs                      
1     00000800  __STACK_END                     
abs   00000400  __STACK_SIZE                    
1     0000c65a  ___TI_cleanup_ptr               
1     0000c65c  ___TI_dtors_ptr                 
1     0000c658  ___TI_enable_exit_profile_output
abs   ffffffff  ___TI_pprof_out_hndl            
abs   ffffffff  ___TI_prof_data_size            
abs   ffffffff  ___TI_prof_data_start           
abs   ffffffff  ___binit__                      
abs   ffffffff  ___c_args__                     
0     00338d56  ___cinit__                      
0     00338c56  ___etext__                      
abs   ffffffff  ___pinit__                      
0     00338000  ___text__                       
0     00338c10  __args_main                     
1     0000c3fe  __lock                          
0     00338c4a  __nop                           
0     00338c46  __register_lock                 
0     00338c42  __register_unlock               
1     00000400  __stack                         
0     00338c55  __system_post_cinit             
0     00338c53  __system_pre_init               
1     0000c65e  __unlock                        
0     00338b23  _abort                          
0     00338a65  _c_int00                        
0     00338b74  _copy_in                        
0     00338abb  _cos                            
0     00338bf7  _cpu_timer0_isr                 
0     00338b25  _exit                           
0     00338316  _main                           
0     00338bd9  _memcpy                         
1     0000c040  _pwm1                           
1     0000c540  _rdataA                         
1     0000c404  _rdata_pointA                   
0     0033830c  _rsvd_ISR                       
0     000091e5  _sciaRxFifoIsr                  
0     000091aa  _sciaTxFifoIsr                  
1     0000c440  _sdataA                         
1     0000c406  _sdata_pointA                   
0     00338aef  _sin                            
1     0000c2c0  _sine_mainsJ11                  
1     0000c380  _sine_mainsJ13                  
1     0000c240  _sine_mainsJ15                  
1     0000c280  _sine_mainsJ17                  
1     0000c3c0  _sine_mainsJ19                  
1     0000c300  _sine_mainsJ21                  
1     0000c180  _sine_mainsJ44                  
1     0000c140  _sine_mainsJ46                  
1     0000c200  _sine_mainsJ48                  
1     0000c0c0  _sine_mainsJ50                  
1     0000c080  _sine_mainsJ53                  
1     0000c1c0  _sine_mainsJ55                  
1     0000c100  _sine_mainsJ56                  
1     0000c340  _sine_mainsJ57                  
0     00338b98  _sqrt                           
1     0000c400  _time_out_reached               
abs   ffffffff  binit                           
0     00338d56  cinit                           
0     0033fff6  code_start                      
0     00338c56  etext                           
abs   ffffffff  pinit                           


GLOBAL SYMBOLS: SORTED BY Symbol Address 

page  address   name                            
----  -------   ----                            
0     00008000  _MainISR                        
0     00008000  _RamfuncsRunStart               
0     000082f2  _InitFlash                      
0     0000830d  _DSP28x_usDelay                 
0     00009000  _Ramfuncs2RunStart              
0     00009000  _SINEANALYZER_DIFF_wPWR_F_FUNC  
0     000091aa  _sciaTxFifoIsr                  
0     000091e5  _sciaRxFifoIsr                  
0     00320000  _RamfuncsLoadStart              
0     00320311  _Ramfuncs2LoadStart             
0     00320311  _RamfuncsLoadEnd                
0     00320548  _Ramfuncs2LoadEnd               
0     00338000  .text                           
0     00338000  _INT13_ISR                      
0     00338000  ___text__                       
0     0033800a  _INT14_ISR                      
0     00338014  _DATALOG_ISR                    
0     0033801e  _RTOSINT_ISR                    
0     00338028  _EMUINT_ISR                     
0     00338032  _NMI_ISR                        
0     0033803c  _ILLEGAL_ISR                    
0     00338046  _USER1_ISR                      
0     00338050  _USER2_ISR                      
0     0033805a  _USER3_ISR                      
0     00338064  _USER4_ISR                      
0     0033806e  _USER5_ISR                      
0     00338078  _USER6_ISR                      
0     00338082  _USER7_ISR                      
0     0033808c  _USER8_ISR                      
0     00338096  _USER9_ISR                      
0     003380a0  _USER10_ISR                     
0     003380aa  _USER11_ISR                     
0     003380b4  _USER12_ISR                     
0     003380be  _SEQ1INT_ISR                    
0     003380c8  _SEQ2INT_ISR                    
0     003380d2  _XINT1_ISR                      
0     003380dc  _XINT2_ISR                      
0     003380e6  _ADCINT_ISR                     
0     003380f0  _TINT0_ISR                      
0     003380fa  _WAKEINT_ISR                    
0     00338104  _EPWM1_TZINT_ISR                
0     0033810e  _EPWM2_TZINT_ISR                
0     00338118  _EPWM3_TZINT_ISR                
0     00338122  _EPWM4_TZINT_ISR                
0     0033812c  _EPWM5_TZINT_ISR                
0     00338136  _EPWM6_TZINT_ISR                
0     00338140  _EPWM1_INT_ISR                  
0     0033814a  _EPWM2_INT_ISR                  
0     00338154  _EPWM3_INT_ISR                  
0     0033815e  _EPWM4_INT_ISR                  
0     00338168  _EPWM5_INT_ISR                  
0     00338172  _EPWM6_INT_ISR                  
0     0033817c  _ECAP1_INT_ISR                  
0     00338186  _ECAP2_INT_ISR                  
0     00338190  _ECAP3_INT_ISR                  
0     0033819a  _ECAP4_INT_ISR                  
0     003381a4  _ECAP5_INT_ISR                  
0     003381ae  _ECAP6_INT_ISR                  
0     003381b8  _EQEP1_INT_ISR                  
0     003381c2  _EQEP2_INT_ISR                  
0     003381cc  _SPIRXINTA_ISR                  
0     003381d6  _SPITXINTA_ISR                  
0     003381e0  _MRINTB_ISR                     
0     003381ea  _MXINTB_ISR                     
0     003381f4  _MRINTA_ISR                     
0     003381fe  _MXINTA_ISR                     
0     00338208  _DINTCH1_ISR                    
0     00338212  _DINTCH2_ISR                    
0     0033821c  _DINTCH3_ISR                    
0     00338226  _DINTCH4_ISR                    
0     00338230  _DINTCH5_ISR                    
0     0033823a  _DINTCH6_ISR                    
0     00338244  _I2CINT1A_ISR                   
0     0033824e  _I2CINT2A_ISR                   
0     00338258  _SCIRXINTC_ISR                  
0     00338262  _SCITXINTC_ISR                  
0     0033826c  _SCIRXINTA_ISR                  
0     00338276  _SCITXINTA_ISR                  
0     00338280  _SCIRXINTB_ISR                  
0     0033828a  _SCITXINTB_ISR                  
0     00338294  _ECAN0INTA_ISR                  
0     0033829e  _ECAN1INTA_ISR                  
0     003382a8  _ECAN0INTB_ISR                  
0     003382b2  _ECAN1INTB_ISR                  
0     003382bc  _XINT3_ISR                      
0     003382c6  _XINT4_ISR                      
0     003382d0  _XINT5_ISR                      
0     003382da  _XINT6_ISR                      
0     003382e4  _XINT7_ISR                      
0     003382ee  _LVF_ISR                        
0     003382f8  _LUF_ISR                        
0     00338302  _PIE_RESERVED                   
0     0033830c  _rsvd_ISR                       
0     00338316  _main                           
0     003384cb  _B0                             
0     003384e1  _C0                             
0     003384f7  _B1                             
0     003384fd  _B2                             
0     00338503  _B3                             
0     00338509  _C1                             
0     0033850f  _C2                             
0     00338515  _C3                             
0     0033851b  _Turn_on_system                 
0     00338539  _PWM_INIT                       
0     0033863a  _PWM_Drive                      
0     003386e6  _IO_Setup                       
0     0033887b  _InitSysCtrl                    
0     00338890  _ServiceDog                     
0     0033889a  _DisableDog                     
0     003388a2  _InitPll                        
0     003388f3  _InitPeripheralClocks           
0     00338947  _MemCopy                        
0     0033895a  _ADC_Setup                      
0     003389e7  _SINEANALYZER_DIFF_wPWR_F_init  
0     00338a65  _c_int00                        
0     00338abb  _cos                            
0     00338aef  _sin                            
0     00338b23  C$$EXIT                         
0     00338b23  _abort                          
0     00338b25  _exit                           
0     00338b4c  _InitPieCtrl                    
0     00338b6b  _EnableInterrupts               
0     00338b74  _copy_in                        
0     00338b98  _sqrt                           
0     00338bb9  _InitPieVectTable               
0     00338bd9  _memcpy                         
0     00338bf7  _cpu_timer0_isr                 
0     00338c10  __args_main                     
0     00338c29  FS$$DIV                         
0     00338c42  __register_unlock               
0     00338c46  __register_lock                 
0     00338c4a  __nop                           
0     00338c53  __system_pre_init               
0     00338c55  __system_post_cinit             
0     00338c56  _PieVectTableInit               
0     00338c56  ___etext__                      
0     00338c56  etext                           
0     00338d56  ___cinit__                      
0     00338d56  cinit                           
0     0033fff6  code_start                      
0     00380080  _ADC_cal                        
0     003febdc  _FPUsinTable                    
0     003fecdc  _FPUcosTable                    
0     003fefdc  _FPUsinTableEnd                 
0     003ff0de  _FPUatan2HalfPITable            
0     003ff0de  _FPUcosTableEnd                 
0     003ff0e2  _FPUatan2Table                  
0     003ff268  _FPUatan2TableEnd               
1     00000400  __stack                         
1     00000800  __STACK_END                     
1     00000880  _DevEmuRegs                     
1     00000a80  _FlashRegs                      
1     00000ae0  _CsmRegs                        
1     00000b00  _AdcMirror                      
1     00000b20  _XintfRegs                      
1     00000c00  _CpuTimer0Regs                  
1     00000c08  _CpuTimer1Regs                  
1     00000c10  _CpuTimer2Regs                  
1     00000ce0  _PieCtrlRegs                    
1     00000d00  _PieVectTable                   
1     00001000  _DmaRegs                        
1     00005000  _McbspaRegs                     
1     00005040  _McbspbRegs                     
1     00006000  _ECanaRegs                      
1     00006040  _ECanaLAMRegs                   
1     00006080  _ECanaMOTSRegs                  
1     000060c0  _ECanaMOTORegs                  
1     00006100  _ECanaMboxes                    
1     00006200  _ECanbRegs                      
1     00006240  _ECanbLAMRegs                   
1     00006280  _ECanbMOTSRegs                  
1     000062c0  _ECanbMOTORegs                  
1     00006300  _ECanbMboxes                    
1     00006800  _EPwm1Regs                      
1     00006840  _EPwm2Regs                      
1     00006880  _EPwm3Regs                      
1     000068c0  _EPwm4Regs                      
1     00006900  _EPwm5Regs                      
1     00006940  _EPwm6Regs                      
1     00006a00  _ECap1Regs                      
1     00006a20  _ECap2Regs                      
1     00006a40  _ECap3Regs                      
1     00006a60  _ECap4Regs                      
1     00006a80  _ECap5Regs                      
1     00006aa0  _ECap6Regs                      
1     00006b00  _EQep1Regs                      
1     00006b40  _EQep2Regs                      
1     00006f80  _GpioCtrlRegs                   
1     00006fc0  _GpioDataRegs                   
1     00006fe0  _GpioIntRegs                    
1     00007010  _SysCtrlRegs                    
1     00007040  _SpiaRegs                       
1     00007050  _SciaRegs                       
1     00007070  _XIntruptRegs                   
1     00007100  _AdcRegs                        
1     00007750  _ScibRegs                       
1     00007770  _ScicRegs                       
1     00007900  _I2caRegs                       
1     0000c000  _Vrms_J44                       
1     0000c002  _J11                            
1     0000c004  _Vrms_J48                       
1     0000c006  _DutyS                          
1     0000c008  _DutyT                          
1     0000c00a  _Vrms_J46                       
1     0000c00c  _DutyR                          
1     0000c00e  _Vrms_J57                       
1     0000c010  _Vrms_J56                       
1     0000c012  _Irms_J19                       
1     0000c014  _Vrms_J53                       
1     0000c016  _Vrms_J50                       
1     0000c018  _Irms_J21                       
1     0000c01a  _Vrms_J55                       
1     0000c01c  _J21                            
1     0000c01e  _J19                            
1     0000c020  _J56                            
1     0000c022  _J15                            
1     0000c024  _J13                            
1     0000c026  _J57                            
1     0000c028  _J17                            
1     0000c02a  _J46                            
1     0000c02c  _J48                            
1     0000c02e  _Duty_Leg4                      
1     0000c030  _J53                            
1     0000c032  _J55                            
1     0000c034  _J44                            
1     0000c036  _Alpha_State_Ptr                
1     0000c038  _Irms_J11                       
1     0000c03a  _C_Task_Ptr                     
1     0000c03c  _B_Task_Ptr                     
1     0000c03e  _Irms_J13                       
1     0000c040  _pwm1                           
1     0000c042  _Irms_J17                       
1     0000c044  _Irms_J15                       
1     0000c046  _J50                            
1     0000c048  _VTimer1                        
1     0000c04c  _VTimer2                        
1     0000c050  _VTimer0                        
1     0000c054  _PWM                            
1     0000c080  _sine_mainsJ53                  
1     0000c0c0  _sine_mainsJ50                  
1     0000c100  _sine_mainsJ56                  
1     0000c140  _sine_mainsJ46                  
1     0000c180  _sine_mainsJ44                  
1     0000c1c0  _sine_mainsJ55                  
1     0000c200  _sine_mainsJ48                  
1     0000c240  _sine_mainsJ15                  
1     0000c280  _sine_mainsJ17                  
1     0000c2c0  _sine_mainsJ11                  
1     0000c300  _sine_mainsJ21                  
1     0000c340  _sine_mainsJ57                  
1     0000c380  _sine_mainsJ13                  
1     0000c3c0  _sine_mainsJ19                  
1     0000c3f4  _UPS                            
1     0000c3fe  __lock                          
1     0000c400  _time_out_reached               
1     0000c401  _SdataEndIndex                  
1     0000c404  _rdata_pointA                   
1     0000c406  _sdata_pointA                   
1     0000c412  _HoldingRegPtr                  
1     0000c414  _InputRegPtr                    
1     0000c416  _CoilPtr                        
1     0000c440  _sdataA                         
1     0000c540  _rdataA                         
1     0000c640  _CpuTimer1                      
1     0000c648  _CpuTimer2                      
1     0000c650  _CpuTimer0                      
1     0000c658  ___TI_enable_exit_profile_output
1     0000c65a  ___TI_cleanup_ptr               
1     0000c65c  ___TI_dtors_ptr                 
1     0000c65e  __unlock                        
1     0033fff8  _CsmPwl                         
1     00380090  _PartIdRegs                     
abs   00000400  __STACK_SIZE                    
abs   ffffffff  ___TI_pprof_out_hndl            
abs   ffffffff  ___TI_prof_data_size            
abs   ffffffff  ___TI_prof_data_start           
abs   ffffffff  ___binit__                      
abs   ffffffff  ___c_args__                     
abs   ffffffff  ___pinit__                      
abs   ffffffff  binit                           
abs   ffffffff  pinit                           

[281 symbols]
