<?xml version="1.0"?>
<link_info>
   <banner>TMS320C2000 Linker PC v16.9.1.LTS</banner>
   <copyright>Copyright (c) 1996-2015 Texas Instruments Incorporated</copyright>
   <link_time>0x61cae1ab</link_time>
   <link_errors>0x0</link_errors>
   <output_file>Charger4w.out</output_file>
   <entry_point>
      <name>_c_int00</name>
      <address>0x338a65</address>
   </entry_point>
   <input_file_list>
      <input_file id="fl-4">
         <path>.\</path>
         <kind>object</kind>
         <file>ADC_Setup.obj</file>
         <name>ADC_Setup.obj</name>
      </input_file>
      <input_file id="fl-5">
         <path>.\</path>
         <kind>object</kind>
         <file>CNTL_2P2Z_F.obj</file>
         <name>CNTL_2P2Z_F.obj</name>
      </input_file>
      <input_file id="fl-6">
         <path>.\</path>
         <kind>object</kind>
         <file>CNTL_PI_F.obj</file>
         <name>CNTL_PI_F.obj</name>
      </input_file>
      <input_file id="fl-7">
         <path>.\</path>
         <kind>object</kind>
         <file>DLOG_4CH_F.obj</file>
         <name>DLOG_4CH_F.obj</name>
      </input_file>
      <input_file id="fl-8">
         <path>.\</path>
         <kind>object</kind>
         <file>DSP2833x_ADC_cal.obj</file>
         <name>DSP2833x_ADC_cal.obj</name>
      </input_file>
      <input_file id="fl-9">
         <path>.\</path>
         <kind>object</kind>
         <file>DSP2833x_CodeStartBranch.obj</file>
         <name>DSP2833x_CodeStartBranch.obj</name>
      </input_file>
      <input_file id="fl-a">
         <path>.\</path>
         <kind>object</kind>
         <file>DSP2833x_CpuTimers.obj</file>
         <name>DSP2833x_CpuTimers.obj</name>
      </input_file>
      <input_file id="fl-b">
         <path>.\</path>
         <kind>object</kind>
         <file>DSP2833x_DefaultIsr.obj</file>
         <name>DSP2833x_DefaultIsr.obj</name>
      </input_file>
      <input_file id="fl-c">
         <path>.\</path>
         <kind>object</kind>
         <file>DSP2833x_GlobalVariableDefs.obj</file>
         <name>DSP2833x_GlobalVariableDefs.obj</name>
      </input_file>
      <input_file id="fl-d">
         <path>.\</path>
         <kind>object</kind>
         <file>DSP2833x_PieCtrl.obj</file>
         <name>DSP2833x_PieCtrl.obj</name>
      </input_file>
      <input_file id="fl-e">
         <path>.\</path>
         <kind>object</kind>
         <file>DSP2833x_PieVect.obj</file>
         <name>DSP2833x_PieVect.obj</name>
      </input_file>
      <input_file id="fl-f">
         <path>.\</path>
         <kind>object</kind>
         <file>DSP2833x_usDelay.obj</file>
         <name>DSP2833x_usDelay.obj</name>
      </input_file>
      <input_file id="fl-10">
         <path>.\</path>
         <kind>object</kind>
         <file>IO_Setup.obj</file>
         <name>IO_Setup.obj</name>
      </input_file>
      <input_file id="fl-11">
         <path>.\</path>
         <kind>object</kind>
         <file>PWM_Setup.obj</file>
         <name>PWM_Setup.obj</name>
      </input_file>
      <input_file id="fl-12">
         <path>.\</path>
         <kind>object</kind>
         <file>Rectifier-DevInit.obj</file>
         <name>Rectifier-DevInit.obj</name>
      </input_file>
      <input_file id="fl-13">
         <path>.\</path>
         <kind>object</kind>
         <file>Rectifier-Main.obj</file>
         <name>Rectifier-Main.obj</name>
      </input_file>
      <input_file id="fl-14">
         <path>.\</path>
         <kind>object</kind>
         <file>SINEANALYZER_DIFF_wPWR_F.obj</file>
         <name>SINEANALYZER_DIFF_wPWR_F.obj</name>
      </input_file>
      <input_file id="fl-15">
         <path>.\</path>
         <kind>object</kind>
         <file>SPLL_1ph_SOGI_F.obj</file>
         <name>SPLL_1ph_SOGI_F.obj</name>
      </input_file>
      <input_file id="fl-16">
         <path>.\</path>
         <kind>object</kind>
         <file>UPS_Config.obj</file>
         <name>UPS_Config.obj</name>
      </input_file>
      <input_file id="fl-17">
         <path>.\</path>
         <kind>object</kind>
         <file>iCLARKE_F.obj</file>
         <name>iCLARKE_F.obj</name>
      </input_file>
      <input_file id="fl-18">
         <path>.\</path>
         <kind>object</kind>
         <file>iPARK_F.obj</file>
         <name>iPARK_F.obj</name>
      </input_file>
      <input_file id="fl-19">
         <path>.\</path>
         <kind>object</kind>
         <file>modbus-rtu.obj</file>
         <name>modbus-rtu.obj</name>
      </input_file>
      <input_file id="fl-21">
         <path>C:\Users\mo35\Desktop\ChargerBoardTest\</path>
         <kind>archive</kind>
         <file>rts2800_fpu32_fast_supplement.lib</file>
         <name>div_f32.obj</name>
      </input_file>
      <input_file id="fl-22">
         <path>D:\ti\ccsv7\tools\compiler\ti-cgt-c2000_16.9.1.LTS\lib\</path>
         <kind>archive</kind>
         <file>rts2800_fpu32.lib</file>
         <name>boot28.obj</name>
      </input_file>
      <input_file id="fl-23">
         <path>D:\ti\ccsv7\tools\compiler\ti-cgt-c2000_16.9.1.LTS\lib\</path>
         <kind>archive</kind>
         <file>rts2800_fpu32.lib</file>
         <name>args_main.obj</name>
      </input_file>
      <input_file id="fl-24">
         <path>D:\ti\ccsv7\tools\compiler\ti-cgt-c2000_16.9.1.LTS\lib\</path>
         <kind>archive</kind>
         <file>rts2800_fpu32.lib</file>
         <name>startup.obj</name>
      </input_file>
      <input_file id="fl-25">
         <path>D:\ti\ccsv7\tools\compiler\ti-cgt-c2000_16.9.1.LTS\lib\</path>
         <kind>archive</kind>
         <file>rts2800_fpu32.lib</file>
         <name>pre_init.obj</name>
      </input_file>
      <input_file id="fl-26">
         <path>D:\ti\ccsv7\tools\compiler\ti-cgt-c2000_16.9.1.LTS\lib\</path>
         <kind>archive</kind>
         <file>rts2800_fpu32.lib</file>
         <name>cpy_tbl.obj</name>
      </input_file>
      <input_file id="fl-27">
         <path>C:\Users\mo35\Desktop\ChargerBoardTest\</path>
         <kind>archive</kind>
         <file>rts2800_fpu32_fast_supplement.lib</file>
         <name>cos_f32.obj</name>
      </input_file>
      <input_file id="fl-28">
         <path>C:\Users\mo35\Desktop\ChargerBoardTest\</path>
         <kind>archive</kind>
         <file>rts2800_fpu32_fast_supplement.lib</file>
         <name>FPUmathTables.obj</name>
      </input_file>
      <input_file id="fl-29">
         <path>D:\ti\ccsv7\tools\compiler\ti-cgt-c2000_16.9.1.LTS\lib\</path>
         <kind>archive</kind>
         <file>rts2800_fpu32.lib</file>
         <name>exit.obj</name>
      </input_file>
      <input_file id="fl-2a">
         <path>D:\ti\ccsv7\tools\compiler\ti-cgt-c2000_16.9.1.LTS\lib\</path>
         <kind>archive</kind>
         <file>rts2800_fpu32.lib</file>
         <name>_lock.obj</name>
      </input_file>
      <input_file id="fl-2b">
         <path>D:\ti\ccsv7\tools\compiler\ti-cgt-c2000_16.9.1.LTS\lib\</path>
         <kind>archive</kind>
         <file>rts2800_fpu32.lib</file>
         <name>memcpy.obj</name>
      </input_file>
      <input_file id="fl-2c">
         <path>C:\Users\mo35\Desktop\ChargerBoardTest\</path>
         <kind>archive</kind>
         <file>rts2800_fpu32_fast_supplement.lib</file>
         <name>sin_f32.obj</name>
      </input_file>
      <input_file id="fl-2d">
         <path>C:\Users\mo35\Desktop\ChargerBoardTest\</path>
         <kind>archive</kind>
         <file>rts2800_fpu32_fast_supplement.lib</file>
         <name>sqrt_f32.obj</name>
      </input_file>
   </input_file_list>
   <object_component_list>
      <object_component id="oc-b5">
         <name>PieVectTableFile</name>
         <uninitialized>true</uninitialized>
         <run_address>0xd00</run_address>
         <size>0x100</size>
         <input_file_ref idref="fl-c"/>
      </object_component>
      <object_component id="oc-b1">
         <name>DevEmuRegsFile</name>
         <uninitialized>true</uninitialized>
         <run_address>0x880</run_address>
         <size>0xd0</size>
         <input_file_ref idref="fl-c"/>
      </object_component>
      <object_component id="oc-87">
         <name>FlashRegsFile</name>
         <uninitialized>true</uninitialized>
         <run_address>0xa80</run_address>
         <size>0x8</size>
         <input_file_ref idref="fl-c"/>
      </object_component>
      <object_component id="oc-8f">
         <name>CsmRegsFile</name>
         <uninitialized>true</uninitialized>
         <run_address>0xae0</run_address>
         <size>0x10</size>
         <input_file_ref idref="fl-c"/>
      </object_component>
      <object_component id="oc-90">
         <name>AdcMirrorFile</name>
         <uninitialized>true</uninitialized>
         <run_address>0xb00</run_address>
         <size>0x10</size>
         <input_file_ref idref="fl-c"/>
      </object_component>
      <object_component id="oc-94">
         <name>XintfRegsFile</name>
         <uninitialized>true</uninitialized>
         <run_address>0xb20</run_address>
         <size>0x1e</size>
         <input_file_ref idref="fl-c"/>
      </object_component>
      <object_component id="oc-88">
         <name>CpuTimer0RegsFile</name>
         <uninitialized>true</uninitialized>
         <run_address>0xc00</run_address>
         <size>0x8</size>
         <input_file_ref idref="fl-c"/>
      </object_component>
      <object_component id="oc-89">
         <name>CpuTimer1RegsFile</name>
         <uninitialized>true</uninitialized>
         <run_address>0xc08</run_address>
         <size>0x8</size>
         <input_file_ref idref="fl-c"/>
      </object_component>
      <object_component id="oc-85">
         <name>CpuTimer2RegsFile</name>
         <uninitialized>true</uninitialized>
         <run_address>0xc10</run_address>
         <size>0x8</size>
         <input_file_ref idref="fl-c"/>
      </object_component>
      <object_component id="oc-92">
         <name>PieCtrlRegsFile</name>
         <uninitialized>true</uninitialized>
         <run_address>0xce0</run_address>
         <size>0x1a</size>
         <input_file_ref idref="fl-c"/>
      </object_component>
      <object_component id="oc-b2">
         <name>DmaRegsFile</name>
         <uninitialized>true</uninitialized>
         <run_address>0x1000</run_address>
         <size>0xe0</size>
         <input_file_ref idref="fl-c"/>
      </object_component>
      <object_component id="oc-a5">
         <name>McbspaRegsFile</name>
         <uninitialized>true</uninitialized>
         <run_address>0x5000</run_address>
         <size>0x25</size>
         <input_file_ref idref="fl-c"/>
      </object_component>
      <object_component id="oc-a4">
         <name>McbspbRegsFile</name>
         <uninitialized>true</uninitialized>
         <run_address>0x5040</run_address>
         <size>0x25</size>
         <input_file_ref idref="fl-c"/>
      </object_component>
      <object_component id="oc-a7">
         <name>ECanaRegsFile</name>
         <uninitialized>true</uninitialized>
         <run_address>0x6000</run_address>
         <size>0x34</size>
         <input_file_ref idref="fl-c"/>
      </object_component>
      <object_component id="oc-ab">
         <name>ECanaLAMRegsFile</name>
         <uninitialized>true</uninitialized>
         <run_address>0x6040</run_address>
         <size>0x40</size>
         <input_file_ref idref="fl-c"/>
      </object_component>
      <object_component id="oc-b4">
         <name>ECanaMboxesFile</name>
         <uninitialized>true</uninitialized>
         <run_address>0x6100</run_address>
         <size>0x100</size>
         <input_file_ref idref="fl-c"/>
      </object_component>
      <object_component id="oc-ac">
         <name>ECanaMOTSRegsFile</name>
         <uninitialized>true</uninitialized>
         <run_address>0x6080</run_address>
         <size>0x40</size>
         <input_file_ref idref="fl-c"/>
      </object_component>
      <object_component id="oc-a9">
         <name>ECanaMOTORegsFile</name>
         <uninitialized>true</uninitialized>
         <run_address>0x60c0</run_address>
         <size>0x40</size>
         <input_file_ref idref="fl-c"/>
      </object_component>
      <object_component id="oc-a8">
         <name>ECanbRegsFile</name>
         <uninitialized>true</uninitialized>
         <run_address>0x6200</run_address>
         <size>0x34</size>
         <input_file_ref idref="fl-c"/>
      </object_component>
      <object_component id="oc-b0">
         <name>ECanbLAMRegsFile</name>
         <uninitialized>true</uninitialized>
         <run_address>0x6240</run_address>
         <size>0x40</size>
         <input_file_ref idref="fl-c"/>
      </object_component>
      <object_component id="oc-b3">
         <name>ECanbMboxesFile</name>
         <uninitialized>true</uninitialized>
         <run_address>0x6300</run_address>
         <size>0x100</size>
         <input_file_ref idref="fl-c"/>
      </object_component>
      <object_component id="oc-aa">
         <name>ECanbMOTSRegsFile</name>
         <uninitialized>true</uninitialized>
         <run_address>0x6280</run_address>
         <size>0x40</size>
         <input_file_ref idref="fl-c"/>
      </object_component>
      <object_component id="oc-ad">
         <name>ECanbMOTORegsFile</name>
         <uninitialized>true</uninitialized>
         <run_address>0x62c0</run_address>
         <size>0x40</size>
         <input_file_ref idref="fl-c"/>
      </object_component>
      <object_component id="oc-a2">
         <name>EPwm1RegsFile</name>
         <uninitialized>true</uninitialized>
         <run_address>0x6800</run_address>
         <size>0x22</size>
         <input_file_ref idref="fl-c"/>
      </object_component>
      <object_component id="oc-9d">
         <name>EPwm2RegsFile</name>
         <uninitialized>true</uninitialized>
         <run_address>0x6840</run_address>
         <size>0x22</size>
         <input_file_ref idref="fl-c"/>
      </object_component>
      <object_component id="oc-9e">
         <name>EPwm3RegsFile</name>
         <uninitialized>true</uninitialized>
         <run_address>0x6880</run_address>
         <size>0x22</size>
         <input_file_ref idref="fl-c"/>
      </object_component>
      <object_component id="oc-a3">
         <name>EPwm4RegsFile</name>
         <uninitialized>true</uninitialized>
         <run_address>0x68c0</run_address>
         <size>0x22</size>
         <input_file_ref idref="fl-c"/>
      </object_component>
      <object_component id="oc-a0">
         <name>EPwm5RegsFile</name>
         <uninitialized>true</uninitialized>
         <run_address>0x6900</run_address>
         <size>0x22</size>
         <input_file_ref idref="fl-c"/>
      </object_component>
      <object_component id="oc-a1">
         <name>EPwm6RegsFile</name>
         <uninitialized>true</uninitialized>
         <run_address>0x6940</run_address>
         <size>0x22</size>
         <input_file_ref idref="fl-c"/>
      </object_component>
      <object_component id="oc-97">
         <name>ECap1RegsFile</name>
         <uninitialized>true</uninitialized>
         <run_address>0x6a00</run_address>
         <size>0x20</size>
         <input_file_ref idref="fl-c"/>
      </object_component>
      <object_component id="oc-98">
         <name>ECap2RegsFile</name>
         <uninitialized>true</uninitialized>
         <run_address>0x6a20</run_address>
         <size>0x20</size>
         <input_file_ref idref="fl-c"/>
      </object_component>
      <object_component id="oc-95">
         <name>ECap3RegsFile</name>
         <uninitialized>true</uninitialized>
         <run_address>0x6a40</run_address>
         <size>0x20</size>
         <input_file_ref idref="fl-c"/>
      </object_component>
      <object_component id="oc-96">
         <name>ECap4RegsFile</name>
         <uninitialized>true</uninitialized>
         <run_address>0x6a60</run_address>
         <size>0x20</size>
         <input_file_ref idref="fl-c"/>
      </object_component>
      <object_component id="oc-9b">
         <name>ECap5RegsFile</name>
         <uninitialized>true</uninitialized>
         <run_address>0x6a80</run_address>
         <size>0x20</size>
         <input_file_ref idref="fl-c"/>
      </object_component>
      <object_component id="oc-9c">
         <name>ECap6RegsFile</name>
         <uninitialized>true</uninitialized>
         <run_address>0x6aa0</run_address>
         <size>0x20</size>
         <input_file_ref idref="fl-c"/>
      </object_component>
      <object_component id="oc-ae">
         <name>EQep1RegsFile</name>
         <uninitialized>true</uninitialized>
         <run_address>0x6b00</run_address>
         <size>0x40</size>
         <input_file_ref idref="fl-c"/>
      </object_component>
      <object_component id="oc-af">
         <name>EQep2RegsFile</name>
         <uninitialized>true</uninitialized>
         <run_address>0x6b40</run_address>
         <size>0x40</size>
         <input_file_ref idref="fl-c"/>
      </object_component>
      <object_component id="oc-a6">
         <name>GpioCtrlRegsFile</name>
         <uninitialized>true</uninitialized>
         <run_address>0x6f80</run_address>
         <size>0x2e</size>
         <input_file_ref idref="fl-c"/>
      </object_component>
      <object_component id="oc-99">
         <name>GpioDataRegsFile</name>
         <uninitialized>true</uninitialized>
         <run_address>0x6fc0</run_address>
         <size>0x20</size>
         <input_file_ref idref="fl-c"/>
      </object_component>
      <object_component id="oc-8a">
         <name>GpioIntRegsFile</name>
         <uninitialized>true</uninitialized>
         <run_address>0x6fe0</run_address>
         <size>0xa</size>
         <input_file_ref idref="fl-c"/>
      </object_component>
      <object_component id="oc-9a">
         <name>SysCtrlRegsFile</name>
         <uninitialized>true</uninitialized>
         <run_address>0x7010</run_address>
         <size>0x20</size>
         <input_file_ref idref="fl-c"/>
      </object_component>
      <object_component id="oc-8b">
         <name>SpiaRegsFile</name>
         <uninitialized>true</uninitialized>
         <run_address>0x7040</run_address>
         <size>0x10</size>
         <input_file_ref idref="fl-c"/>
      </object_component>
      <object_component id="oc-8e">
         <name>SciaRegsFile</name>
         <uninitialized>true</uninitialized>
         <run_address>0x7050</run_address>
         <size>0x10</size>
         <input_file_ref idref="fl-c"/>
      </object_component>
      <object_component id="oc-91">
         <name>XIntruptRegsFile</name>
         <uninitialized>true</uninitialized>
         <run_address>0x7070</run_address>
         <size>0x10</size>
         <input_file_ref idref="fl-c"/>
      </object_component>
      <object_component id="oc-93">
         <name>AdcRegsFile</name>
         <uninitialized>true</uninitialized>
         <run_address>0x7100</run_address>
         <size>0x1e</size>
         <input_file_ref idref="fl-c"/>
      </object_component>
      <object_component id="oc-8c">
         <name>ScibRegsFile</name>
         <uninitialized>true</uninitialized>
         <run_address>0x7750</run_address>
         <size>0x10</size>
         <input_file_ref idref="fl-c"/>
      </object_component>
      <object_component id="oc-8d">
         <name>ScicRegsFile</name>
         <uninitialized>true</uninitialized>
         <run_address>0x7770</run_address>
         <size>0x10</size>
         <input_file_ref idref="fl-c"/>
      </object_component>
      <object_component id="oc-9f">
         <name>I2caRegsFile</name>
         <uninitialized>true</uninitialized>
         <run_address>0x7900</run_address>
         <size>0x22</size>
         <input_file_ref idref="fl-c"/>
      </object_component>
      <object_component id="oc-86">
         <name>CsmPwlFile</name>
         <uninitialized>true</uninitialized>
         <run_address>0x33fff8</run_address>
         <size>0x8</size>
         <input_file_ref idref="fl-c"/>
      </object_component>
      <object_component id="oc-84">
         <name>PartIdRegsFile</name>
         <uninitialized>true</uninitialized>
         <run_address>0x380090</run_address>
         <size>0x1</size>
         <input_file_ref idref="fl-c"/>
      </object_component>
      <object_component id="oc-d6">
         <name>.cinit</name>
         <load_address>0x338d56</load_address>
         <run_address>0x338d56</run_address>
         <size>0x2a</size>
         <input_file_ref idref="fl-13"/>
      </object_component>
      <object_component id="oc-124">
         <name>.cinit</name>
         <load_address>0x338d80</load_address>
         <run_address>0x338d80</run_address>
         <size>0xe</size>
         <input_file_ref idref="fl-29"/>
      </object_component>
      <object_component id="oc-146">
         <name>.cinit:__lock</name>
         <load_address>0x338d8e</load_address>
         <run_address>0x338d8e</run_address>
         <size>0x5</size>
         <input_file_ref idref="fl-2a"/>
      </object_component>
      <object_component id="oc-14d">
         <name>.cinit:__unlock</name>
         <load_address>0x338d93</load_address>
         <run_address>0x338d93</run_address>
         <size>0x5</size>
         <input_file_ref idref="fl-2a"/>
      </object_component>
      <object_component id="oc-f8">
         <name>.cinit</name>
         <load_address>0x338d98</load_address>
         <run_address>0x338d98</run_address>
         <size>0x4</size>
         <input_file_ref idref="fl-19"/>
      </object_component>
      <object_component id="oc-7e">
         <name>.text:retain</name>
         <load_address>0x338000</load_address>
         <run_address>0x338000</run_address>
         <size>0x316</size>
         <input_file_ref idref="fl-b"/>
      </object_component>
      <object_component id="oc-144">
         <name>.text</name>
         <load_address>0x338316</load_address>
         <run_address>0x338316</run_address>
         <size>0x223</size>
         <input_file_ref idref="fl-13"/>
      </object_component>
      <object_component id="oc-142">
         <name>.text</name>
         <load_address>0x338539</load_address>
         <run_address>0x338539</run_address>
         <size>0x1ad</size>
         <input_file_ref idref="fl-11"/>
      </object_component>
      <object_component id="oc-149">
         <name>.text</name>
         <load_address>0x3386e6</load_address>
         <run_address>0x3386e6</run_address>
         <size>0x195</size>
         <input_file_ref idref="fl-10"/>
      </object_component>
      <object_component id="oc-147">
         <name>.text</name>
         <load_address>0x33887b</load_address>
         <run_address>0x33887b</run_address>
         <size>0xdf</size>
         <input_file_ref idref="fl-12"/>
      </object_component>
      <object_component id="oc-14b">
         <name>.text</name>
         <load_address>0x33895a</load_address>
         <run_address>0x33895a</run_address>
         <size>0x8d</size>
         <input_file_ref idref="fl-4"/>
      </object_component>
      <object_component id="oc-14a">
         <name>.text</name>
         <load_address>0x3389e7</load_address>
         <run_address>0x3389e7</run_address>
         <size>0x7e</size>
         <input_file_ref idref="fl-14"/>
      </object_component>
      <object_component id="oc-57">
         <name>.text</name>
         <load_address>0x338a65</load_address>
         <run_address>0x338a65</run_address>
         <size>0x56</size>
         <input_file_ref idref="fl-22"/>
      </object_component>
      <object_component id="oc-11e">
         <name>.text</name>
         <load_address>0x338abb</load_address>
         <run_address>0x338abb</run_address>
         <size>0x34</size>
         <input_file_ref idref="fl-27"/>
      </object_component>
      <object_component id="oc-134">
         <name>.text</name>
         <load_address>0x338aef</load_address>
         <run_address>0x338aef</run_address>
         <size>0x34</size>
         <input_file_ref idref="fl-2c"/>
      </object_component>
      <object_component id="oc-140">
         <name>.text</name>
         <load_address>0x338b23</load_address>
         <run_address>0x338b23</run_address>
         <size>0x29</size>
         <input_file_ref idref="fl-29"/>
      </object_component>
      <object_component id="oc-14e">
         <name>.text</name>
         <load_address>0x338b4c</load_address>
         <run_address>0x338b4c</run_address>
         <size>0x28</size>
         <input_file_ref idref="fl-d"/>
      </object_component>
      <object_component id="oc-13d">
         <name>.text</name>
         <load_address>0x338b74</load_address>
         <run_address>0x338b74</run_address>
         <size>0x24</size>
         <input_file_ref idref="fl-26"/>
      </object_component>
      <object_component id="oc-138">
         <name>.text</name>
         <load_address>0x338b98</load_address>
         <run_address>0x338b98</run_address>
         <size>0x21</size>
         <input_file_ref idref="fl-2d"/>
      </object_component>
      <object_component id="oc-14f">
         <name>.text</name>
         <load_address>0x338bb9</load_address>
         <run_address>0x338bb9</run_address>
         <size>0x20</size>
         <input_file_ref idref="fl-e"/>
      </object_component>
      <object_component id="oc-143">
         <name>.text</name>
         <load_address>0x338bd9</load_address>
         <run_address>0x338bd9</run_address>
         <size>0x1e</size>
         <input_file_ref idref="fl-2b"/>
      </object_component>
      <object_component id="oc-fa">
         <name>.text:retain</name>
         <load_address>0x338bf7</load_address>
         <run_address>0x338bf7</run_address>
         <size>0x19</size>
         <input_file_ref idref="fl-19"/>
      </object_component>
      <object_component id="oc-13f">
         <name>.text</name>
         <load_address>0x338c10</load_address>
         <run_address>0x338c10</run_address>
         <size>0x19</size>
         <input_file_ref idref="fl-23"/>
      </object_component>
      <object_component id="oc-100">
         <name>.text</name>
         <load_address>0x338c29</load_address>
         <run_address>0x338c29</run_address>
         <size>0x19</size>
         <input_file_ref idref="fl-21"/>
      </object_component>
      <object_component id="oc-14c">
         <name>.text</name>
         <load_address>0x338c42</load_address>
         <run_address>0x338c42</run_address>
         <size>0x9</size>
         <input_file_ref idref="fl-2a"/>
      </object_component>
      <object_component id="oc-71">
         <name>.text</name>
         <load_address>0x338c4b</load_address>
         <run_address>0x338c4b</run_address>
         <size>0x8</size>
         <input_file_ref idref="fl-9"/>
      </object_component>
      <object_component id="oc-13c">
         <name>.text</name>
         <load_address>0x338c53</load_address>
         <run_address>0x338c53</run_address>
         <size>0x2</size>
         <input_file_ref idref="fl-25"/>
      </object_component>
      <object_component id="oc-13e">
         <name>.text</name>
         <load_address>0x338c55</load_address>
         <run_address>0x338c55</run_address>
         <size>0x1</size>
         <input_file_ref idref="fl-24"/>
      </object_component>
      <object_component id="oc-72">
         <name>codestart</name>
         <load_address>0x33fff6</load_address>
         <run_address>0x33fff6</run_address>
         <size>0x2</size>
         <input_file_ref idref="fl-9"/>
      </object_component>
      <object_component id="oc-d8">
         <name>ramfuncs:retain</name>
         <load_address>0x320000</load_address>
         <run_address>0x8000</run_address>
         <size>0x2f2</size>
         <input_file_ref idref="fl-13"/>
      </object_component>
      <object_component id="oc-148">
         <name>ramfuncs</name>
         <load_address>0x3202f2</load_address>
         <run_address>0x82f2</run_address>
         <size>0x1b</size>
         <input_file_ref idref="fl-12"/>
      </object_component>
      <object_component id="oc-c1">
         <name>ramfuncs</name>
         <load_address>0x32030d</load_address>
         <run_address>0x830d</run_address>
         <size>0x4</size>
         <input_file_ref idref="fl-f"/>
      </object_component>
      <object_component id="oc-141">
         <name>ramfuncs2</name>
         <load_address>0x320311</load_address>
         <run_address>0x9000</run_address>
         <size>0x1aa</size>
         <input_file_ref idref="fl-14"/>
      </object_component>
      <object_component id="oc-fb">
         <name>ramfuncs2:retain</name>
         <load_address>0x3204bb</load_address>
         <run_address>0x91aa</run_address>
         <size>0x8d</size>
         <input_file_ref idref="fl-19"/>
      </object_component>
      <object_component id="oc-104">
         <name>.stack</name>
         <uninitialized>true</uninitialized>
         <run_address>0x400</run_address>
         <size>0x0</size>
         <input_file_ref idref="fl-22"/>
      </object_component>
      <object_component id="oc-1b2">
         <name>.stack</name>
         <uninitialized>true</uninitialized>
         <run_address>0x400</run_address>
         <size>0x0</size>
      </object_component>
      <object_component id="oc-78">
         <name>.ebss</name>
         <uninitialized>true</uninitialized>
         <run_address>0xc640</run_address>
         <size>0x18</size>
         <input_file_ref idref="fl-a"/>
      </object_component>
      <object_component id="oc-d7">
         <name>.ebss</name>
         <uninitialized>true</uninitialized>
         <run_address>0xc000</run_address>
         <size>0x3f4</size>
         <input_file_ref idref="fl-13"/>
      </object_component>
      <object_component id="oc-e8">
         <name>.ebss</name>
         <uninitialized>true</uninitialized>
         <run_address>0xc3f4</run_address>
         <size>0xa</size>
         <input_file_ref idref="fl-16"/>
      </object_component>
      <object_component id="oc-f9">
         <name>.ebss</name>
         <uninitialized>true</uninitialized>
         <run_address>0xc400</run_address>
         <size>0x240</size>
         <input_file_ref idref="fl-19"/>
      </object_component>
      <object_component id="oc-125">
         <name>.ebss</name>
         <uninitialized>true</uninitialized>
         <run_address>0xc658</run_address>
         <size>0x6</size>
         <input_file_ref idref="fl-29"/>
      </object_component>
      <object_component id="oc-150">
         <name>.ebss:__unlock</name>
         <uninitialized>true</uninitialized>
         <run_address>0xc65e</run_address>
         <size>0x2</size>
         <input_file_ref idref="fl-2a"/>
      </object_component>
      <object_component id="oc-145">
         <name>.ebss:__lock</name>
         <uninitialized>true</uninitialized>
         <run_address>0xc3fe</run_address>
         <size>0x2</size>
         <input_file_ref idref="fl-2a"/>
      </object_component>
      <object_component id="oc-151">
         <name>.econst:_PieVectTableInit</name>
         <load_address>0x338c56</load_address>
         <run_address>0x338c56</run_address>
         <size>0x100</size>
         <input_file_ref idref="fl-e"/>
      </object_component>
      <object_component id="oc-122">
         <name>FPUmathTables</name>
         <load_address>0x3febdc</load_address>
         <run_address>0x3febdc</run_address>
         <size>0x6a0</size>
         <input_file_ref idref="fl-28"/>
      </object_component>
      <object_component id="oc-105">
         <name>.reset</name>
         <load_address>0x3fffc0</load_address>
         <run_address>0x3fffc0</run_address>
         <size>0x2</size>
         <input_file_ref idref="fl-22"/>
      </object_component>
      <object_component id="oc-6c">
         <name>.adc_cal</name>
         <load_address>0x380080</load_address>
         <run_address>0x380080</run_address>
         <size>0x7</size>
         <input_file_ref idref="fl-8"/>
      </object_component>
      <object_component id="oc-58">
         <name>.debug_info</name>
         <load_address>0x0</load_address>
         <run_address>0x0</run_address>
         <size>0x3354</size>
         <input_file_ref idref="fl-4"/>
      </object_component>
      <object_component id="oc-5d">
         <name>.debug_info</name>
         <load_address>0x3354</load_address>
         <run_address>0x3354</run_address>
         <size>0x50f</size>
         <input_file_ref idref="fl-5"/>
      </object_component>
      <object_component id="oc-62">
         <name>.debug_info</name>
         <load_address>0x3863</load_address>
         <run_address>0x3863</run_address>
         <size>0x44a</size>
         <input_file_ref idref="fl-6"/>
      </object_component>
      <object_component id="oc-67">
         <name>.debug_info</name>
         <load_address>0x3cad</load_address>
         <run_address>0x3cad</run_address>
         <size>0x55a</size>
         <input_file_ref idref="fl-7"/>
      </object_component>
      <object_component id="oc-6d">
         <name>.debug_info</name>
         <load_address>0x4207</load_address>
         <run_address>0x4207</run_address>
         <size>0xe7</size>
         <input_file_ref idref="fl-8"/>
      </object_component>
      <object_component id="oc-73">
         <name>.debug_info</name>
         <load_address>0x42ee</load_address>
         <run_address>0x42ee</run_address>
         <size>0x11e</size>
         <input_file_ref idref="fl-9"/>
      </object_component>
      <object_component id="oc-77">
         <name>.debug_info</name>
         <load_address>0x440c</load_address>
         <run_address>0x440c</run_address>
         <size>0x7f4</size>
         <input_file_ref idref="fl-a"/>
      </object_component>
      <object_component id="oc-7d">
         <name>.debug_info</name>
         <load_address>0x4c00</load_address>
         <run_address>0x4c00</run_address>
         <size>0x2007</size>
         <input_file_ref idref="fl-b"/>
      </object_component>
      <object_component id="oc-83">
         <name>.debug_info</name>
         <load_address>0x6c07</load_address>
         <run_address>0x6c07</run_address>
         <size>0x13390</size>
         <input_file_ref idref="fl-c"/>
      </object_component>
      <object_component id="oc-b7">
         <name>.debug_info</name>
         <load_address>0x19f97</load_address>
         <run_address>0x19f97</run_address>
         <size>0xb44</size>
         <input_file_ref idref="fl-d"/>
      </object_component>
      <object_component id="oc-bc">
         <name>.debug_info</name>
         <load_address>0x1aadb</load_address>
         <run_address>0x1aadb</run_address>
         <size>0x22b6</size>
         <input_file_ref idref="fl-e"/>
      </object_component>
      <object_component id="oc-c2">
         <name>.debug_info</name>
         <load_address>0x1cd91</load_address>
         <run_address>0x1cd91</run_address>
         <size>0xe7</size>
         <input_file_ref idref="fl-f"/>
      </object_component>
      <object_component id="oc-c6">
         <name>.debug_info</name>
         <load_address>0x1ce78</load_address>
         <run_address>0x1ce78</run_address>
         <size>0x1d7b</size>
         <input_file_ref idref="fl-10"/>
      </object_component>
      <object_component id="oc-cb">
         <name>.debug_info</name>
         <load_address>0x1ebf3</load_address>
         <run_address>0x1ebf3</run_address>
         <size>0x2698</size>
         <input_file_ref idref="fl-11"/>
      </object_component>
      <object_component id="oc-d0">
         <name>.debug_info</name>
         <load_address>0x2128b</load_address>
         <run_address>0x2128b</run_address>
         <size>0x1eba</size>
         <input_file_ref idref="fl-12"/>
      </object_component>
      <object_component id="oc-d5">
         <name>.debug_info</name>
         <load_address>0x23145</load_address>
         <run_address>0x23145</run_address>
         <size>0x548b</size>
         <input_file_ref idref="fl-13"/>
      </object_component>
      <object_component id="oc-dd">
         <name>.debug_info</name>
         <load_address>0x285d0</load_address>
         <run_address>0x285d0</run_address>
         <size>0x8b0</size>
         <input_file_ref idref="fl-14"/>
      </object_component>
      <object_component id="oc-e2">
         <name>.debug_info</name>
         <load_address>0x28e80</load_address>
         <run_address>0x28e80</run_address>
         <size>0x750</size>
         <input_file_ref idref="fl-15"/>
      </object_component>
      <object_component id="oc-e7">
         <name>.debug_info</name>
         <load_address>0x295d0</load_address>
         <run_address>0x295d0</run_address>
         <size>0x834</size>
         <input_file_ref idref="fl-16"/>
      </object_component>
      <object_component id="oc-ed">
         <name>.debug_info</name>
         <load_address>0x29e04</load_address>
         <run_address>0x29e04</run_address>
         <size>0x3e4</size>
         <input_file_ref idref="fl-17"/>
      </object_component>
      <object_component id="oc-f2">
         <name>.debug_info</name>
         <load_address>0x2a1e8</load_address>
         <run_address>0x2a1e8</run_address>
         <size>0x404</size>
         <input_file_ref idref="fl-18"/>
      </object_component>
      <object_component id="oc-f7">
         <name>.debug_info</name>
         <load_address>0x2a5ec</load_address>
         <run_address>0x2a5ec</run_address>
         <size>0x4505</size>
         <input_file_ref idref="fl-19"/>
      </object_component>
      <object_component id="oc-101">
         <name>.debug_info</name>
         <load_address>0x2eaf1</load_address>
         <run_address>0x2eaf1</run_address>
         <size>0x142</size>
         <input_file_ref idref="fl-21"/>
      </object_component>
      <object_component id="oc-106">
         <name>.debug_info</name>
         <load_address>0x2ec33</load_address>
         <run_address>0x2ec33</run_address>
         <size>0x16b</size>
         <input_file_ref idref="fl-22"/>
      </object_component>
      <object_component id="oc-10a">
         <name>.debug_info</name>
         <load_address>0x2ed9e</load_address>
         <run_address>0x2ed9e</run_address>
         <size>0x4ce</size>
         <input_file_ref idref="fl-23"/>
      </object_component>
      <object_component id="oc-10f">
         <name>.debug_info</name>
         <load_address>0x2f26c</load_address>
         <run_address>0x2f26c</run_address>
         <size>0x3df</size>
         <input_file_ref idref="fl-24"/>
      </object_component>
      <object_component id="oc-114">
         <name>.debug_info</name>
         <load_address>0x2f64b</load_address>
         <run_address>0x2f64b</run_address>
         <size>0x3e2</size>
         <input_file_ref idref="fl-25"/>
      </object_component>
      <object_component id="oc-119">
         <name>.debug_info</name>
         <load_address>0x2fa2d</load_address>
         <run_address>0x2fa2d</run_address>
         <size>0x5c1</size>
         <input_file_ref idref="fl-26"/>
      </object_component>
      <object_component id="oc-11f">
         <name>.debug_info</name>
         <load_address>0x2ffee</load_address>
         <run_address>0x2ffee</run_address>
         <size>0x142</size>
         <input_file_ref idref="fl-27"/>
      </object_component>
      <object_component id="oc-123">
         <name>.debug_info</name>
         <load_address>0x30130</load_address>
         <run_address>0x30130</run_address>
         <size>0x5ab</size>
         <input_file_ref idref="fl-29"/>
      </object_component>
      <object_component id="oc-12a">
         <name>.debug_info</name>
         <load_address>0x306db</load_address>
         <run_address>0x306db</run_address>
         <size>0x501</size>
         <input_file_ref idref="fl-2a"/>
      </object_component>
      <object_component id="oc-12f">
         <name>.debug_info</name>
         <load_address>0x30bdc</load_address>
         <run_address>0x30bdc</run_address>
         <size>0x46f</size>
         <input_file_ref idref="fl-2b"/>
      </object_component>
      <object_component id="oc-135">
         <name>.debug_info</name>
         <load_address>0x3104b</load_address>
         <run_address>0x3104b</run_address>
         <size>0x142</size>
         <input_file_ref idref="fl-2c"/>
      </object_component>
      <object_component id="oc-139">
         <name>.debug_info</name>
         <load_address>0x3118d</load_address>
         <run_address>0x3118d</run_address>
         <size>0x144</size>
         <input_file_ref idref="fl-2d"/>
      </object_component>
      <object_component id="oc-1b3">
         <name>.debug_info</name>
         <load_address>0x312d1</load_address>
         <run_address>0x312d1</run_address>
         <size>0xa0</size>
      </object_component>
      <object_component id="oc-59">
         <name>.debug_frame</name>
         <load_address>0x0</load_address>
         <run_address>0x0</run_address>
         <size>0x44</size>
         <input_file_ref idref="fl-4"/>
      </object_component>
      <object_component id="oc-5e">
         <name>.debug_frame</name>
         <load_address>0x44</load_address>
         <run_address>0x44</run_address>
         <size>0x2e</size>
         <input_file_ref idref="fl-5"/>
      </object_component>
      <object_component id="oc-63">
         <name>.debug_frame</name>
         <load_address>0x72</load_address>
         <run_address>0x72</run_address>
         <size>0x2e</size>
         <input_file_ref idref="fl-6"/>
      </object_component>
      <object_component id="oc-68">
         <name>.debug_frame</name>
         <load_address>0xa0</load_address>
         <run_address>0xa0</run_address>
         <size>0x2e</size>
         <input_file_ref idref="fl-7"/>
      </object_component>
      <object_component id="oc-79">
         <name>.debug_frame</name>
         <load_address>0xce</load_address>
         <run_address>0xce</run_address>
         <size>0x2e</size>
         <input_file_ref idref="fl-a"/>
      </object_component>
      <object_component id="oc-7f">
         <name>.debug_frame</name>
         <load_address>0xfc</load_address>
         <run_address>0xfc</run_address>
         <size>0xb99</size>
         <input_file_ref idref="fl-b"/>
      </object_component>
      <object_component id="oc-b8">
         <name>.debug_frame</name>
         <load_address>0xc95</load_address>
         <run_address>0xc95</run_address>
         <size>0x58</size>
         <input_file_ref idref="fl-d"/>
      </object_component>
      <object_component id="oc-bd">
         <name>.debug_frame</name>
         <load_address>0xced</load_address>
         <run_address>0xced</run_address>
         <size>0x49</size>
         <input_file_ref idref="fl-e"/>
      </object_component>
      <object_component id="oc-c7">
         <name>.debug_frame</name>
         <load_address>0xd36</load_address>
         <run_address>0xd36</run_address>
         <size>0x44</size>
         <input_file_ref idref="fl-10"/>
      </object_component>
      <object_component id="oc-cc">
         <name>.debug_frame</name>
         <load_address>0xd7a</load_address>
         <run_address>0xd7a</run_address>
         <size>0x66</size>
         <input_file_ref idref="fl-11"/>
      </object_component>
      <object_component id="oc-d1">
         <name>.debug_frame</name>
         <load_address>0xde0</load_address>
         <run_address>0xde0</run_address>
         <size>0xcf</size>
         <input_file_ref idref="fl-12"/>
      </object_component>
      <object_component id="oc-d9">
         <name>.debug_frame</name>
         <load_address>0xeaf</load_address>
         <run_address>0xeaf</run_address>
         <size>0x16f</size>
         <input_file_ref idref="fl-13"/>
      </object_component>
      <object_component id="oc-de">
         <name>.debug_frame</name>
         <load_address>0x101e</load_address>
         <run_address>0x101e</run_address>
         <size>0x67</size>
         <input_file_ref idref="fl-14"/>
      </object_component>
      <object_component id="oc-e3">
         <name>.debug_frame</name>
         <load_address>0x1085</load_address>
         <run_address>0x1085</run_address>
         <size>0x2e</size>
         <input_file_ref idref="fl-15"/>
      </object_component>
      <object_component id="oc-e9">
         <name>.debug_frame</name>
         <load_address>0x10b3</load_address>
         <run_address>0x10b3</run_address>
         <size>0x2e</size>
         <input_file_ref idref="fl-16"/>
      </object_component>
      <object_component id="oc-ee">
         <name>.debug_frame</name>
         <load_address>0x10e1</load_address>
         <run_address>0x10e1</run_address>
         <size>0x2e</size>
         <input_file_ref idref="fl-17"/>
      </object_component>
      <object_component id="oc-f3">
         <name>.debug_frame</name>
         <load_address>0x110f</load_address>
         <run_address>0x110f</run_address>
         <size>0x2e</size>
         <input_file_ref idref="fl-18"/>
      </object_component>
      <object_component id="oc-fc">
         <name>.debug_frame</name>
         <load_address>0x113d</load_address>
         <run_address>0x113d</run_address>
         <size>0xda</size>
         <input_file_ref idref="fl-19"/>
      </object_component>
      <object_component id="oc-10b">
         <name>.debug_frame</name>
         <load_address>0x1217</load_address>
         <run_address>0x1217</run_address>
         <size>0x43</size>
         <input_file_ref idref="fl-23"/>
      </object_component>
      <object_component id="oc-110">
         <name>.debug_frame</name>
         <load_address>0x125a</load_address>
         <run_address>0x125a</run_address>
         <size>0x43</size>
         <input_file_ref idref="fl-24"/>
      </object_component>
      <object_component id="oc-115">
         <name>.debug_frame</name>
         <load_address>0x129d</load_address>
         <run_address>0x129d</run_address>
         <size>0x43</size>
         <input_file_ref idref="fl-25"/>
      </object_component>
      <object_component id="oc-11a">
         <name>.debug_frame</name>
         <load_address>0x12e0</load_address>
         <run_address>0x12e0</run_address>
         <size>0x64</size>
         <input_file_ref idref="fl-26"/>
      </object_component>
      <object_component id="oc-126">
         <name>.debug_frame</name>
         <load_address>0x1344</load_address>
         <run_address>0x1344</run_address>
         <size>0x61</size>
         <input_file_ref idref="fl-29"/>
      </object_component>
      <object_component id="oc-12b">
         <name>.debug_frame</name>
         <load_address>0x13a5</load_address>
         <run_address>0x13a5</run_address>
         <size>0x6d</size>
         <input_file_ref idref="fl-2a"/>
      </object_component>
      <object_component id="oc-130">
         <name>.debug_frame</name>
         <load_address>0x1412</load_address>
         <run_address>0x1412</run_address>
         <size>0x43</size>
         <input_file_ref idref="fl-2b"/>
      </object_component>
      <object_component id="oc-5a">
         <name>.debug_line</name>
         <load_address>0x0</load_address>
         <run_address>0x0</run_address>
         <size>0x70</size>
         <input_file_ref idref="fl-4"/>
      </object_component>
      <object_component id="oc-5f">
         <name>.debug_line</name>
         <load_address>0x70</load_address>
         <run_address>0x70</run_address>
         <size>0x31</size>
         <input_file_ref idref="fl-5"/>
      </object_component>
      <object_component id="oc-64">
         <name>.debug_line</name>
         <load_address>0xa1</load_address>
         <run_address>0xa1</run_address>
         <size>0x2f</size>
         <input_file_ref idref="fl-6"/>
      </object_component>
      <object_component id="oc-69">
         <name>.debug_line</name>
         <load_address>0xd0</load_address>
         <run_address>0xd0</run_address>
         <size>0x30</size>
         <input_file_ref idref="fl-7"/>
      </object_component>
      <object_component id="oc-6e">
         <name>.debug_line</name>
         <load_address>0x100</load_address>
         <run_address>0x100</run_address>
         <size>0x49</size>
         <input_file_ref idref="fl-8"/>
      </object_component>
      <object_component id="oc-74">
         <name>.debug_line</name>
         <load_address>0x149</load_address>
         <run_address>0x149</run_address>
         <size>0x61</size>
         <input_file_ref idref="fl-9"/>
      </object_component>
      <object_component id="oc-7a">
         <name>.debug_line</name>
         <load_address>0x1aa</load_address>
         <run_address>0x1aa</run_address>
         <size>0x38</size>
         <input_file_ref idref="fl-a"/>
      </object_component>
      <object_component id="oc-80">
         <name>.debug_line</name>
         <load_address>0x1e2</load_address>
         <run_address>0x1e2</run_address>
         <size>0x74e</size>
         <input_file_ref idref="fl-b"/>
      </object_component>
      <object_component id="oc-b9">
         <name>.debug_line</name>
         <load_address>0x930</load_address>
         <run_address>0x930</run_address>
         <size>0x86</size>
         <input_file_ref idref="fl-d"/>
      </object_component>
      <object_component id="oc-be">
         <name>.debug_line</name>
         <load_address>0x9b6</load_address>
         <run_address>0x9b6</run_address>
         <size>0x68</size>
         <input_file_ref idref="fl-e"/>
      </object_component>
      <object_component id="oc-c3">
         <name>.debug_line</name>
         <load_address>0xa1e</load_address>
         <run_address>0xa1e</run_address>
         <size>0x48</size>
         <input_file_ref idref="fl-f"/>
      </object_component>
      <object_component id="oc-c8">
         <name>.debug_line</name>
         <load_address>0xa66</load_address>
         <run_address>0xa66</run_address>
         <size>0x102</size>
         <input_file_ref idref="fl-10"/>
      </object_component>
      <object_component id="oc-cd">
         <name>.debug_line</name>
         <load_address>0xb68</load_address>
         <run_address>0xb68</run_address>
         <size>0xe5</size>
         <input_file_ref idref="fl-11"/>
      </object_component>
      <object_component id="oc-d2">
         <name>.debug_line</name>
         <load_address>0xc4d</load_address>
         <run_address>0xc4d</run_address>
         <size>0x164</size>
         <input_file_ref idref="fl-12"/>
      </object_component>
      <object_component id="oc-da">
         <name>.debug_line</name>
         <load_address>0xdb1</load_address>
         <run_address>0xdb1</run_address>
         <size>0x230</size>
         <input_file_ref idref="fl-13"/>
      </object_component>
      <object_component id="oc-df">
         <name>.debug_line</name>
         <load_address>0xfe1</load_address>
         <run_address>0xfe1</run_address>
         <size>0xd4</size>
         <input_file_ref idref="fl-14"/>
      </object_component>
      <object_component id="oc-e4">
         <name>.debug_line</name>
         <load_address>0x10b5</load_address>
         <run_address>0x10b5</run_address>
         <size>0x35</size>
         <input_file_ref idref="fl-15"/>
      </object_component>
      <object_component id="oc-ea">
         <name>.debug_line</name>
         <load_address>0x10ea</load_address>
         <run_address>0x10ea</run_address>
         <size>0x30</size>
         <input_file_ref idref="fl-16"/>
      </object_component>
      <object_component id="oc-ef">
         <name>.debug_line</name>
         <load_address>0x111a</load_address>
         <run_address>0x111a</run_address>
         <size>0x2f</size>
         <input_file_ref idref="fl-17"/>
      </object_component>
      <object_component id="oc-f4">
         <name>.debug_line</name>
         <load_address>0x1149</load_address>
         <run_address>0x1149</run_address>
         <size>0x2d</size>
         <input_file_ref idref="fl-18"/>
      </object_component>
      <object_component id="oc-fd">
         <name>.debug_line</name>
         <load_address>0x1176</load_address>
         <run_address>0x1176</run_address>
         <size>0xc1</size>
         <input_file_ref idref="fl-19"/>
      </object_component>
      <object_component id="oc-102">
         <name>.debug_line</name>
         <load_address>0x1237</load_address>
         <run_address>0x1237</run_address>
         <size>0x7a</size>
         <input_file_ref idref="fl-21"/>
      </object_component>
      <object_component id="oc-107">
         <name>.debug_line</name>
         <load_address>0x12b1</load_address>
         <run_address>0x12b1</run_address>
         <size>0x7e</size>
         <input_file_ref idref="fl-22"/>
      </object_component>
      <object_component id="oc-10c">
         <name>.debug_line</name>
         <load_address>0x132f</load_address>
         <run_address>0x132f</run_address>
         <size>0x55</size>
         <input_file_ref idref="fl-23"/>
      </object_component>
      <object_component id="oc-111">
         <name>.debug_line</name>
         <load_address>0x1384</load_address>
         <run_address>0x1384</run_address>
         <size>0x3a</size>
         <input_file_ref idref="fl-24"/>
      </object_component>
      <object_component id="oc-116">
         <name>.debug_line</name>
         <load_address>0x13be</load_address>
         <run_address>0x13be</run_address>
         <size>0x3e</size>
         <input_file_ref idref="fl-25"/>
      </object_component>
      <object_component id="oc-11b">
         <name>.debug_line</name>
         <load_address>0x13fc</load_address>
         <run_address>0x13fc</run_address>
         <size>0x50</size>
         <input_file_ref idref="fl-26"/>
      </object_component>
      <object_component id="oc-120">
         <name>.debug_line</name>
         <load_address>0x144c</load_address>
         <run_address>0x144c</run_address>
         <size>0x88</size>
         <input_file_ref idref="fl-27"/>
      </object_component>
      <object_component id="oc-127">
         <name>.debug_line</name>
         <load_address>0x14d4</load_address>
         <run_address>0x14d4</run_address>
         <size>0x65</size>
         <input_file_ref idref="fl-29"/>
      </object_component>
      <object_component id="oc-12c">
         <name>.debug_line</name>
         <load_address>0x1539</load_address>
         <run_address>0x1539</run_address>
         <size>0x5e</size>
         <input_file_ref idref="fl-2a"/>
      </object_component>
      <object_component id="oc-131">
         <name>.debug_line</name>
         <load_address>0x1597</load_address>
         <run_address>0x1597</run_address>
         <size>0x62</size>
         <input_file_ref idref="fl-2b"/>
      </object_component>
      <object_component id="oc-136">
         <name>.debug_line</name>
         <load_address>0x15f9</load_address>
         <run_address>0x15f9</run_address>
         <size>0x88</size>
         <input_file_ref idref="fl-2c"/>
      </object_component>
      <object_component id="oc-13a">
         <name>.debug_line</name>
         <load_address>0x1681</load_address>
         <run_address>0x1681</run_address>
         <size>0x80</size>
         <input_file_ref idref="fl-2d"/>
      </object_component>
      <object_component id="oc-5b">
         <name>.debug_abbrev</name>
         <load_address>0x0</load_address>
         <run_address>0x0</run_address>
         <size>0x10f</size>
         <input_file_ref idref="fl-4"/>
      </object_component>
      <object_component id="oc-60">
         <name>.debug_abbrev</name>
         <load_address>0x10f</load_address>
         <run_address>0x10f</run_address>
         <size>0xac</size>
         <input_file_ref idref="fl-5"/>
      </object_component>
      <object_component id="oc-65">
         <name>.debug_abbrev</name>
         <load_address>0x1bb</load_address>
         <run_address>0x1bb</run_address>
         <size>0xac</size>
         <input_file_ref idref="fl-6"/>
      </object_component>
      <object_component id="oc-6a">
         <name>.debug_abbrev</name>
         <load_address>0x267</load_address>
         <run_address>0x267</run_address>
         <size>0xac</size>
         <input_file_ref idref="fl-7"/>
      </object_component>
      <object_component id="oc-6f">
         <name>.debug_abbrev</name>
         <load_address>0x313</load_address>
         <run_address>0x313</run_address>
         <size>0x2f</size>
         <input_file_ref idref="fl-8"/>
      </object_component>
      <object_component id="oc-75">
         <name>.debug_abbrev</name>
         <load_address>0x342</load_address>
         <run_address>0x342</run_address>
         <size>0x21</size>
         <input_file_ref idref="fl-9"/>
      </object_component>
      <object_component id="oc-7b">
         <name>.debug_abbrev</name>
         <load_address>0x363</load_address>
         <run_address>0x363</run_address>
         <size>0xfd</size>
         <input_file_ref idref="fl-a"/>
      </object_component>
      <object_component id="oc-81">
         <name>.debug_abbrev</name>
         <load_address>0x460</load_address>
         <run_address>0x460</run_address>
         <size>0xa8</size>
         <input_file_ref idref="fl-b"/>
      </object_component>
      <object_component id="oc-b6">
         <name>.debug_abbrev</name>
         <load_address>0x508</load_address>
         <run_address>0x508</run_address>
         <size>0xb7</size>
         <input_file_ref idref="fl-c"/>
      </object_component>
      <object_component id="oc-ba">
         <name>.debug_abbrev</name>
         <load_address>0x5bf</load_address>
         <run_address>0x5bf</run_address>
         <size>0xc8</size>
         <input_file_ref idref="fl-d"/>
      </object_component>
      <object_component id="oc-bf">
         <name>.debug_abbrev</name>
         <load_address>0x687</load_address>
         <run_address>0x687</run_address>
         <size>0x116</size>
         <input_file_ref idref="fl-e"/>
      </object_component>
      <object_component id="oc-c4">
         <name>.debug_abbrev</name>
         <load_address>0x79d</load_address>
         <run_address>0x79d</run_address>
         <size>0x2f</size>
         <input_file_ref idref="fl-f"/>
      </object_component>
      <object_component id="oc-c9">
         <name>.debug_abbrev</name>
         <load_address>0x7cc</load_address>
         <run_address>0x7cc</run_address>
         <size>0xdc</size>
         <input_file_ref idref="fl-10"/>
      </object_component>
      <object_component id="oc-ce">
         <name>.debug_abbrev</name>
         <load_address>0x8a8</load_address>
         <run_address>0x8a8</run_address>
         <size>0x10a</size>
         <input_file_ref idref="fl-11"/>
      </object_component>
      <object_component id="oc-d3">
         <name>.debug_abbrev</name>
         <load_address>0x9b2</load_address>
         <run_address>0x9b2</run_address>
         <size>0x182</size>
         <input_file_ref idref="fl-12"/>
      </object_component>
      <object_component id="oc-db">
         <name>.debug_abbrev</name>
         <load_address>0xb34</load_address>
         <run_address>0xb34</run_address>
         <size>0x1a3</size>
         <input_file_ref idref="fl-13"/>
      </object_component>
      <object_component id="oc-e0">
         <name>.debug_abbrev</name>
         <load_address>0xcd7</load_address>
         <run_address>0xcd7</run_address>
         <size>0xd3</size>
         <input_file_ref idref="fl-14"/>
      </object_component>
      <object_component id="oc-e5">
         <name>.debug_abbrev</name>
         <load_address>0xdaa</load_address>
         <run_address>0xdaa</run_address>
         <size>0xe7</size>
         <input_file_ref idref="fl-15"/>
      </object_component>
      <object_component id="oc-eb">
         <name>.debug_abbrev</name>
         <load_address>0xe91</load_address>
         <run_address>0xe91</run_address>
         <size>0xa2</size>
         <input_file_ref idref="fl-16"/>
      </object_component>
      <object_component id="oc-f0">
         <name>.debug_abbrev</name>
         <load_address>0xf33</load_address>
         <run_address>0xf33</run_address>
         <size>0xac</size>
         <input_file_ref idref="fl-17"/>
      </object_component>
      <object_component id="oc-f5">
         <name>.debug_abbrev</name>
         <load_address>0xfdf</load_address>
         <run_address>0xfdf</run_address>
         <size>0xac</size>
         <input_file_ref idref="fl-18"/>
      </object_component>
      <object_component id="oc-fe">
         <name>.debug_abbrev</name>
         <load_address>0x108b</load_address>
         <run_address>0x108b</run_address>
         <size>0x2af</size>
         <input_file_ref idref="fl-19"/>
      </object_component>
      <object_component id="oc-103">
         <name>.debug_abbrev</name>
         <load_address>0x133a</load_address>
         <run_address>0x133a</run_address>
         <size>0x2c</size>
         <input_file_ref idref="fl-21"/>
      </object_component>
      <object_component id="oc-108">
         <name>.debug_abbrev</name>
         <load_address>0x1366</load_address>
         <run_address>0x1366</run_address>
         <size>0x46</size>
         <input_file_ref idref="fl-22"/>
      </object_component>
      <object_component id="oc-10d">
         <name>.debug_abbrev</name>
         <load_address>0x13ac</load_address>
         <run_address>0x13ac</run_address>
         <size>0xfe</size>
         <input_file_ref idref="fl-23"/>
      </object_component>
      <object_component id="oc-112">
         <name>.debug_abbrev</name>
         <load_address>0x14aa</load_address>
         <run_address>0x14aa</run_address>
         <size>0x66</size>
         <input_file_ref idref="fl-24"/>
      </object_component>
      <object_component id="oc-117">
         <name>.debug_abbrev</name>
         <load_address>0x1510</load_address>
         <run_address>0x1510</run_address>
         <size>0x68</size>
         <input_file_ref idref="fl-25"/>
      </object_component>
      <object_component id="oc-11c">
         <name>.debug_abbrev</name>
         <load_address>0x1578</load_address>
         <run_address>0x1578</run_address>
         <size>0xfc</size>
         <input_file_ref idref="fl-26"/>
      </object_component>
      <object_component id="oc-121">
         <name>.debug_abbrev</name>
         <load_address>0x1674</load_address>
         <run_address>0x1674</run_address>
         <size>0x2c</size>
         <input_file_ref idref="fl-27"/>
      </object_component>
      <object_component id="oc-128">
         <name>.debug_abbrev</name>
         <load_address>0x16a0</load_address>
         <run_address>0x16a0</run_address>
         <size>0x142</size>
         <input_file_ref idref="fl-29"/>
      </object_component>
      <object_component id="oc-12d">
         <name>.debug_abbrev</name>
         <load_address>0x17e2</load_address>
         <run_address>0x17e2</run_address>
         <size>0xb2</size>
         <input_file_ref idref="fl-2a"/>
      </object_component>
      <object_component id="oc-132">
         <name>.debug_abbrev</name>
         <load_address>0x1894</load_address>
         <run_address>0x1894</run_address>
         <size>0xa8</size>
         <input_file_ref idref="fl-2b"/>
      </object_component>
      <object_component id="oc-137">
         <name>.debug_abbrev</name>
         <load_address>0x193c</load_address>
         <run_address>0x193c</run_address>
         <size>0x2c</size>
         <input_file_ref idref="fl-2c"/>
      </object_component>
      <object_component id="oc-13b">
         <name>.debug_abbrev</name>
         <load_address>0x1968</load_address>
         <run_address>0x1968</run_address>
         <size>0x2c</size>
         <input_file_ref idref="fl-2d"/>
      </object_component>
      <object_component id="oc-1b4">
         <name>.debug_abbrev</name>
         <load_address>0x1994</load_address>
         <run_address>0x1994</run_address>
         <size>0xf</size>
      </object_component>
      <object_component id="oc-5c">
         <name>.debug_aranges</name>
         <load_address>0x0</load_address>
         <run_address>0x0</run_address>
         <size>0x20</size>
         <input_file_ref idref="fl-4"/>
      </object_component>
      <object_component id="oc-61">
         <name>.debug_aranges</name>
         <load_address>0x20</load_address>
         <run_address>0x20</run_address>
         <size>0x18</size>
         <input_file_ref idref="fl-5"/>
      </object_component>
      <object_component id="oc-66">
         <name>.debug_aranges</name>
         <load_address>0x38</load_address>
         <run_address>0x38</run_address>
         <size>0x18</size>
         <input_file_ref idref="fl-6"/>
      </object_component>
      <object_component id="oc-6b">
         <name>.debug_aranges</name>
         <load_address>0x50</load_address>
         <run_address>0x50</run_address>
         <size>0x18</size>
         <input_file_ref idref="fl-7"/>
      </object_component>
      <object_component id="oc-70">
         <name>.debug_aranges</name>
         <load_address>0x68</load_address>
         <run_address>0x68</run_address>
         <size>0x20</size>
         <input_file_ref idref="fl-8"/>
      </object_component>
      <object_component id="oc-76">
         <name>.debug_aranges</name>
         <load_address>0x88</load_address>
         <run_address>0x88</run_address>
         <size>0x28</size>
         <input_file_ref idref="fl-9"/>
      </object_component>
      <object_component id="oc-7c">
         <name>.debug_aranges</name>
         <load_address>0xb0</load_address>
         <run_address>0xb0</run_address>
         <size>0x18</size>
         <input_file_ref idref="fl-a"/>
      </object_component>
      <object_component id="oc-82">
         <name>.debug_aranges</name>
         <load_address>0xc8</load_address>
         <run_address>0xc8</run_address>
         <size>0x290</size>
         <input_file_ref idref="fl-b"/>
      </object_component>
      <object_component id="oc-bb">
         <name>.debug_aranges</name>
         <load_address>0x358</load_address>
         <run_address>0x358</run_address>
         <size>0x28</size>
         <input_file_ref idref="fl-d"/>
      </object_component>
      <object_component id="oc-c0">
         <name>.debug_aranges</name>
         <load_address>0x380</load_address>
         <run_address>0x380</run_address>
         <size>0x20</size>
         <input_file_ref idref="fl-e"/>
      </object_component>
      <object_component id="oc-c5">
         <name>.debug_aranges</name>
         <load_address>0x3a0</load_address>
         <run_address>0x3a0</run_address>
         <size>0x20</size>
         <input_file_ref idref="fl-f"/>
      </object_component>
      <object_component id="oc-ca">
         <name>.debug_aranges</name>
         <load_address>0x3c0</load_address>
         <run_address>0x3c0</run_address>
         <size>0x20</size>
         <input_file_ref idref="fl-10"/>
      </object_component>
      <object_component id="oc-cf">
         <name>.debug_aranges</name>
         <load_address>0x3e0</load_address>
         <run_address>0x3e0</run_address>
         <size>0x28</size>
         <input_file_ref idref="fl-11"/>
      </object_component>
      <object_component id="oc-d4">
         <name>.debug_aranges</name>
         <load_address>0x408</load_address>
         <run_address>0x408</run_address>
         <size>0x50</size>
         <input_file_ref idref="fl-12"/>
      </object_component>
      <object_component id="oc-dc">
         <name>.debug_aranges</name>
         <load_address>0x458</load_address>
         <run_address>0x458</run_address>
         <size>0x70</size>
         <input_file_ref idref="fl-13"/>
      </object_component>
      <object_component id="oc-e1">
         <name>.debug_aranges</name>
         <load_address>0x4c8</load_address>
         <run_address>0x4c8</run_address>
         <size>0x28</size>
         <input_file_ref idref="fl-14"/>
      </object_component>
      <object_component id="oc-e6">
         <name>.debug_aranges</name>
         <load_address>0x4f0</load_address>
         <run_address>0x4f0</run_address>
         <size>0x18</size>
         <input_file_ref idref="fl-15"/>
      </object_component>
      <object_component id="oc-ec">
         <name>.debug_aranges</name>
         <load_address>0x508</load_address>
         <run_address>0x508</run_address>
         <size>0x18</size>
         <input_file_ref idref="fl-16"/>
      </object_component>
      <object_component id="oc-f1">
         <name>.debug_aranges</name>
         <load_address>0x520</load_address>
         <run_address>0x520</run_address>
         <size>0x18</size>
         <input_file_ref idref="fl-17"/>
      </object_component>
      <object_component id="oc-f6">
         <name>.debug_aranges</name>
         <load_address>0x538</load_address>
         <run_address>0x538</run_address>
         <size>0x18</size>
         <input_file_ref idref="fl-18"/>
      </object_component>
      <object_component id="oc-ff">
         <name>.debug_aranges</name>
         <load_address>0x550</load_address>
         <run_address>0x550</run_address>
         <size>0x30</size>
         <input_file_ref idref="fl-19"/>
      </object_component>
      <object_component id="oc-109">
         <name>.debug_aranges</name>
         <load_address>0x580</load_address>
         <run_address>0x580</run_address>
         <size>0x20</size>
         <input_file_ref idref="fl-22"/>
      </object_component>
      <object_component id="oc-10e">
         <name>.debug_aranges</name>
         <load_address>0x5a0</load_address>
         <run_address>0x5a0</run_address>
         <size>0x20</size>
         <input_file_ref idref="fl-23"/>
      </object_component>
      <object_component id="oc-113">
         <name>.debug_aranges</name>
         <load_address>0x5c0</load_address>
         <run_address>0x5c0</run_address>
         <size>0x20</size>
         <input_file_ref idref="fl-24"/>
      </object_component>
      <object_component id="oc-118">
         <name>.debug_aranges</name>
         <load_address>0x5e0</load_address>
         <run_address>0x5e0</run_address>
         <size>0x20</size>
         <input_file_ref idref="fl-25"/>
      </object_component>
      <object_component id="oc-11d">
         <name>.debug_aranges</name>
         <load_address>0x600</load_address>
         <run_address>0x600</run_address>
         <size>0x20</size>
         <input_file_ref idref="fl-26"/>
      </object_component>
      <object_component id="oc-129">
         <name>.debug_aranges</name>
         <load_address>0x620</load_address>
         <run_address>0x620</run_address>
         <size>0x28</size>
         <input_file_ref idref="fl-29"/>
      </object_component>
      <object_component id="oc-12e">
         <name>.debug_aranges</name>
         <load_address>0x648</load_address>
         <run_address>0x648</run_address>
         <size>0x30</size>
         <input_file_ref idref="fl-2a"/>
      </object_component>
      <object_component id="oc-133">
         <name>.debug_aranges</name>
         <load_address>0x678</load_address>
         <run_address>0x678</run_address>
         <size>0x20</size>
         <input_file_ref idref="fl-2b"/>
      </object_component>
   </object_component_list>
   <logical_group_list>
      <logical_group id="lg-2" display="no" color="cyan">
         <name>PieVectTableFile</name>
         <run_address>0xd00</run_address>
         <size>0x100</size>
         <contents>
            <object_component_ref idref="oc-b5"/>
         </contents>
      </logical_group>
      <logical_group id="lg-3" display="no" color="cyan">
         <name>DevEmuRegsFile</name>
         <run_address>0x880</run_address>
         <size>0xd0</size>
         <contents>
            <object_component_ref idref="oc-b1"/>
         </contents>
      </logical_group>
      <logical_group id="lg-4" display="no" color="cyan">
         <name>FlashRegsFile</name>
         <run_address>0xa80</run_address>
         <size>0x8</size>
         <contents>
            <object_component_ref idref="oc-87"/>
         </contents>
      </logical_group>
      <logical_group id="lg-5" display="no" color="cyan">
         <name>CsmRegsFile</name>
         <run_address>0xae0</run_address>
         <size>0x10</size>
         <contents>
            <object_component_ref idref="oc-8f"/>
         </contents>
      </logical_group>
      <logical_group id="lg-6" display="no" color="cyan">
         <name>AdcMirrorFile</name>
         <run_address>0xb00</run_address>
         <size>0x10</size>
         <contents>
            <object_component_ref idref="oc-90"/>
         </contents>
      </logical_group>
      <logical_group id="lg-7" display="no" color="cyan">
         <name>XintfRegsFile</name>
         <run_address>0xb20</run_address>
         <size>0x1e</size>
         <contents>
            <object_component_ref idref="oc-94"/>
         </contents>
      </logical_group>
      <logical_group id="lg-8" display="no" color="cyan">
         <name>CpuTimer0RegsFile</name>
         <run_address>0xc00</run_address>
         <size>0x8</size>
         <contents>
            <object_component_ref idref="oc-88"/>
         </contents>
      </logical_group>
      <logical_group id="lg-9" display="no" color="cyan">
         <name>CpuTimer1RegsFile</name>
         <run_address>0xc08</run_address>
         <size>0x8</size>
         <contents>
            <object_component_ref idref="oc-89"/>
         </contents>
      </logical_group>
      <logical_group id="lg-a" display="no" color="cyan">
         <name>CpuTimer2RegsFile</name>
         <run_address>0xc10</run_address>
         <size>0x8</size>
         <contents>
            <object_component_ref idref="oc-85"/>
         </contents>
      </logical_group>
      <logical_group id="lg-b" display="no" color="cyan">
         <name>PieCtrlRegsFile</name>
         <run_address>0xce0</run_address>
         <size>0x1a</size>
         <contents>
            <object_component_ref idref="oc-92"/>
         </contents>
      </logical_group>
      <logical_group id="lg-c" display="no" color="cyan">
         <name>DmaRegsFile</name>
         <run_address>0x1000</run_address>
         <size>0xe0</size>
         <contents>
            <object_component_ref idref="oc-b2"/>
         </contents>
      </logical_group>
      <logical_group id="lg-d" display="no" color="cyan">
         <name>McbspaRegsFile</name>
         <run_address>0x5000</run_address>
         <size>0x25</size>
         <contents>
            <object_component_ref idref="oc-a5"/>
         </contents>
      </logical_group>
      <logical_group id="lg-e" display="no" color="cyan">
         <name>McbspbRegsFile</name>
         <run_address>0x5040</run_address>
         <size>0x25</size>
         <contents>
            <object_component_ref idref="oc-a4"/>
         </contents>
      </logical_group>
      <logical_group id="lg-f" display="no" color="cyan">
         <name>ECanaRegsFile</name>
         <run_address>0x6000</run_address>
         <size>0x34</size>
         <contents>
            <object_component_ref idref="oc-a7"/>
         </contents>
      </logical_group>
      <logical_group id="lg-10" display="no" color="cyan">
         <name>ECanaLAMRegsFile</name>
         <run_address>0x6040</run_address>
         <size>0x40</size>
         <contents>
            <object_component_ref idref="oc-ab"/>
         </contents>
      </logical_group>
      <logical_group id="lg-11" display="no" color="cyan">
         <name>ECanaMboxesFile</name>
         <run_address>0x6100</run_address>
         <size>0x100</size>
         <contents>
            <object_component_ref idref="oc-b4"/>
         </contents>
      </logical_group>
      <logical_group id="lg-12" display="no" color="cyan">
         <name>ECanaMOTSRegsFile</name>
         <run_address>0x6080</run_address>
         <size>0x40</size>
         <contents>
            <object_component_ref idref="oc-ac"/>
         </contents>
      </logical_group>
      <logical_group id="lg-13" display="no" color="cyan">
         <name>ECanaMOTORegsFile</name>
         <run_address>0x60c0</run_address>
         <size>0x40</size>
         <contents>
            <object_component_ref idref="oc-a9"/>
         </contents>
      </logical_group>
      <logical_group id="lg-14" display="no" color="cyan">
         <name>ECanbRegsFile</name>
         <run_address>0x6200</run_address>
         <size>0x34</size>
         <contents>
            <object_component_ref idref="oc-a8"/>
         </contents>
      </logical_group>
      <logical_group id="lg-15" display="no" color="cyan">
         <name>ECanbLAMRegsFile</name>
         <run_address>0x6240</run_address>
         <size>0x40</size>
         <contents>
            <object_component_ref idref="oc-b0"/>
         </contents>
      </logical_group>
      <logical_group id="lg-16" display="no" color="cyan">
         <name>ECanbMboxesFile</name>
         <run_address>0x6300</run_address>
         <size>0x100</size>
         <contents>
            <object_component_ref idref="oc-b3"/>
         </contents>
      </logical_group>
      <logical_group id="lg-17" display="no" color="cyan">
         <name>ECanbMOTSRegsFile</name>
         <run_address>0x6280</run_address>
         <size>0x40</size>
         <contents>
            <object_component_ref idref="oc-aa"/>
         </contents>
      </logical_group>
      <logical_group id="lg-18" display="no" color="cyan">
         <name>ECanbMOTORegsFile</name>
         <run_address>0x62c0</run_address>
         <size>0x40</size>
         <contents>
            <object_component_ref idref="oc-ad"/>
         </contents>
      </logical_group>
      <logical_group id="lg-19" display="no" color="cyan">
         <name>EPwm1RegsFile</name>
         <run_address>0x6800</run_address>
         <size>0x22</size>
         <contents>
            <object_component_ref idref="oc-a2"/>
         </contents>
      </logical_group>
      <logical_group id="lg-1a" display="no" color="cyan">
         <name>EPwm2RegsFile</name>
         <run_address>0x6840</run_address>
         <size>0x22</size>
         <contents>
            <object_component_ref idref="oc-9d"/>
         </contents>
      </logical_group>
      <logical_group id="lg-1b" display="no" color="cyan">
         <name>EPwm3RegsFile</name>
         <run_address>0x6880</run_address>
         <size>0x22</size>
         <contents>
            <object_component_ref idref="oc-9e"/>
         </contents>
      </logical_group>
      <logical_group id="lg-1c" display="no" color="cyan">
         <name>EPwm4RegsFile</name>
         <run_address>0x68c0</run_address>
         <size>0x22</size>
         <contents>
            <object_component_ref idref="oc-a3"/>
         </contents>
      </logical_group>
      <logical_group id="lg-1d" display="no" color="cyan">
         <name>EPwm5RegsFile</name>
         <run_address>0x6900</run_address>
         <size>0x22</size>
         <contents>
            <object_component_ref idref="oc-a0"/>
         </contents>
      </logical_group>
      <logical_group id="lg-1e" display="no" color="cyan">
         <name>EPwm6RegsFile</name>
         <run_address>0x6940</run_address>
         <size>0x22</size>
         <contents>
            <object_component_ref idref="oc-a1"/>
         </contents>
      </logical_group>
      <logical_group id="lg-1f" display="no" color="cyan">
         <name>ECap1RegsFile</name>
         <run_address>0x6a00</run_address>
         <size>0x20</size>
         <contents>
            <object_component_ref idref="oc-97"/>
[...]
      </symbol>
      <symbol id="sm-259">
         <name>_ECanaMOTORegs</name>
         <value>0x60c0</value>
         <object_component_ref idref="oc-a9"/>
      </symbol>
      <symbol id="sm-25a">
         <name>_EPwm3Regs</name>
         <value>0x6880</value>
         <object_component_ref idref="oc-9e"/>
      </symbol>
      <symbol id="sm-25b">
         <name>_ECanbLAMRegs</name>
         <value>0x6240</value>
         <object_component_ref idref="oc-b0"/>
      </symbol>
      <symbol id="sm-25c">
         <name>_I2caRegs</name>
         <value>0x7900</value>
         <object_component_ref idref="oc-9f"/>
      </symbol>
      <symbol id="sm-268">
         <name>_InitPieCtrl</name>
         <value>0x338b4c</value>
         <object_component_ref idref="oc-14e"/>
      </symbol>
      <symbol id="sm-269">
         <name>_EnableInterrupts</name>
         <value>0x338b6b</value>
         <object_component_ref idref="oc-14e"/>
      </symbol>
      <symbol id="sm-279">
         <name>_PieVectTableInit</name>
         <value>0x338c56</value>
         <object_component_ref idref="oc-151"/>
      </symbol>
      <symbol id="sm-27a">
         <name>_InitPieVectTable</name>
         <value>0x338bb9</value>
         <object_component_ref idref="oc-14f"/>
      </symbol>
      <symbol id="sm-286">
         <name>_DSP28x_usDelay</name>
         <value>0x830d</value>
         <object_component_ref idref="oc-c1"/>
      </symbol>
      <symbol id="sm-292">
         <name>_IO_Setup</name>
         <value>0x3386e6</value>
         <object_component_ref idref="oc-149"/>
      </symbol>
      <symbol id="sm-29e">
         <name>_PWM_INIT</name>
         <value>0x338539</value>
         <object_component_ref idref="oc-142"/>
      </symbol>
      <symbol id="sm-29f">
         <name>_PWM_Drive</name>
         <value>0x33863a</value>
         <object_component_ref idref="oc-142"/>
      </symbol>
      <symbol id="sm-2b6">
         <name>_InitPll</name>
         <value>0x3388a2</value>
         <object_component_ref idref="oc-147"/>
      </symbol>
      <symbol id="sm-2b7">
         <name>_DisableDog</name>
         <value>0x33889a</value>
         <object_component_ref idref="oc-147"/>
      </symbol>
      <symbol id="sm-2b8">
         <name>_MemCopy</name>
         <value>0x338947</value>
         <object_component_ref idref="oc-147"/>
      </symbol>
      <symbol id="sm-2b9">
         <name>_InitPeripheralClocks</name>
         <value>0x3388f3</value>
         <object_component_ref idref="oc-147"/>
      </symbol>
      <symbol id="sm-2ba">
         <name>_InitFlash</name>
         <value>0x82f2</value>
         <object_component_ref idref="oc-148"/>
      </symbol>
      <symbol id="sm-2bb">
         <name>_ServiceDog</name>
         <value>0x338890</value>
         <object_component_ref idref="oc-147"/>
      </symbol>
      <symbol id="sm-2bc">
         <name>_InitSysCtrl</name>
         <value>0x33887b</value>
         <object_component_ref idref="oc-147"/>
      </symbol>
      <symbol id="sm-2d2">
         <name>_MainISR</name>
         <value>0x8000</value>
         <object_component_ref idref="oc-d8"/>
      </symbol>
      <symbol id="sm-2d3">
         <name>_main</name>
         <value>0x338316</value>
         <object_component_ref idref="oc-144"/>
      </symbol>
      <symbol id="sm-2d4">
         <name>_B_Task_Ptr</name>
         <value>0xc03c</value>
         <object_component_ref idref="oc-d7"/>
      </symbol>
      <symbol id="sm-2d5">
         <name>_PWM</name>
         <value>0xc054</value>
         <object_component_ref idref="oc-d7"/>
      </symbol>
      <symbol id="sm-2d6">
         <name>_VTimer1</name>
         <value>0xc048</value>
         <object_component_ref idref="oc-d7"/>
      </symbol>
      <symbol id="sm-2d7">
         <name>_VTimer0</name>
         <value>0xc050</value>
         <object_component_ref idref="oc-d7"/>
      </symbol>
      <symbol id="sm-2d8">
         <name>_VTimer2</name>
         <value>0xc04c</value>
         <object_component_ref idref="oc-d7"/>
      </symbol>
      <symbol id="sm-2d9">
         <name>_C_Task_Ptr</name>
         <value>0xc03a</value>
         <object_component_ref idref="oc-d7"/>
      </symbol>
      <symbol id="sm-2da">
         <name>_Irms_J11</name>
         <value>0xc038</value>
         <object_component_ref idref="oc-d7"/>
      </symbol>
      <symbol id="sm-2db">
         <name>_Irms_J13</name>
         <value>0xc03e</value>
         <object_component_ref idref="oc-d7"/>
      </symbol>
      <symbol id="sm-2dc">
         <name>_Irms_J15</name>
         <value>0xc044</value>
         <object_component_ref idref="oc-d7"/>
      </symbol>
      <symbol id="sm-2dd">
         <name>_Irms_J17</name>
         <value>0xc042</value>
         <object_component_ref idref="oc-d7"/>
      </symbol>
      <symbol id="sm-2de">
         <name>_Irms_J19</name>
         <value>0xc012</value>
         <object_component_ref idref="oc-d7"/>
      </symbol>
      <symbol id="sm-2df">
         <name>_pwm1</name>
         <value>0xc040</value>
         <object_component_ref idref="oc-d7"/>
      </symbol>
      <symbol id="sm-2e0">
         <name>_Alpha_State_Ptr</name>
         <value>0xc036</value>
         <object_component_ref idref="oc-d7"/>
      </symbol>
      <symbol id="sm-2e1">
         <name>_Irms_J21</name>
         <value>0xc018</value>
         <object_component_ref idref="oc-d7"/>
      </symbol>
      <symbol id="sm-2e2">
         <name>_C3</name>
         <value>0x338515</value>
         <object_component_ref idref="oc-144"/>
      </symbol>
      <symbol id="sm-2e3">
         <name>_C2</name>
         <value>0x33850f</value>
         <object_component_ref idref="oc-144"/>
      </symbol>
      <symbol id="sm-2e4">
         <name>_C1</name>
         <value>0x338509</value>
         <object_component_ref idref="oc-144"/>
      </symbol>
      <symbol id="sm-2e5">
         <name>_C0</name>
         <value>0x3384e1</value>
         <object_component_ref idref="oc-144"/>
      </symbol>
      <symbol id="sm-2e6">
         <name>_Duty_Leg4</name>
         <value>0xc02e</value>
         <object_component_ref idref="oc-d7"/>
      </symbol>
      <symbol id="sm-2e7">
         <name>_B3</name>
         <value>0x338503</value>
         <object_component_ref idref="oc-144"/>
      </symbol>
      <symbol id="sm-2e8">
         <name>_B2</name>
         <value>0x3384fd</value>
         <object_component_ref idref="oc-144"/>
      </symbol>
      <symbol id="sm-2e9">
         <name>_B1</name>
         <value>0x3384f7</value>
         <object_component_ref idref="oc-144"/>
      </symbol>
      <symbol id="sm-2ea">
         <name>_B0</name>
         <value>0x3384cb</value>
         <object_component_ref idref="oc-144"/>
      </symbol>
      <symbol id="sm-2eb">
         <name>_Vrms_J50</name>
         <value>0xc016</value>
         <object_component_ref idref="oc-d7"/>
      </symbol>
      <symbol id="sm-2ec">
         <name>_Vrms_J53</name>
         <value>0xc014</value>
         <object_component_ref idref="oc-d7"/>
      </symbol>
      <symbol id="sm-2ed">
         <name>_Vrms_J55</name>
         <value>0xc01a</value>
         <object_component_ref idref="oc-d7"/>
      </symbol>
      <symbol id="sm-2ee">
         <name>_Vrms_J56</name>
         <value>0xc010</value>
         <object_component_ref idref="oc-d7"/>
      </symbol>
      <symbol id="sm-2ef">
         <name>_Vrms_J57</name>
         <value>0xc00e</value>
         <object_component_ref idref="oc-d7"/>
      </symbol>
      <symbol id="sm-2f0">
         <name>_Vrms_J44</name>
         <value>0xc000</value>
         <object_component_ref idref="oc-d7"/>
      </symbol>
      <symbol id="sm-2f1">
         <name>_Vrms_J46</name>
         <value>0xc00a</value>
         <object_component_ref idref="oc-d7"/>
      </symbol>
      <symbol id="sm-2f2">
         <name>_Vrms_J48</name>
         <value>0xc004</value>
         <object_component_ref idref="oc-d7"/>
      </symbol>
      <symbol id="sm-2f3">
         <name>_Turn_on_system</name>
         <value>0x33851b</value>
         <object_component_ref idref="oc-144"/>
      </symbol>
      <symbol id="sm-2f4">
         <name>_J57</name>
         <value>0xc026</value>
         <object_component_ref idref="oc-d7"/>
      </symbol>
      <symbol id="sm-2f5">
         <name>_J56</name>
         <value>0xc020</value>
         <object_component_ref idref="oc-d7"/>
      </symbol>
      <symbol id="sm-2f6">
         <name>_J55</name>
         <value>0xc032</value>
         <object_component_ref idref="oc-d7"/>
      </symbol>
      <symbol id="sm-2f7">
         <name>_J53</name>
         <value>0xc030</value>
         <object_component_ref idref="oc-d7"/>
      </symbol>
      <symbol id="sm-2f8">
         <name>_J50</name>
         <value>0xc046</value>
         <object_component_ref idref="oc-d7"/>
      </symbol>
      <symbol id="sm-2f9">
         <name>_J48</name>
         <value>0xc02c</value>
         <object_component_ref idref="oc-d7"/>
      </symbol>
      <symbol id="sm-2fa">
         <name>_J46</name>
         <value>0xc02a</value>
         <object_component_ref idref="oc-d7"/>
      </symbol>
      <symbol id="sm-2fb">
         <name>_J44</name>
         <value>0xc034</value>
         <object_component_ref idref="oc-d7"/>
      </symbol>
      <symbol id="sm-2fc">
         <name>_J21</name>
         <value>0xc01c</value>
         <object_component_ref idref="oc-d7"/>
      </symbol>
      <symbol id="sm-2fd">
         <name>_J19</name>
         <value>0xc01e</value>
         <object_component_ref idref="oc-d7"/>
      </symbol>
      <symbol id="sm-2fe">
         <name>_J17</name>
         <value>0xc028</value>
         <object_component_ref idref="oc-d7"/>
      </symbol>
      <symbol id="sm-2ff">
         <name>_J15</name>
         <value>0xc022</value>
         <object_component_ref idref="oc-d7"/>
      </symbol>
      <symbol id="sm-300">
         <name>_J13</name>
         <value>0xc024</value>
         <object_component_ref idref="oc-d7"/>
      </symbol>
      <symbol id="sm-301">
         <name>_J11</name>
         <value>0xc002</value>
         <object_component_ref idref="oc-d7"/>
      </symbol>
      <symbol id="sm-302">
         <name>_DutyS</name>
         <value>0xc006</value>
         <object_component_ref idref="oc-d7"/>
      </symbol>
      <symbol id="sm-303">
         <name>_DutyR</name>
         <value>0xc00c</value>
         <object_component_ref idref="oc-d7"/>
      </symbol>
      <symbol id="sm-304">
         <name>_DutyT</name>
         <value>0xc008</value>
         <object_component_ref idref="oc-d7"/>
      </symbol>
      <symbol id="sm-305">
         <name>_sine_mainsJ44</name>
         <value>0xc180</value>
         <object_component_ref idref="oc-d7"/>
      </symbol>
      <symbol id="sm-306">
         <name>_sine_mainsJ46</name>
         <value>0xc140</value>
         <object_component_ref idref="oc-d7"/>
      </symbol>
      <symbol id="sm-307">
         <name>_sine_mainsJ48</name>
         <value>0xc200</value>
         <object_component_ref idref="oc-d7"/>
      </symbol>
      <symbol id="sm-308">
         <name>_sine_mainsJ50</name>
         <value>0xc0c0</value>
         <object_component_ref idref="oc-d7"/>
      </symbol>
      <symbol id="sm-309">
         <name>_sine_mainsJ53</name>
         <value>0xc080</value>
         <object_component_ref idref="oc-d7"/>
      </symbol>
      <symbol id="sm-30a">
         <name>_sine_mainsJ55</name>
         <value>0xc1c0</value>
         <object_component_ref idref="oc-d7"/>
      </symbol>
      <symbol id="sm-30b">
         <name>_sine_mainsJ57</name>
         <value>0xc340</value>
         <object_component_ref idref="oc-d7"/>
      </symbol>
      <symbol id="sm-30c">
         <name>_sine_mainsJ56</name>
         <value>0xc100</value>
         <object_component_ref idref="oc-d7"/>
      </symbol>
      <symbol id="sm-30d">
         <name>_sine_mainsJ21</name>
         <value>0xc300</value>
         <object_component_ref idref="oc-d7"/>
      </symbol>
      <symbol id="sm-30e">
         <name>_sine_mainsJ11</name>
         <value>0xc2c0</value>
         <object_component_ref idref="oc-d7"/>
      </symbol>
      <symbol id="sm-30f">
         <name>_sine_mainsJ13</name>
         <value>0xc380</value>
         <object_component_ref idref="oc-d7"/>
      </symbol>
      <symbol id="sm-310">
         <name>_sine_mainsJ15</name>
         <value>0xc240</value>
         <object_component_ref idref="oc-d7"/>
      </symbol>
      <symbol id="sm-311">
         <name>_sine_mainsJ17</name>
         <value>0xc280</value>
         <object_component_ref idref="oc-d7"/>
      </symbol>
      <symbol id="sm-312">
         <name>_sine_mainsJ19</name>
         <value>0xc3c0</value>
         <object_component_ref idref="oc-d7"/>
      </symbol>
      <symbol id="sm-329">
         <name>_SINEANALYZER_DIFF_wPWR_F_init</name>
         <value>0x3389e7</value>
         <object_component_ref idref="oc-14a"/>
      </symbol>
      <symbol id="sm-32a">
         <name>_SINEANALYZER_DIFF_wPWR_F_FUNC</name>
         <value>0x9000</value>
         <object_component_ref idref="oc-141"/>
      </symbol>
      <symbol id="sm-33f">
         <name>_UPS</name>
         <value>0xc3f4</value>
         <object_component_ref idref="oc-e8"/>
      </symbol>
      <symbol id="sm-379">
         <name>_InputRegPtr</name>
         <value>0xc414</value>
         <object_component_ref idref="oc-f9"/>
      </symbol>
      <symbol id="sm-37a">
         <name>_SdataEndIndex</name>
         <value>0xc401</value>
         <object_component_ref idref="oc-f9"/>
      </symbol>
      <symbol id="sm-37b">
         <name>_sciaRxFifoIsr</name>
         <value>0x91e5</value>
         <object_component_ref idref="oc-fb"/>
      </symbol>
      <symbol id="sm-37c">
         <name>_cpu_timer0_isr</name>
         <value>0x338bf7</value>
         <object_component_ref idref="oc-fa"/>
      </symbol>
      <symbol id="sm-37d">
         <name>_time_out_reached</name>
         <value>0xc400</value>
         <object_component_ref idref="oc-f9"/>
      </symbol>
      <symbol id="sm-37e">
         <name>_HoldingRegPtr</name>
         <value>0xc412</value>
         <object_component_ref idref="oc-f9"/>
      </symbol>
      <symbol id="sm-37f">
         <name>_rdata_pointA</name>
         <value>0xc404</value>
         <object_component_ref idref="oc-f9"/>
      </symbol>
      <symbol id="sm-380">
         <name>_sdataA</name>
         <value>0xc440</value>
         <object_component_ref idref="oc-f9"/>
      </symbol>
      <symbol id="sm-381">
         <name>_rdataA</name>
         <value>0xc540</value>
         <object_component_ref idref="oc-f9"/>
      </symbol>
      <symbol id="sm-382">
         <name>_sciaTxFifoIsr</name>
         <value>0x91aa</value>
         <object_component_ref idref="oc-fb"/>
      </symbol>
      <symbol id="sm-383">
         <name>_CoilPtr</name>
         <value>0xc416</value>
         <object_component_ref idref="oc-f9"/>
      </symbol>
      <symbol id="sm-384">
         <name>_sdata_pointA</name>
         <value>0xc406</value>
         <object_component_ref idref="oc-f9"/>
      </symbol>
      <symbol id="sm-38c">
         <name>FS$$DIV</name>
         <value>0x338c29</value>
         <object_component_ref idref="oc-100"/>
      </symbol>
      <symbol id="sm-3a7">
         <name>_c_int00</name>
         <value>0x338a65</value>
         <object_component_ref idref="oc-57"/>
      </symbol>
      <symbol id="sm-3a8">
         <name>__stack</name>
         <value>0x400</value>
         <object_component_ref idref="oc-104"/>
      </symbol>
      <symbol id="sm-3b7">
         <name>__args_main</name>
         <value>0x338c10</value>
         <object_component_ref idref="oc-13f"/>
      </symbol>
      <symbol id="sm-3c3">
         <name>__system_post_cinit</name>
         <value>0x338c55</value>
         <object_component_ref idref="oc-13e"/>
      </symbol>
      <symbol id="sm-3cf">
         <name>__system_pre_init</name>
         <value>0x338c53</value>
         <object_component_ref idref="oc-13c"/>
      </symbol>
      <symbol id="sm-3de">
         <name>_copy_in</name>
         <value>0x338b74</value>
         <object_component_ref idref="oc-13d"/>
      </symbol>
      <symbol id="sm-3e6">
         <name>_cos</name>
         <value>0x338abb</value>
         <object_component_ref idref="oc-11e"/>
      </symbol>
      <symbol id="sm-3ee">
         <name>_FPUcosTableEnd</name>
         <value>0x3ff0de</value>
         <object_component_ref idref="oc-122"/>
      </symbol>
      <symbol id="sm-3ef">
         <name>_FPUatan2TableEnd</name>
         <value>0x3ff268</value>
         <object_component_ref idref="oc-122"/>
      </symbol>
      <symbol id="sm-3f0">
         <name>_FPUatan2Table</name>
         <value>0x3ff0e2</value>
         <object_component_ref idref="oc-122"/>
      </symbol>
      <symbol id="sm-3f1">
         <name>_FPUsinTable</name>
         <value>0x3febdc</value>
         <object_component_ref idref="oc-122"/>
      </symbol>
      <symbol id="sm-3f2">
         <name>_FPUcosTable</name>
         <value>0x3fecdc</value>
         <object_component_ref idref="oc-122"/>
      </symbol>
      <symbol id="sm-3f3">
         <name>_FPUatan2HalfPITable</name>
         <value>0x3ff0de</value>
         <object_component_ref idref="oc-122"/>
      </symbol>
      <symbol id="sm-3f4">
         <name>_FPUsinTableEnd</name>
         <value>0x3fefdc</value>
         <object_component_ref idref="oc-122"/>
      </symbol>
      <symbol id="sm-408">
         <name>C$$EXIT</name>
         <value>0x338b23</value>
         <object_component_ref idref="oc-140"/>
      </symbol>
      <symbol id="sm-409">
         <name>_exit</name>
         <value>0x338b25</value>
         <object_component_ref idref="oc-140"/>
      </symbol>
      <symbol id="sm-40a">
         <name>___TI_cleanup_ptr</name>
         <value>0xc65a</value>
         <object_component_ref idref="oc-125"/>
      </symbol>
      <symbol id="sm-40b">
         <name>___TI_enable_exit_profile_output</name>
         <value>0xc658</value>
         <object_component_ref idref="oc-125"/>
      </symbol>
      <symbol id="sm-40c">
         <name>_abort</name>
         <value>0x338b23</value>
         <object_component_ref idref="oc-140"/>
      </symbol>
      <symbol id="sm-40d">
         <name>___TI_dtors_ptr</name>
         <value>0xc65c</value>
         <object_component_ref idref="oc-125"/>
      </symbol>
      <symbol id="sm-421">
         <name>__unlock</name>
         <value>0xc65e</value>
         <object_component_ref idref="oc-150"/>
      </symbol>
      <symbol id="sm-422">
         <name>__lock</name>
         <value>0xc3fe</value>
         <object_component_ref idref="oc-145"/>
      </symbol>
      <symbol id="sm-423">
         <name>__register_lock</name>
         <value>0x338c46</value>
         <object_component_ref idref="oc-14c"/>
      </symbol>
      <symbol id="sm-424">
         <name>__nop</name>
         <value>0x338c4a</value>
         <object_component_ref idref="oc-14c"/>
      </symbol>
      <symbol id="sm-425">
         <name>__register_unlock</name>
         <value>0x338c42</value>
         <object_component_ref idref="oc-14c"/>
      </symbol>
      <symbol id="sm-436">
         <name>_memcpy</name>
         <value>0x338bd9</value>
         <object_component_ref idref="oc-143"/>
      </symbol>
      <symbol id="sm-43e">
         <name>_sin</name>
         <value>0x338aef</value>
         <object_component_ref idref="oc-134"/>
      </symbol>
      <symbol id="sm-446">
         <name>_sqrt</name>
         <value>0x338b98</value>
         <object_component_ref idref="oc-138"/>
      </symbol>
   </symbol_table>
   <title>Link successful</title>
</link_info>
